Archive member included to satisfy reference by file (symbol)

c:/program files/embitz/1.11/share/em_armgcc/bin/../lib/gcc/arm-none-eabi/5.4.1/armv7e-m/fpu\libgcc.a(_aeabi_uldivmod.o)
                              obj\debug\~#\~#\platform\devices\mcimx6x\startup\system_mcimx6x_m4.o (__aeabi_uldivmod)
c:/program files/embitz/1.11/share/em_armgcc/bin/../lib/gcc/arm-none-eabi/5.4.1/armv7e-m/fpu\libgcc.a(_udivmoddi4.o)
                              c:/program files/embitz/1.11/share/em_armgcc/bin/../lib/gcc/arm-none-eabi/5.4.1/armv7e-m/fpu\libgcc.a(_aeabi_uldivmod.o) (__udivmoddi4)
c:/program files/embitz/1.11/share/em_armgcc/bin/../lib/gcc/arm-none-eabi/5.4.1/armv7e-m/fpu\libgcc.a(_dvmd_tls.o)
                              c:/program files/embitz/1.11/share/em_armgcc/bin/../lib/gcc/arm-none-eabi/5.4.1/armv7e-m/fpu\libgcc.a(_aeabi_uldivmod.o) (__aeabi_ldiv0)
c:/program files/embitz/1.11/share/em_armgcc/bin/../lib/gcc/arm-none-eabi/5.4.1/../../../../arm-none-eabi/lib/armv7e-m/fpu\libg_n.a(lib_a-assert.o)
                              obj\debug\~#\~#\board\udoo_neo\src\board.o (__assert_func)
c:/program files/embitz/1.11/share/em_armgcc/bin/../lib/gcc/arm-none-eabi/5.4.1/../../../../arm-none-eabi/lib/armv7e-m/fpu\libg_n.a(lib_a-exit.o)
                              c:/program files/embitz/1.11/share/em_armgcc/bin/../lib/gcc/arm-none-eabi/5.4.1/../../../../arm-none-eabi/lib/armv7e-m/fpu/crt0.o (exit)
c:/program files/embitz/1.11/share/em_armgcc/bin/../lib/gcc/arm-none-eabi/5.4.1/../../../../arm-none-eabi/lib/armv7e-m/fpu\libg_n.a(lib_a-fprintf.o)
                              c:/program files/embitz/1.11/share/em_armgcc/bin/../lib/gcc/arm-none-eabi/5.4.1/../../../../arm-none-eabi/lib/armv7e-m/fpu\libg_n.a(lib_a-assert.o) (fiprintf)
c:/program files/embitz/1.11/share/em_armgcc/bin/../lib/gcc/arm-none-eabi/5.4.1/../../../../arm-none-eabi/lib/armv7e-m/fpu\libg_n.a(lib_a-impure.o)
                              c:/program files/embitz/1.11/share/em_armgcc/bin/../lib/gcc/arm-none-eabi/5.4.1/../../../../arm-none-eabi/lib/armv7e-m/fpu\libg_n.a(lib_a-exit.o) (_global_impure_ptr)
c:/program files/embitz/1.11/share/em_armgcc/bin/../lib/gcc/arm-none-eabi/5.4.1/../../../../arm-none-eabi/lib/armv7e-m/fpu\libg_n.a(lib_a-init.o)
                              c:/program files/embitz/1.11/share/em_armgcc/bin/../lib/gcc/arm-none-eabi/5.4.1/../../../../arm-none-eabi/lib/armv7e-m/fpu/crt0.o (__libc_init_array)
c:/program files/embitz/1.11/share/em_armgcc/bin/../lib/gcc/arm-none-eabi/5.4.1/../../../../arm-none-eabi/lib/armv7e-m/fpu\libg_n.a(lib_a-malloc.o)
                              obj\debug\~#\~#\services\src\message.o (malloc)
c:/program files/embitz/1.11/share/em_armgcc/bin/../lib/gcc/arm-none-eabi/5.4.1/../../../../arm-none-eabi/lib/armv7e-m/fpu\libg_n.a(lib_a-memset.o)
                              c:/program files/embitz/1.11/share/em_armgcc/bin/../lib/gcc/arm-none-eabi/5.4.1/../../../../arm-none-eabi/lib/armv7e-m/fpu/crt0.o (memset)
c:/program files/embitz/1.11/share/em_armgcc/bin/../lib/gcc/arm-none-eabi/5.4.1/../../../../arm-none-eabi/lib/armv7e-m/fpu\libg_n.a(lib_a-nano-freer.o)
                              c:/program files/embitz/1.11/share/em_armgcc/bin/../lib/gcc/arm-none-eabi/5.4.1/../../../../arm-none-eabi/lib/armv7e-m/fpu\libg_n.a(lib_a-malloc.o) (_free_r)
c:/program files/embitz/1.11/share/em_armgcc/bin/../lib/gcc/arm-none-eabi/5.4.1/../../../../arm-none-eabi/lib/armv7e-m/fpu\libg_n.a(lib_a-nano-mallocr.o)
                              c:/program files/embitz/1.11/share/em_armgcc/bin/../lib/gcc/arm-none-eabi/5.4.1/../../../../arm-none-eabi/lib/armv7e-m/fpu\libg_n.a(lib_a-malloc.o) (_malloc_r)
c:/program files/embitz/1.11/share/em_armgcc/bin/../lib/gcc/arm-none-eabi/5.4.1/../../../../arm-none-eabi/lib/armv7e-m/fpu\libg_n.a(lib_a-nano-vfprintf.o)
                              c:/program files/embitz/1.11/share/em_armgcc/bin/../lib/gcc/arm-none-eabi/5.4.1/../../../../arm-none-eabi/lib/armv7e-m/fpu\libg_n.a(lib_a-fprintf.o) (_vfprintf_r)
c:/program files/embitz/1.11/share/em_armgcc/bin/../lib/gcc/arm-none-eabi/5.4.1/../../../../arm-none-eabi/lib/armv7e-m/fpu\libg_n.a(lib_a-nano-vfprintf_i.o)
                              c:/program files/embitz/1.11/share/em_armgcc/bin/../lib/gcc/arm-none-eabi/5.4.1/../../../../arm-none-eabi/lib/armv7e-m/fpu\libg_n.a(lib_a-nano-vfprintf.o) (_printf_i)
c:/program files/embitz/1.11/share/em_armgcc/bin/../lib/gcc/arm-none-eabi/5.4.1/../../../../arm-none-eabi/lib/armv7e-m/fpu\libg_n.a(lib_a-sbrkr.o)
                              c:/program files/embitz/1.11/share/em_armgcc/bin/../lib/gcc/arm-none-eabi/5.4.1/../../../../arm-none-eabi/lib/armv7e-m/fpu\libg_n.a(lib_a-nano-mallocr.o) (_sbrk_r)
c:/program files/embitz/1.11/share/em_armgcc/bin/../lib/gcc/arm-none-eabi/5.4.1/../../../../arm-none-eabi/lib/armv7e-m/fpu\libg_n.a(lib_a-strlen.o)
                              obj\debug\~#\~#\platform\utilities\src\print_scan.o (strlen)
[...]
Memory Configuration

Name             Origin             Length             Attributes
m_interrupts     0x1fff8000         0x00000300         xr
m_text           0x1fff8300         0x00006000         xr
m_heap           0x1fffe300         0x00001d00         rw
m_data           0x20000000         0x00008000         rw
*default*        0x00000000         0xffffffff

Linker script and memory map

LOAD c:/program files/embitz/1.11/share/em_armgcc/bin/../lib/gcc/arm-none-eabi/5.4.1/armv7e-m/fpu/crti.o
LOAD c:/program files/embitz/1.11/share/em_armgcc/bin/../lib/gcc/arm-none-eabi/5.4.1/armv7e-m/fpu/crtbegin.o
LOAD c:/program files/embitz/1.11/share/em_armgcc/bin/../lib/gcc/arm-none-eabi/5.4.1/../../../../arm-none-eabi/lib/armv7e-m/fpu/crt0.o
                0x00010000                __HEAP_SIZE = 0x10000
                0x00000400                __STACK_SIZE = 0x400
                0x00001000                HEAP_SIZE = DEFINED (__heap_size__)?__heap_size__:0x1000
                0x00002000                STACK_SIZE = DEFINED (__stack_size__)?__stack_size__:0x2000

.interrupts     0x1fff8000      0x240
                0x1fff8000                __VECTOR_TABLE = .
                0x1fff8000                . = ALIGN (0x4)
 *(.isr_vector)
 .isr_vector    0x1fff8000      0x240 obj\debug\~#\~#\os\config\src\cortexm4\os_internal_arch_cfg.o
                0x1fff8000                g_pfnVectors
                0x1fff8240                . = ALIGN (0x4)

.text           0x1fff8300     0x43a0
                0x1fff8300                . = ALIGN (0x4)
 *(.text)
 .text          0x1fff8300       0x5c c:/program files/embitz/1.11/share/em_armgcc/bin/../lib/gcc/arm-none-eabi/5.4.1/armv7e-m/fpu/crtbegin.o
 .text          0x1fff835c       0x74 c:/program files/embitz/1.11/share/em_armgcc/bin/../lib/gcc/arm-none-eabi/5.4.1/../../../../arm-none-eabi/lib/armv7e-m/fpu/crt0.o
                0x1fff835c                _start
                0x1fff835c                _mainCRTStartup
 .text          0x1fff83d0       0x38 obj\debug\~#\~#\os\config\src\cortexm4\os_internal_arch_cfg.o
                0x1fff83d0                NMI_Handler
                0x1fff83d8                HardFault_Handler
                0x1fff83e0                MemManage_Handler
                0x1fff83e8                BusFault_Handler
                0x1fff83f0                UsageFault_Handler
                0x1fff83f8                SVC_Handler
                0x1fff8400                DebugMon_Handler
 .text          0x1fff8408       0x7c obj\debug\~#\~#\os\osek\src\cortexm4\pendsv.o
                0x1fff8408                PendSV_Handler
 .text          0x1fff8484       0x58 obj\debug\~#\~#\platform\devices\mcimx6x\startup\gcc\startup_mcimx6x_m4.o
                0x1fff8484                Reset_Handler
 .text          0x1fff84dc       0x10 c:/program files/embitz/1.11/share/em_armgcc/bin/../lib/gcc/arm-none-eabi/5.4.1/../../../../arm-none-eabi/lib/armv7e-m/fpu\libg_n.a(lib_a-strlen.o)
                0x1fff84dc                strlen
 *fill*         0x1fff84ec        0x4 
 .text          0x1fff84f0       0xa0 c:/program files/embitz/1.11/share/em_armgcc/bin/../lib/gcc/arm-none-eabi/5.4.1/../../../../arm-none-eabi/lib/armv7e-m/fpu\libg_n.a(lib_a-memchr.o)
                0x1fff84f0                memchr
 *(.text*)
 .text.hardware_init
                0x1fff8590       0x14 obj\debug\hardware_init.o
                0x1fff8590                hardware_init
 .text.Init_GPIO_LED
                0x1fff85a4       0x30 obj\debug\main.o
                0x1fff85a4                Init_GPIO_LED
 .text.main     0x1fff85d4       0x38 obj\debug\main.o
                0x1fff85d4                main
 .text.ErrorHook
                0x1fff860c       0x18 obj\debug\main.o
                0x1fff860c                ErrorHook
 .text.OSEK_TASK_TaskInit
                0x1fff8624       0x58 obj\debug\main.o
                0x1fff8624                OSEK_TASK_TaskInit
 .text.OSEK_TASK_TaskBlink
                0x1fff867c       0x70 obj\debug\main.o
                0x1fff867c                OSEK_TASK_TaskBlink
 .text.OSEK_TASK_TaskPeriodic
                0x1fff86ec       0x20 obj\debug\main.o
                0x1fff86ec                OSEK_TASK_TaskPeriodic
 .text.OSEK_TASK_TaskBackground
                0x1fff870c       0x38 obj\debug\main.o
                0x1fff870c                OSEK_TASK_TaskBackground
 .text.OSEK_CALLBACK_AppCallback
                0x1fff8744       0x14 obj\debug\main.o
                0x1fff8744                OSEK_CALLBACK_AppCallback
 .text.RDC_SetDomainID
                0x1fff8758       0x58 obj\debug\~#\~#\board\udoo_neo\src\board.o
 .text.RDC_SetPdapAccess
                0x1fff87b0       0x54 obj\debug\~#\~#\board\udoo_neo\src\board.o
 .text.CCM_SetRootMux
                0x1fff8804       0x60 obj\debug\~#\~#\board\udoo_neo\src\board.o
 .text.CCM_SetRootDivider
                0x1fff8864       0x60 obj\debug\~#\~#\board\udoo_neo\src\board.o
 .text.CCM_ControlGate
                0x1fff88c4       0x60 obj\debug\~#\~#\board\udoo_neo\src\board.o
 .text.WDOG_DisablePowerdown
                0x1fff8924       0x24 obj\debug\~#\~#\board\udoo_neo\src\board.o
 .text.BOARD_ClockInit
                0x1fff8948       0x50 obj\debug\~#\~#\board\udoo_neo\src\board.o
                0x1fff8948                BOARD_ClockInit
 .text.dbg_uart_init
                0x1fff8998       0x78 obj\debug\~#\~#\board\udoo_neo\src\board.o
                0x1fff8998                dbg_uart_init
 .text.BOARD_RdcInit
                0x1fff8a10       0x18 obj\debug\~#\~#\board\udoo_neo\src\board.o
                0x1fff8a10                BOARD_RdcInit
 .text.configure_gpio_pin
                0x1fff8a28       0x44 obj\debug\~#\~#\board\udoo_neo\src\gpio_pins.o
                0x1fff8a28                configure_gpio_pin
 .text.configure_uart_pins
                0x1fff8a6c       0x84 obj\debug\~#\~#\board\udoo_neo\src\pin_mux.o
                0x1fff8a6c                configure_uart_pins
 .text.Enable_User_ISRs
                0x1fff8af0       0x10 obj\debug\~#\~#\os\config\src\cortexm4\os_internal_arch_cfg.o
                0x1fff8af0                Enable_User_ISRs
 .text.ActivateTask
                0x1fff8b00      0x1e8 obj\debug\~#\~#\os\osek\src\activatetask.o
                0x1fff8b00                ActivateTask
 .text.ClearEvent
                0x1fff8ce8      0x120 obj\debug\~#\~#\os\osek\src\clearevent.o
                0x1fff8ce8                ClearEvent
 .text.ReturnHook_Arch
                0x1fff8e08        0x8 obj\debug\~#\~#\os\osek\src\cortexm4\os_internal_arch.o
                0x1fff8e08                ReturnHook_Arch
 .text.CheckTerminatingTask_Arch
                0x1fff8e10       0x24 obj\debug\~#\~#\os\osek\src\cortexm4\os_internal_arch.o
                0x1fff8e10                CheckTerminatingTask_Arch
 .text.InitStack_Arch
                0x1fff8e34       0xc8 obj\debug\~#\~#\os\osek\src\cortexm4\os_internal_arch.o
                0x1fff8e34                InitStack_Arch
 .text.SysTick_Handler
                0x1fff8efc       0xa4 obj\debug\~#\~#\os\osek\src\cortexm4\os_internal_arch.o
                0x1fff8efc                SysTick_Handler
 .text.StartOs_Arch_Cpu
                0x1fff8fa0       0x10 obj\debug\~#\~#\os\osek\src\cortexm4\startos_arch.o
                0x1fff8fa0                StartOs_Arch_Cpu
 .text.StartOs_Arch
                0x1fff8fb0       0x30 obj\debug\~#\~#\os\osek\src\cortexm4\startos_arch.o
                0x1fff8fb0                StartOs_Arch
 .text.NVIC_SetPriority
                0x1fff8fe0       0x54 obj\debug\~#\~#\os\osek\src\cortexm4\startos_arch_systick.o
 .text.SysTick_Config
                0x1fff9034       0x44 obj\debug\~#\~#\os\osek\src\cortexm4\startos_arch_systick.o
 .text.StartOs_Arch_SysTick
                0x1fff9078       0x48 obj\debug\~#\~#\os\osek\src\cortexm4\startos_arch_systick.o
                0x1fff9078                StartOs_Arch_SysTick
 .text.AddReady
                0x1fff90c0       0xb4 obj\debug\~#\~#\os\osek\src\os_internal.o
                0x1fff90c0                AddReady
 .text.RemoveTask
                0x1fff9174       0x98 obj\debug\~#\~#\os\osek\src\os_internal.o
                0x1fff9174                RemoveTask
 .text.GetNextTask
                0x1fff920c       0x6c obj\debug\~#\~#\os\osek\src\os_internal.o
                0x1fff920c                GetNextTask
 .text.OSEK_ISR_NoHandler
                0x1fff9278        0x8 obj\debug\~#\~#\os\osek\src\os_internal.o
                0x1fff9278                OSEK_ISR_NoHandler
 .text.IncrementAlarm
                0x1fff9280      0x244 obj\debug\~#\~#\os\osek\src\os_internal.o
                0x1fff9280                IncrementAlarm
 .text.IncrementCounter
                0x1fff94c4       0xec obj\debug\~#\~#\os\osek\src\os_internal.o
                0x1fff94c4                IncrementCounter
 .text.Schedule
                0x1fff95b0      0x2d8 obj\debug\~#\~#\os\osek\src\schedule.o
                0x1fff95b0                Schedule
 .text.SetEvent
                0x1fff9888      0x278 obj\debug\~#\~#\os\osek\src\setevent.o
                0x1fff9888                SetEvent
 .text.SetRelAlarm
                0x1fff9b00      0x19c obj\debug\~#\~#\os\osek\src\setrelalarm.o
                0x1fff9b00                SetRelAlarm
 .text.ShutdownOS
                0x1fff9c9c        0xc obj\debug\~#\~#\os\osek\src\shutdownos.o
                0x1fff9c9c                ShutdownOS
 .text.StartOS  0x1fff9ca8       0xcc obj\debug\~#\~#\os\osek\src\startos.o
                0x1fff9ca8                StartOS
 .text.TerminateTask
                0x1fff9d74      0x144 obj\debug\~#\~#\os\osek\src\terminatetask.o
                0x1fff9d74                TerminateTask
 .text.WaitEvent
                0x1fff9eb8      0x240 obj\debug\~#\~#\os\osek\src\waitevent.o
                0x1fff9eb8                WaitEvent
 .text.SystemInit
                0x1fffa0f8       0x90 obj\debug\~#\~#\platform\devices\mcimx6x\startup\system_mcimx6x_m4.o
                0x1fffa0f8                SystemInit
 .text.GPIO_Init
                0x1fffa188      0x10c obj\debug\~#\~#\platform\drivers\src\gpio_imx.o
                0x1fffa188                GPIO_Init
 .text.GPIO_WritePinOutput
                0x1fffa294       0x64 obj\debug\~#\~#\platform\drivers\src\gpio_imx.o
                0x1fffa294                GPIO_WritePinOutput
 .text.UART_Init
                0x1fffa2f8       0x90 obj\debug\~#\~#\platform\drivers\src\uart_imx.o
                0x1fffa2f8                UART_Init
 .text.UART_Deinit
                0x1fffa388       0x9c obj\debug\~#\~#\platform\drivers\src\uart_imx.o
                0x1fffa388                UART_Deinit
 .text.UART_SetBaudRate
                0x1fffa424      0x1a0 obj\debug\~#\~#\platform\drivers\src\uart_imx.o
                0x1fffa424                UART_SetBaudRate
 .text.UART_GetStatusFlag
                0x1fffa5c4       0x40 obj\debug\~#\~#\platform\drivers\src\uart_imx.o
                0x1fffa5c4                UART_GetStatusFlag
 .text.UART_Enable
                0x1fffa604       0x24 obj\debug\~#\~#\platform\utilities\src\debug_console_imx.o
 .text.UART_Putchar
                0x1fffa628       0x20 obj\debug\~#\~#\platform\utilities\src\debug_console_imx.o
 .text.UART_Getchar
                0x1fffa648       0x1c obj\debug\~#\~#\platform\utilities\src\debug_console_imx.o
 .text.DbgConsole_Init
                0x1fffa664       0x78 obj\debug\~#\~#\platform\utilities\src\debug_console_imx.o
                0x1fffa664                DbgConsole_Init
 .text._write   0x1fffa6dc       0x5c obj\debug\~#\~#\platform\utilities\src\debug_console_imx.o
                0x1fffa6dc                _write
 .text._read    0x1fffa738       0x48 obj\debug\~#\~#\platform\utilities\src\debug_console_imx.o
                0x1fffa738                _read
 .text.debug_printf
                0x1fffa780       0x50 obj\debug\~#\~#\platform\utilities\src\debug_console_imx.o
                0x1fffa780                debug_printf
 .text.debug_putc
                0x1fffa7d0       0x44 obj\debug\~#\~#\platform\utilities\src\debug_console_imx.o
 .text.UART_SendDataPolling
                0x1fffa814       0x4c obj\debug\~#\~#\platform\utilities\src\debug_console_imx.o
 .text.UART_ReceiveDataPolling
                0x1fffa860       0x4c obj\debug\~#\~#\platform\utilities\src\debug_console_imx.o
 .text._doprint
                0x1fffa8ac      0x740 obj\debug\~#\~#\platform\utilities\src\print_scan.o
                0x1fffa8ac                _doprint
 .text.mknumstr
                0x1fffafec      0x10c obj\debug\~#\~#\platform\utilities\src\print_scan.o
 .text.fput_pad
                0x1fffb0f8       0x40 obj\debug\~#\~#\platform\utilities\src\print_scan.o
 .text.__assert_func
                0x1fffb138       0x3c c:/program files/embitz/1.11/share/em_armgcc/bin/../lib/gcc/arm-none-eabi/5.4.1/../../../../arm-none-eabi/lib/armv7e-m/fpu\libg_n.a(lib_a-assert.o)
                0x1fffb138                __assert_func
 .text.exit     0x1fffb174       0x28 c:/program files/embitz/1.11/share/em_armgcc/bin/../lib/gcc/arm-none-eabi/5.4.1/../../../../arm-none-eabi/lib/armv7e-m/fpu\libg_n.a(lib_a-exit.o)
                0x1fffb174                exit
 .text.fprintf  0x1fffb19c       0x24 c:/program files/embitz/1.11/share/em_armgcc/bin/../lib/gcc/arm-none-eabi/5.4.1/../../../../arm-none-eabi/lib/armv7e-m/fpu\libg_n.a(lib_a-fprintf.o)
                0x1fffb19c                fiprintf
                0x1fffb19c                fprintf
 .text.__libc_init_array
                0x1fffb1c0       0x4c c:/program files/embitz/1.11/share/em_armgcc/bin/../lib/gcc/arm-none-eabi/5.4.1/../../../../arm-none-eabi/lib/armv7e-m/fpu\libg_n.a(lib_a-init.o)
                0x1fffb1c0                __libc_init_array
 .text.memset   0x1fffb20c       0x10 c:/program files/embitz/1.11/share/em_armgcc/bin/../lib/gcc/arm-none-eabi/5.4.1/../../../../arm-none-eabi/lib/armv7e-m/fpu\libg_n.a(lib_a-memset.o)
                0x1fffb20c                memset
 .text._free_r  0x1fffb21c       0x9c c:/program files/embitz/1.11/share/em_armgcc/bin/../lib/gcc/arm-none-eabi/5.4.1/../../../../arm-none-eabi/lib/armv7e-m/fpu\libg_n.a(lib_a-nano-freer.o)
                0x1fffb21c                _free_r
 .text._malloc_r
                0x1fffb2b8       0xbc c:/program files/embitz/1.11/share/em_armgcc/bin/../lib/gcc/arm-none-eabi/5.4.1/../../../../arm-none-eabi/lib/armv7e-m/fpu\libg_n.a(lib_a-nano-mallocr.o)
                0x1fffb2b8                _malloc_r
 .text.__sfputc_r
                0x1fffb374       0x30 c:/program files/embitz/1.11/share/em_armgcc/bin/../lib/gcc/arm-none-eabi/5.4.1/../../../../arm-none-eabi/lib/armv7e-m/fpu\libg_n.a(lib_a-nano-vfprintf.o)
 .text.__sfputs_r
                0x1fffb3a4       0x24 c:/program files/embitz/1.11/share/em_armgcc/bin/../lib/gcc/arm-none-eabi/5.4.1/../../../../arm-none-eabi/lib/armv7e-m/fpu\libg_n.a(lib_a-nano-vfprintf.o)
                0x1fffb3a4                __sfputs_r
 .text._vfprintf_r
                0x1fffb3c8      0x238 c:/program files/embitz/1.11/share/em_armgcc/bin/../lib/gcc/arm-none-eabi/5.4.1/../../../../arm-none-eabi/lib/armv7e-m/fpu\libg_n.a(lib_a-nano-vfprintf.o)
                0x1fffb3c8                _vfprintf_r
                0x1fffb3c8                _vfiprintf_r
 .text._printf_common
                0x1fffb600       0xec c:/program files/embitz/1.11/share/em_armgcc/bin/../lib/gcc/arm-none-eabi/5.4.1/../../../../arm-none-eabi/lib/armv7e-m/fpu\libg_n.a(lib_a-nano-vfprintf_i.o)
                0x1fffb600                _printf_common
 .text._printf_i
                0x1fffb6ec      0x24c c:/program files/embitz/1.11/share/em_armgcc/bin/../lib/gcc/arm-none-eabi/5.4.1/../../../../arm-none-eabi/lib/armv7e-m/fpu\libg_n.a(lib_a-nano-vfprintf_i.o)
                0x1fffb6ec                _printf_i
 .text._sbrk_r  0x1fffb938       0x20 c:/program files/embitz/1.11/share/em_armgcc/bin/../lib/gcc/arm-none-eabi/5.4.1/../../../../arm-none-eabi/lib/armv7e-m/fpu\libg_n.a(lib_a-sbrkr.o)
                0x1fffb938                _sbrk_r
 .text.__swbuf_r
                0x1fffb958       0xa8 c:/program files/embitz/1.11/share/em_armgcc/bin/../lib/gcc/arm-none-eabi/5.4.1/../../../../arm-none-eabi/lib/armv7e-m/fpu\libg_n.a(lib_a-wbuf.o)
                0x1fffb958                __swbuf_r
 .text.__swsetup_r
                0x1fffba00       0xdc c:/program files/embitz/1.11/share/em_armgcc/bin/../lib/gcc/arm-none-eabi/5.4.1/../../../../arm-none-eabi/lib/armv7e-m/fpu\libg_n.a(lib_a-wsetup.o)
                0x1fffba00                __swsetup_r
 .text.abort    0x1fffbadc        0xe c:/program files/embitz/1.11/share/em_armgcc/bin/../lib/gcc/arm-none-eabi/5.4.1/../../../../arm-none-eabi/lib/armv7e-m/fpu\libg_n.a(lib_a-abort.o)
                0x1fffbadc                abort
 *fill*         0x1fffbaea        0x2 
 .text.__sflush_r
                0x1fffbaec      0x110 c:/program files/embitz/1.11/share/em_armgcc/bin/../lib/gcc/arm-none-eabi/5.4.1/../../../../arm-none-eabi/lib/armv7e-m/fpu\libg_n.a(lib_a-fflush.o)
                0x1fffbaec                __sflush_r
 .text._fflush_r
                0x1fffbbfc       0x54 c:/program files/embitz/1.11/share/em_armgcc/bin/../lib/gcc/arm-none-eabi/5.4.1/../../../../arm-none-eabi/lib/armv7e-m/fpu\libg_n.a(lib_a-fflush.o)
                0x1fffbbfc                _fflush_r
 .text._cleanup_r
                0x1fffbc50        0xc c:/program files/embitz/1.11/share/em_armgcc/bin/../lib/gcc/arm-none-eabi/5.4.1/../../../../arm-none-eabi/lib/armv7e-m/fpu\libg_n.a(lib_a-findfp.o)
                0x1fffbc50                _cleanup_r
 .text.std.isra.0
                0x1fffbc5c       0x48 c:/program files/embitz/1.11/share/em_armgcc/bin/../lib/gcc/arm-none-eabi/5.4.1/../../../../arm-none-eabi/lib/armv7e-m/fpu\libg_n.a(lib_a-findfp.o)
 .text.__sfmoreglue
                0x1fffbca4       0x2c c:/program files/embitz/1.11/share/em_armgcc/bin/../lib/gcc/arm-none-eabi/5.4.1/../../../../arm-none-eabi/lib/armv7e-m/fpu\libg_n.a(lib_a-findfp.o)
                0x1fffbca4                __sfmoreglue
 .text.__sinit  0x1fffbcd0       0x60 c:/program files/embitz/1.11/share/em_armgcc/bin/../lib/gcc/arm-none-eabi/5.4.1/../../../../arm-none-eabi/lib/armv7e-m/fpu\libg_n.a(lib_a-findfp.o)
                0x1fffbcd0                __sinit
 .text.__sfp    0x1fffbd30       0x78 c:/program files/embitz/1.11/share/em_armgcc/bin/../lib/gcc/arm-none-eabi/5.4.1/../../../../arm-none-eabi/lib/armv7e-m/fpu\libg_n.a(lib_a-findfp.o)
                0x1fffbd30                __sfp
 .text._fwalk_reent
                0x1fffbda8       0x3c c:/program files/embitz/1.11/share/em_armgcc/bin/../lib/gcc/arm-none-eabi/5.4.1/../../../../arm-none-eabi/lib/armv7e-m/fpu\libg_n.a(lib_a-fwalk.o)
                0x1fffbda8                _fwalk_reent
 .text.__swhatbuf_r
                0x1fffbde4       0x46 c:/program files/embitz/1.11/share/em_armgcc/bin/../lib/gcc/arm-none-eabi/5.4.1/../../../../arm-none-eabi/lib/armv7e-m/fpu\libg_n.a(lib_a-makebuf.o)
                0x1fffbde4                __swhatbuf_r
 *fill*         0x1fffbe2a        0x2 
 .text.__smakebuf_r
                0x1fffbe2c       0x78 c:/program files/embitz/1.11/share/em_armgcc/bin/../lib/gcc/arm-none-eabi/5.4.1/../../../../arm-none-eabi/lib/armv7e-m/fpu\libg_n.a(lib_a-makebuf.o)
                0x1fffbe2c                __smakebuf_r
 .text.__malloc_lock
                0x1fffbea4        0x2 c:/program files/embitz/1.11/share/em_armgcc/bin/../lib/gcc/arm-none-eabi/5.4.1/../../../../arm-none-eabi/lib/armv7e-m/fpu\libg_n.a(lib_a-mlock.o)
                0x1fffbea4                __malloc_lock
 .text.__malloc_unlock
                0x1fffbea6        0x2 c:/program files/embitz/1.11/share/em_armgcc/bin/../lib/gcc/arm-none-eabi/5.4.1/../../../../arm-none-eabi/lib/armv7e-m/fpu\libg_n.a(lib_a-mlock.o)
                0x1fffbea6                __malloc_unlock
 .text._raise_r
                0x1fffbea8       0x54 c:/program files/embitz/1.11/share/em_armgcc/bin/../lib/gcc/arm-none-eabi/5.4.1/../../../../arm-none-eabi/lib/armv7e-m/fpu\libg_n.a(lib_a-signal.o)
                0x1fffbea8                _raise_r
 .text.raise    0x1fffbefc       0x10 c:/program files/embitz/1.11/share/em_armgcc/bin/../lib/gcc/arm-none-eabi/5.4.1/../../../../arm-none-eabi/lib/armv7e-m/fpu\libg_n.a(lib_a-signal.o)
                0x1fffbefc                raise
 .text._kill_r  0x1fffbf0c       0x24 c:/program files/embitz/1.11/share/em_armgcc/bin/../lib/gcc/arm-none-eabi/5.4.1/../../../../arm-none-eabi/lib/armv7e-m/fpu\libg_n.a(lib_a-signalr.o)
                0x1fffbf0c                _kill_r
 .text._getpid_r
                0x1fffbf30        0x4 c:/program files/embitz/1.11/share/em_armgcc/bin/../lib/gcc/arm-none-eabi/5.4.1/../../../../arm-none-eabi/lib/armv7e-m/fpu\libg_n.a(lib_a-signalr.o)
                0x1fffbf30                _getpid_r
 .text.__sread  0x1fffbf34       0x22 c:/program files/embitz/1.11/share/em_armgcc/bin/../lib/gcc/arm-none-eabi/5.4.1/../../../../arm-none-eabi/lib/armv7e-m/fpu\libg_n.a(lib_a-stdio.o)
                0x1fffbf34                __sread
 .text.__swrite
                0x1fffbf56       0x38 c:/program files/embitz/1.11/share/em_armgcc/bin/../lib/gcc/arm-none-eabi/5.4.1/../../../../arm-none-eabi/lib/armv7e-m/fpu\libg_n.a(lib_a-stdio.o)
                0x1fffbf56                __swrite
 .text.__sseek  0x1fffbf8e       0x24 c:/program files/embitz/1.11/share/em_armgcc/bin/../lib/gcc/arm-none-eabi/5.4.1/../../../../arm-none-eabi/lib/armv7e-m/fpu\libg_n.a(lib_a-stdio.o)
                0x1fffbf8e                __sseek
 .text.__sclose
                0x1fffbfb2        0x8 c:/program files/embitz/1.11/share/em_armgcc/bin/../lib/gcc/arm-none-eabi/5.4.1/../../../../arm-none-eabi/lib/armv7e-m/fpu\libg_n.a(lib_a-stdio.o)
                0x1fffbfb2                __sclose
 *fill*         0x1fffbfba        0x2 
 .text._write_r
                0x1fffbfbc       0x24 c:/program files/embitz/1.11/share/em_armgcc/bin/../lib/gcc/arm-none-eabi/5.4.1/../../../../arm-none-eabi/lib/armv7e-m/fpu\libg_n.a(lib_a-writer.o)
                0x1fffbfbc                _write_r
 .text._close_r
                0x1fffbfe0       0x20 c:/program files/embitz/1.11/share/em_armgcc/bin/../lib/gcc/arm-none-eabi/5.4.1/../../../../arm-none-eabi/lib/armv7e-m/fpu\libg_n.a(lib_a-closer.o)
                0x1fffbfe0                _close_r
 .text._fstat_r
                0x1fffc000       0x24 c:/program files/embitz/1.11/share/em_armgcc/bin/../lib/gcc/arm-none-eabi/5.4.1/../../../../arm-none-eabi/lib/armv7e-m/fpu\libg_n.a(lib_a-fstatr.o)
                0x1fffc000                _fstat_r
 .text._isatty_r
                0x1fffc024       0x20 c:/program files/embitz/1.11/share/em_armgcc/bin/../lib/gcc/arm-none-eabi/5.4.1/../../../../arm-none-eabi/lib/armv7e-m/fpu\libg_n.a(lib_a-isattyr.o)
                0x1fffc024                _isatty_r
 .text._lseek_r
                0x1fffc044       0x24 c:/program files/embitz/1.11/share/em_armgcc/bin/../lib/gcc/arm-none-eabi/5.4.1/../../../../arm-none-eabi/lib/armv7e-m/fpu\libg_n.a(lib_a-lseekr.o)
                0x1fffc044                _lseek_r
 .text._read_r  0x1fffc068       0x24 c:/program files/embitz/1.11/share/em_armgcc/bin/../lib/gcc/arm-none-eabi/5.4.1/../../../../arm-none-eabi/lib/armv7e-m/fpu\libg_n.a(lib_a-readr.o)
                0x1fffc068                _read_r
 .text._close   0x1fffc08c       0x10 c:/program files/embitz/1.11/share/em_armgcc/bin/../lib/gcc/arm-none-eabi/5.4.1/../../../../arm-none-eabi/lib/armv7e-m/fpu\libnosys_s.a(close.o)
                0x1fffc08c                _close
 .text._fstat   0x1fffc09c       0x10 c:/program files/embitz/1.11/share/em_armgcc/bin/../lib/gcc/arm-none-eabi/5.4.1/../../../../arm-none-eabi/lib/armv7e-m/fpu\libnosys_s.a(fstat.o)
                0x1fffc09c                _fstat
 .text._getpid  0x1fffc0ac       0x10 c:/program files/embitz/1.11/share/em_armgcc/bin/../lib/gcc/arm-none-eabi/5.4.1/../../../../arm-none-eabi/lib/armv7e-m/fpu\libnosys_s.a(getpid.o)
                0x1fffc0ac                _getpid
 .text._isatty  0x1fffc0bc       0x10 c:/program files/embitz/1.11/share/em_armgcc/bin/../lib/gcc/arm-none-eabi/5.4.1/../../../../arm-none-eabi/lib/armv7e-m/fpu\libnosys_s.a(isatty.o)
                0x1fffc0bc                _isatty
 .text._kill    0x1fffc0cc       0x10 c:/program files/embitz/1.11/share/em_armgcc/bin/../lib/gcc/arm-none-eabi/5.4.1/../../../../arm-none-eabi/lib/armv7e-m/fpu\libnosys_s.a(kill.o)
                0x1fffc0cc                _kill
 .text._lseek   0x1fffc0dc       0x10 c:/program files/embitz/1.11/share/em_armgcc/bin/../lib/gcc/arm-none-eabi/5.4.1/../../../../arm-none-eabi/lib/armv7e-m/fpu\libnosys_s.a(lseek.o)
                0x1fffc0dc                _lseek
 .text._sbrk    0x1fffc0ec       0x1c c:/program files/embitz/1.11/share/em_armgcc/bin/../lib/gcc/arm-none-eabi/5.4.1/../../../../arm-none-eabi/lib/armv7e-m/fpu\libnosys_s.a(sbrk.o)
                0x1fffc0ec                _sbrk
 .text._exit    0x1fffc108        0x2 c:/program files/embitz/1.11/share/em_armgcc/bin/../lib/gcc/arm-none-eabi/5.4.1/../../../../arm-none-eabi/lib/armv7e-m/fpu\libnosys_s.a(_exit.o)
                0x1fffc108                _exit
 *(.rodata)
 *fill*         0x1fffc10a        0x2 
 .rodata        0x1fffc10c      0x187 obj\debug\main.o
 *fill*         0x1fffc293        0x1 
 .rodata        0x1fffc294       0x46 obj\debug\~#\~#\board\udoo_neo\src\board.o
 *fill*         0x1fffc2da        0x2 
 .rodata        0x1fffc2dc       0x58 obj\debug\~#\~#\board\udoo_neo\src\gpio_pins.o
 .rodata        0x1fffc334       0x35 obj\debug\~#\~#\platform\drivers\src\gpio_imx.o
 *fill*         0x1fffc369        0x3 
 .rodata        0x1fffc36c      0x12e obj\debug\~#\~#\platform\drivers\src\uart_imx.o
 *(.rodata*)
 *fill*         0x1fffc49a        0x2 
 .rodata.__func__.8971
                0x1fffc49c       0x10 obj\debug\~#\~#\board\udoo_neo\src\board.o
 .rodata.__func__.7996
                0x1fffc4ac       0x13 obj\debug\~#\~#\board\udoo_neo\src\gpio_pins.o
 *fill*         0x1fffc4bf        0x1 
 .rodata.OSEK_ALARMLIST_HardwareCounter
                0x1fffc4c0        0x2 obj\debug\~#\~#\os\config\src\os_internal_cfg.o
                0x1fffc4c0                OSEK_ALARMLIST_HardwareCounter
 *fill*         0x1fffc4c2        0x2 
 .rodata.TasksConst
                0x1fffc4c4       0x70 obj\debug\~#\~#\os\config\src\os_internal_cfg.o
                0x1fffc4c4                TasksConst
 .rodata.TasksAppModeAppMode1
                0x1fffc534        0x1 obj\debug\~#\~#\os\config\src\os_internal_cfg.o
                0x1fffc534                TasksAppModeAppMode1
 *fill*         0x1fffc535        0x3 
 .rodata.AutoStart
                0x1fffc538        0x8 obj\debug\~#\~#\os\config\src\os_internal_cfg.o
                0x1fffc538                AutoStart
 .rodata.ReadyConst
                0x1fffc540       0x18 obj\debug\~#\~#\os\config\src\os_internal_cfg.o
                0x1fffc540                ReadyConst
 .rodata.AlarmsConst
                0x1fffc558       0x28 obj\debug\~#\~#\os\config\src\os_internal_cfg.o
                0x1fffc558                AlarmsConst
 .rodata.CountersConst
                0x1fffc580       0x14 obj\debug\~#\~#\os\config\src\os_internal_cfg.o
                0x1fffc580                CountersConst
 .rodata.__func__.8063
                0x1fffc594       0x14 obj\debug\~#\~#\platform\drivers\src\gpio_imx.o
 .rodata.__func__.8234
                0x1fffc5a8        0xa obj\debug\~#\~#\platform\drivers\src\uart_imx.o
 .rodata.str1.1
                0x1fffc5b2       0x3c c:/program files/embitz/1.11/share/em_armgcc/bin/../lib/gcc/arm-none-eabi/5.4.1/../../../../arm-none-eabi/lib/armv7e-m/fpu\libg_n.a(lib_a-assert.o)
                                 0x3d (size before relaxing)
 .rodata.str1.1
                0x1fffc5ee        0x2 c:/program files/embitz/1.11/share/em_armgcc/bin/../lib/gcc/arm-none-eabi/5.4.1/../../../../arm-none-eabi/lib/armv7e-m/fpu\libg_n.a(lib_a-impure.o)
 .rodata._global_impure_ptr
                0x1fffc5f0        0x4 c:/program files/embitz/1.11/share/em_armgcc/bin/../lib/gcc/arm-none-eabi/5.4.1/../../../../arm-none-eabi/lib/armv7e-m/fpu\libg_n.a(lib_a-impure.o)
                0x1fffc5f0                _global_impure_ptr
 .rodata.str1.1
                0x1fffc5f4       0x11 c:/program files/embitz/1.11/share/em_armgcc/bin/../lib/gcc/arm-none-eabi/5.4.1/../../../../arm-none-eabi/lib/armv7e-m/fpu\libg_n.a(lib_a-nano-vfprintf.o)
 .rodata.str1.1
                0x1fffc605       0x22 c:/program files/embitz/1.11/share/em_armgcc/bin/../lib/gcc/arm-none-eabi/5.4.1/../../../../arm-none-eabi/lib/armv7e-m/fpu\libg_n.a(lib_a-nano-vfprintf_i.o)
 *fill*         0x1fffc627        0x1 
 .rodata.__sf_fake_stdin
                0x1fffc628       0x20 c:/program files/embitz/1.11/share/em_armgcc/bin/../lib/gcc/arm-none-eabi/5.4.1/../../../../arm-none-eabi/lib/armv7e-m/fpu\libg_n.a(lib_a-findfp.o)
                0x1fffc628                __sf_fake_stdin
 .rodata.__sf_fake_stdout
                0x1fffc648       0x20 c:/program files/embitz/1.11/share/em_armgcc/bin/../lib/gcc/arm-none-eabi/5.4.1/../../../../arm-none-eabi/lib/armv7e-m/fpu\libg_n.a(lib_a-findfp.o)
                0x1fffc648                __sf_fake_stdout
 .rodata.__sf_fake_stderr
                0x1fffc668       0x20 c:/program files/embitz/1.11/share/em_armgcc/bin/../lib/gcc/arm-none-eabi/5.4.1/../../../../arm-none-eabi/lib/armv7e-m/fpu\libg_n.a(lib_a-findfp.o)
                0x1fffc668                __sf_fake_stderr
 *(.glue_7)
 .glue_7        0x1fffc688        0x0 linker stubs
 *(.glue_7t)
 .glue_7t       0x1fffc688        0x0 linker stubs
 *(.eh_frame)
 .eh_frame      0x1fffc688        0x0 c:/program files/embitz/1.11/share/em_armgcc/bin/../lib/gcc/arm-none-eabi/5.4.1/armv7e-m/fpu/crtbegin.o
 *(.init)
 .init          0x1fffc688        0x4 c:/program files/embitz/1.11/share/em_armgcc/bin/../lib/gcc/arm-none-eabi/5.4.1/armv7e-m/fpu/crti.o
                0x1fffc688                _init
 .init          0x1fffc68c        0x8 c:/program files/embitz/1.11/share/em_armgcc/bin/../lib/gcc/arm-none-eabi/5.4.1/armv7e-m/fpu/crtn.o
 *(.fini)
 .fini          0x1fffc694        0x4 c:/program files/embitz/1.11/share/em_armgcc/bin/../lib/gcc/arm-none-eabi/5.4.1/armv7e-m/fpu/crti.o
                0x1fffc694                _fini
 .fini          0x1fffc698        0x8 c:/program files/embitz/1.11/share/em_armgcc/bin/../lib/gcc/arm-none-eabi/5.4.1/armv7e-m/fpu/crtn.o
                0x1fffc6a0                . = ALIGN (0x4)

.vfp11_veneer   0x1fffc6a0        0x0
 .vfp11_veneer  0x1fffc6a0        0x0 linker stubs

.v4_bx          0x1fffc6a0        0x0
 .v4_bx         0x1fffc6a0        0x0 linker stubs

.iplt           0x1fffc6a0        0x0
 .iplt          0x1fffc6a0        0x0 c:/program files/embitz/1.11/share/em_armgcc/bin/../lib/gcc/arm-none-eabi/5.4.1/armv7e-m/fpu/crtbegin.o

.ARM.extab
 *(.ARM.extab* .gnu.linkonce.armextab.*)

.ARM            0x1fffc6a0        0x8
                0x1fffc6a0                __exidx_start = .
 *(.ARM.exidx*)
 .ARM.exidx     0x1fffc6a0        0x8 c:/program files/embitz/1.11/share/em_armgcc/bin/../lib/gcc/arm-none-eabi/5.4.1/../../../../arm-none-eabi/lib/armv7e-m/fpu/crt0.o
                0x1fffc6a8                __exidx_end = .

.rel.dyn        0x1fffc6a8        0x0
 .rel.iplt      0x1fffc6a8        0x0 c:/program files/embitz/1.11/share/em_armgcc/bin/../lib/gcc/arm-none-eabi/5.4.1/armv7e-m/fpu/crtbegin.o

.ctors          0x1fffc6a8        0x0
                0x1fffc6a8                __CTOR_LIST__ = .
 *crtbegin.o(.ctors)
 *crtbegin?.o(.ctors)
 *(EXCLUDE_FILE(*crtend.o *crtend?.o) .ctors)
 *(SORT(.ctors.*))
 *(.ctors)
                0x1fffc6a8                __CTOR_END__ = .

.dtors          0x1fffc6a8        0x0
                0x1fffc6a8                __DTOR_LIST__ = .
 *crtbegin.o(.dtors)
 *crtbegin?.o(.dtors)
 *(EXCLUDE_FILE(*crtend.o *crtend?.o) .dtors)
 *(SORT(.dtors.*))
 *(.dtors)
                0x1fffc6a8                __DTOR_END__ = .

.preinit_array  0x1fffc6a8        0x0
                0x1fffc6a8                PROVIDE (__preinit_array_start, .)
 *(.preinit_array*)
                0x1fffc6a8                PROVIDE (__preinit_array_end, .)

.init_array     0x1fffc6a8        0x4
                0x1fffc6a8                PROVIDE (__init_array_start, .)
 *(SORT(.init_array.*))
 *(.init_array*)
 .init_array    0x1fffc6a8        0x4 c:/program files/embitz/1.11/share/em_armgcc/bin/../lib/gcc/arm-none-eabi/5.4.1/armv7e-m/fpu/crtbegin.o
                0x1fffc6ac                PROVIDE (__init_array_end, .)

.fini_array     0x1fffc6ac        0x4
                [!provide]                PROVIDE (__fini_array_start, .)
 *(SORT(.fini_array.*))
 *(.fini_array*)
 .fini_array    0x1fffc6ac        0x4 c:/program files/embitz/1.11/share/em_armgcc/bin/../lib/gcc/arm-none-eabi/5.4.1/armv7e-m/fpu/crtbegin.o
                [!provide]                PROVIDE (__fini_array_end, .)
                0x1fffc6b0                __etext = .
                0x1fffc6b0                __DATA_ROM = .

.data           0x20000000       0x90 load address 0x1fffc6b0
                0x20000000                . = ALIGN (0x4)
                0x20000000                __DATA_RAM = .
                0x20000000                __data_start__ = .
 *(.data)
 *(.data*)
 .data.gpioLed  0x20000000       0x1c obj\debug\~#\~#\board\udoo_neo\src\gpio_pins.o
                0x20000000                gpioLed
 .data.TerminatingTask
                0x2000001c        0x1 obj\debug\~#\~#\os\osek\src\cortexm4\os_internal_arch.o
                0x2000001c                TerminatingTask
 .data.WaitingTask
                0x2000001d        0x1 obj\debug\~#\~#\os\osek\src\cortexm4\os_internal_arch.o
                0x2000001d                WaitingTask
 *fill*         0x2000001e        0x2 
 .data.CounterIncrement.4477
                0x20000020        0x4 obj\debug\~#\~#\os\osek\src\cortexm4\os_internal_arch.o
 .data.SystemCoreClock
                0x20000024        0x4 obj\debug\~#\~#\platform\devices\mcimx6x\startup\system_mcimx6x_m4.o
                0x20000024                SystemCoreClock
 .data.impure_data
                0x20000028       0x60 c:/program files/embitz/1.11/share/em_armgcc/bin/../lib/gcc/arm-none-eabi/5.4.1/../../../../arm-none-eabi/lib/armv7e-m/fpu\libg_n.a(lib_a-impure.o)
 .data._impure_ptr
                0x20000088        0x4 c:/program files/embitz/1.11/share/em_armgcc/bin/../lib/gcc/arm-none-eabi/5.4.1/../../../../arm-none-eabi/lib/armv7e-m/fpu\libg_n.a(lib_a-impure.o)
                0x20000088                _impure_ptr
 *(.jcr*)
 .jcr           0x2000008c        0x0 c:/program files/embitz/1.11/share/em_armgcc/bin/../lib/gcc/arm-none-eabi/5.4.1/armv7e-m/fpu/crtbegin.o
 .jcr           0x2000008c        0x4 c:/program files/embitz/1.11/share/em_armgcc/bin/../lib/gcc/arm-none-eabi/5.4.1/armv7e-m/fpu/crtend.o
                0x20000090                . = ALIGN (0x4)
                0x20000090                __data_end__ = .
                0x1fffc740                __DATA_END = (__DATA_ROM + (__data_end__ - __data_start__))
                0x1fffe300                text_end = (ORIGIN (m_text) + LENGTH (m_text))
                0x00000001                ASSERT ((__DATA_END <= text_end), region m_text overflowed with text and data)

.igot.plt       0x20000090        0x0 load address 0x1fffc740
 .igot.plt      0x20000090        0x0 c:/program files/embitz/1.11/share/em_armgcc/bin/../lib/gcc/arm-none-eabi/5.4.1/armv7e-m/fpu/crtbegin.o

.bss            0x20000090      0x8f8 load address 0x1fffc740
                0x20000090                . = ALIGN (0x4)
                0x20000090                __START_BSS = .
                0x20000090                __bss_start__ = .
 *(.bss)
 .bss           0x20000090       0x1c c:/program files/embitz/1.11/share/em_armgcc/bin/../lib/gcc/arm-none-eabi/5.4.1/armv7e-m/fpu/crtbegin.o
 *(.bss*)
 .bss.flag.9858
                0x200000ac        0x1 obj\debug\main.o
 *fill*         0x200000ad        0x3 
 .bss.s_debugConsole
                0x200000b0       0x10 obj\debug\~#\~#\platform\utilities\src\debug_console_imx.o
 .bss.__malloc_sbrk_start
                0x200000c0        0x4 c:/program files/embitz/1.11/share/em_armgcc/bin/../lib/gcc/arm-none-eabi/5.4.1/../../../../arm-none-eabi/lib/armv7e-m/fpu\libg_n.a(lib_a-nano-mallocr.o)
                0x200000c0                __malloc_sbrk_start
 .bss.__malloc_free_list
                0x200000c4        0x4 c:/program files/embitz/1.11/share/em_armgcc/bin/../lib/gcc/arm-none-eabi/5.4.1/../../../../arm-none-eabi/lib/armv7e-m/fpu\libg_n.a(lib_a-nano-mallocr.o)
                0x200000c4                __malloc_free_list
 .bss.heap_end.4169
                0x200000c8        0x4 c:/program files/embitz/1.11/share/em_armgcc/bin/../lib/gcc/arm-none-eabi/5.4.1/../../../../arm-none-eabi/lib/armv7e-m/fpu\libnosys_s.a(sbrk.o)
 *(COMMON)
 COMMON         0x200000cc       0x14 obj\debug\~#\~#\os\config\src\os_cfg.o
                0x200000cc                Osek_ErrorRet
                0x200000d0                Osek_ErrorApi
                0x200000d4                Osek_ErrorParam3
                0x200000d8                Osek_ErrorParam1
                0x200000dc                Osek_ErrorParam2
 COMMON         0x200000e0      0x894 obj\debug\~#\~#\os\config\src\os_internal_cfg.o
                0x200000e0                ReadyList0
                0x200000e2                ApplicationMode
                0x200000e4                ReadyVar
                0x200000ec                AlarmsVar
                0x20000104                StackTaskTaskBackground
                0x20000304                ReadyList1
                0x20000308                ContextTaskTaskBlink
                0x2000030c                ErrorHookRunning
                0x20000310                ContextTaskTaskInit
                0x20000314                CountersVar
                0x20000318                ContextTaskTaskPeriodic
                0x2000031c                TasksVar
                0x2000036c                StackTaskTaskBlink
                0x2000056c                StackTaskTaskInit
                0x2000076c                ReadyList2
                0x20000770                ContextTaskTaskBackground
                0x20000774                StackTaskTaskPeriodic
 COMMON         0x20000974        0x8 obj\debug\~#\~#\os\osek\src\cortexm4\os_internal_arch.o
                0x20000974                Osek_OldTaskPtr_Arch
                0x20000978                Osek_NewTaskPtr_Arch
 COMMON         0x2000097c        0x3 obj\debug\~#\~#\os\osek\src\os.o
                0x2000097c                DisableAllInterrupts_Counter
                0x2000097d                SuspendAllInterrupts_Counter
                0x2000097e                SuspendOSInterrupts_Counter
 COMMON         0x2000097f        0x2 obj\debug\~#\~#\os\osek\src\os_internal.o
                0x2000097f                RunningTask
                0x20000980                ActualContext
 *fill*         0x20000981        0x3 
 COMMON         0x20000984        0x4 c:/program files/embitz/1.11/share/em_armgcc/bin/../lib/gcc/arm-none-eabi/5.4.1/../../../../arm-none-eabi/lib/armv7e-m/fpu\libg_n.a(lib_a-reent.o)
                0x20000984                errno
                0x20000988                . = ALIGN (0x4)
                0x20000988                __bss_end__ = .
                0x20000988                __END_BSS = .

.heap           0x1fffe300     0x1000
                0x1fffe300                . = ALIGN (0x8)
                0x1fffe300                __end__ = .
                0x1fffe300                PROVIDE (end, .)
                0x1fffe300                __HeapBase = .
                0x1ffff300                . = (. + HEAP_SIZE)
 *fill*         0x1fffe300     0x1000 
                0x1ffff300                __HeapLimit = .

.stack          0x20000988     0x2000 load address 0x1fffd038
                0x20000988                . = ALIGN (0x8)
                0x20002988                . = (. + STACK_SIZE)
 *fill*         0x20000988     0x2000 
                0x20008000                __StackTop = (ORIGIN (m_data) + LENGTH (m_data))
                0x20006000                __StackLimit = (__StackTop - STACK_SIZE)
                0x20008000                PROVIDE (__stack, __StackTop)

.ARM.attributes
                0x00000000       0x30
 *(.ARM.attributes)
 .ARM.attributes
                0x00000000       0x22 c:/program files/embitz/1.11/share/em_armgcc/bin/../lib/gcc/arm-none-eabi/5.4.1/armv7e-m/fpu/crti.o
 .ARM.attributes
                0x00000022       0x34 c:/program files/embitz/1.11/share/em_armgcc/bin/../lib/gcc/arm-none-eabi/5.4.1/armv7e-m/fpu/crtbegin.o
 .ARM.attributes
                0x00000056       0x20 c:/program files/embitz/1.11/share/em_armgcc/bin/../lib/gcc/arm-none-eabi/5.4.1/../../../../arm-none-eabi/lib/armv7e-m/fpu/crt0.o
 .ARM.attributes
                0x00000076       0x39 obj\debug\hardware_init.o
 .ARM.attributes
                0x000000af       0x39 obj\debug\main.o
 .ARM.attributes
                0x000000e8       0x39 obj\debug\~#\~#\board\udoo_neo\src\board.o
 .ARM.attributes
                0x00000121       0x39 obj\debug\~#\~#\board\udoo_neo\src\gpio_pins.o
 .ARM.attributes
                0x0000015a       0x39 obj\debug\~#\~#\board\udoo_neo\src\pin_mux.o
 .ARM.attributes
                0x00000193       0x39 obj\debug\~#\~#\os\config\src\cortexm4\os_internal_arch_cfg.o
 .ARM.attributes
                0x000001cc       0x39 obj\debug\~#\~#\os\config\src\os_cfg.o
 .ARM.attributes
                0x00000205       0x39 obj\debug\~#\~#\os\config\src\os_internal_cfg.o
 .ARM.attributes
                0x0000023e       0x39 obj\debug\~#\~#\os\osek\src\activatetask.o
 .ARM.attributes
                0x00000277       0x39 obj\debug\~#\~#\os\osek\src\clearevent.o
 .ARM.attributes
                0x000002b0       0x39 obj\debug\~#\~#\os\osek\src\cortexm4\os_internal_arch.o
 .ARM.attributes
                0x000002e9       0x25 obj\debug\~#\~#\os\osek\src\cortexm4\pendsv.o
 .ARM.attributes
                0x0000030e       0x39 obj\debug\~#\~#\os\osek\src\cortexm4\startos_arch.o
 .ARM.attributes
                0x00000347       0x39 obj\debug\~#\~#\os\osek\src\cortexm4\startos_arch_systick.o
 .ARM.attributes
                0x00000380       0x39 obj\debug\~#\~#\os\osek\src\os.o
 .ARM.attributes
                0x000003b9       0x39 obj\debug\~#\~#\os\osek\src\os_internal.o
 .ARM.attributes
                0x000003f2       0x39 obj\debug\~#\~#\os\osek\src\schedule.o
 .ARM.attributes
                0x0000042b       0x39 obj\debug\~#\~#\os\osek\src\setevent.o
 .ARM.attributes
                0x00000464       0x39 obj\debug\~#\~#\os\osek\src\setrelalarm.o
 .ARM.attributes
                0x0000049d       0x39 obj\debug\~#\~#\os\osek\src\shutdownos.o
 .ARM.attributes
                0x000004d6       0x39 obj\debug\~#\~#\os\osek\src\startos.o
 .ARM.attributes
                0x0000050f       0x39 obj\debug\~#\~#\os\osek\src\terminatetask.o
 .ARM.attributes
                0x00000548       0x39 obj\debug\~#\~#\os\osek\src\waitevent.o
 .ARM.attributes
                0x00000581       0x1f obj\debug\~#\~#\platform\devices\mcimx6x\startup\gcc\startup_mcimx6x_m4.o
 .ARM.attributes
                0x000005a0       0x39 obj\debug\~#\~#\platform\devices\mcimx6x\startup\system_mcimx6x_m4.o
 .ARM.attributes
                0x000005d9       0x39 obj\debug\~#\~#\platform\drivers\src\gpio_imx.o
 .ARM.attributes
                0x00000612       0x39 obj\debug\~#\~#\platform\drivers\src\uart_imx.o
 .ARM.attributes
                0x0000064b       0x39 obj\debug\~#\~#\platform\utilities\src\debug_console_imx.o
 .ARM.attributes
                0x00000684       0x39 obj\debug\~#\~#\platform\utilities\src\print_scan.o
 .ARM.attributes
                0x000006bd       0x34 c:/program files/embitz/1.11/share/em_armgcc/bin/../lib/gcc/arm-none-eabi/5.4.1/../../../../arm-none-eabi/lib/armv7e-m/fpu\libg_n.a(lib_a-assert.o)
 .ARM.attributes
                0x000006f1       0x34 c:/program files/embitz/1.11/share/em_armgcc/bin/../lib/gcc/arm-none-eabi/5.4.1/../../../../arm-none-eabi/lib/armv7e-m/fpu\libg_n.a(lib_a-exit.o)
 .ARM.attributes
                0x00000725       0x34 c:/program files/embitz/1.11/share/em_armgcc/bin/../lib/gcc/arm-none-eabi/5.4.1/../../../../arm-none-eabi/lib/armv7e-m/fpu\libg_n.a(lib_a-fprintf.o)
 .ARM.attributes
                0x00000759       0x34 c:/program files/embitz/1.11/share/em_armgcc/bin/../lib/gcc/arm-none-eabi/5.4.1/../../../../arm-none-eabi/lib/armv7e-m/fpu\libg_n.a(lib_a-impure.o)
 .ARM.attributes
                0x0000078d       0x34 c:/program files/embitz/1.11/share/em_armgcc/bin/../lib/gcc/arm-none-eabi/5.4.1/../../../../arm-none-eabi/lib/armv7e-m/fpu\libg_n.a(lib_a-init.o)
 .ARM.attributes
                0x000007c1       0x34 c:/program files/embitz/1.11/share/em_armgcc/bin/../lib/gcc/arm-none-eabi/5.4.1/../../../../arm-none-eabi/lib/armv7e-m/fpu\libg_n.a(lib_a-memset.o)
 .ARM.attributes
                0x000007f5       0x34 c:/program files/embitz/1.11/share/em_armgcc/bin/../lib/gcc/arm-none-eabi/5.4.1/../../../../arm-none-eabi/lib/armv7e-m/fpu\libg_n.a(lib_a-nano-freer.o)
 .ARM.attributes
                0x00000829       0x34 c:/program files/embitz/1.11/share/em_armgcc/bin/../lib/gcc/arm-none-eabi/5.4.1/../../../../arm-none-eabi/lib/armv7e-m/fpu\libg_n.a(lib_a-nano-mallocr.o)
 .ARM.attributes
                0x0000085d       0x34 c:/program files/embitz/1.11/share/em_armgcc/bin/../lib/gcc/arm-none-eabi/5.4.1/../../../../arm-none-eabi/lib/armv7e-m/fpu\libg_n.a(lib_a-nano-vfprintf.o)
 .ARM.attributes
                0x00000891       0x34 c:/program files/embitz/1.11/share/em_armgcc/bin/../lib/gcc/arm-none-eabi/5.4.1/../../../../arm-none-eabi/lib/armv7e-m/fpu\libg_n.a(lib_a-nano-vfprintf_i.o)
 .ARM.attributes
                0x000008c5       0x34 c:/program files/embitz/1.11/share/em_armgcc/bin/../lib/gcc/arm-none-eabi/5.4.1/../../../../arm-none-eabi/lib/armv7e-m/fpu\libg_n.a(lib_a-sbrkr.o)
 .ARM.attributes
                0x000008f9       0x1b c:/program files/embitz/1.11/share/em_armgcc/bin/../lib/gcc/arm-none-eabi/5.4.1/../../../../arm-none-eabi/lib/armv7e-m/fpu\libg_n.a(lib_a-strlen.o)
 .ARM.attributes
                0x00000914       0x34 c:/program files/embitz/1.11/share/em_armgcc/bin/../lib/gcc/arm-none-eabi/5.4.1/../../../../arm-none-eabi/lib/armv7e-m/fpu\libg_n.a(lib_a-wbuf.o)
 .ARM.attributes
                0x00000948       0x34 c:/program files/embitz/1.11/share/em_armgcc/bin/../lib/gcc/arm-none-eabi/5.4.1/../../../../arm-none-eabi/lib/armv7e-m/fpu\libg_n.a(lib_a-wsetup.o)
 .ARM.attributes
                0x0000097c       0x34 c:/program files/embitz/1.11/share/em_armgcc/bin/../lib/gcc/arm-none-eabi/5.4.1/../../../../arm-none-eabi/lib/armv7e-m/fpu\libg_n.a(lib_a-abort.o)
 .ARM.attributes
                0x000009b0       0x34 c:/program files/embitz/1.11/share/em_armgcc/bin/../lib/gcc/arm-none-eabi/5.4.1/../../../../arm-none-eabi/lib/armv7e-m/fpu\libg_n.a(lib_a-fflush.o)
 .ARM.attributes
                0x000009e4       0x34 c:/program files/embitz/1.11/share/em_armgcc/bin/../lib/gcc/arm-none-eabi/5.4.1/../../../../arm-none-eabi/lib/armv7e-m/fpu\libg_n.a(lib_a-findfp.o)
 .ARM.attributes
                0x00000a18       0x34 c:/program files/embitz/1.11/share/em_armgcc/bin/../lib/gcc/arm-none-eabi/5.4.1/../../../../arm-none-eabi/lib/armv7e-m/fpu\libg_n.a(lib_a-fwalk.o)
 .ARM.attributes
                0x00000a4c       0x34 c:/program files/embitz/1.11/share/em_armgcc/bin/../lib/gcc/arm-none-eabi/5.4.1/../../../../arm-none-eabi/lib/armv7e-m/fpu\libg_n.a(lib_a-makebuf.o)
 .ARM.attributes
                0x00000a80       0x20 c:/program files/embitz/1.11/share/em_armgcc/bin/../lib/gcc/arm-none-eabi/5.4.1/../../../../arm-none-eabi/lib/armv7e-m/fpu\libg_n.a(lib_a-memchr.o)
 .ARM.attributes
                0x00000aa0       0x34 c:/program files/embitz/1.11/share/em_armgcc/bin/../lib/gcc/arm-none-eabi/5.4.1/../../../../arm-none-eabi/lib/armv7e-m/fpu\libg_n.a(lib_a-mlock.o)
 .ARM.attributes
                0x00000ad4       0x34 c:/program files/embitz/1.11/share/em_armgcc/bin/../lib/gcc/arm-none-eabi/5.4.1/../../../../arm-none-eabi/lib/armv7e-m/fpu\libg_n.a(lib_a-reent.o)
 .ARM.attributes
                0x00000b08       0x34 c:/program files/embitz/1.11/share/em_armgcc/bin/../lib/gcc/arm-none-eabi/5.4.1/../../../../arm-none-eabi/lib/armv7e-m/fpu\libg_n.a(lib_a-signal.o)
 .ARM.attributes
                0x00000b3c       0x34 c:/program files/embitz/1.11/share/em_armgcc/bin/../lib/gcc/arm-none-eabi/5.4.1/../../../../arm-none-eabi/lib/armv7e-m/fpu\libg_n.a(lib_a-signalr.o)
 .ARM.attributes
                0x00000b70       0x34 c:/program files/embitz/1.11/share/em_armgcc/bin/../lib/gcc/arm-none-eabi/5.4.1/../../../../arm-none-eabi/lib/armv7e-m/fpu\libg_n.a(lib_a-stdio.o)
 .ARM.attributes
                0x00000ba4       0x34 c:/program files/embitz/1.11/share/em_armgcc/bin/../lib/gcc/arm-none-eabi/5.4.1/../../../../arm-none-eabi/lib/armv7e-m/fpu\libg_n.a(lib_a-writer.o)
 .ARM.attributes
                0x00000bd8       0x34 c:/program files/embitz/1.11/share/em_armgcc/bin/../lib/gcc/arm-none-eabi/5.4.1/../../../../arm-none-eabi/lib/armv7e-m/fpu\libg_n.a(lib_a-closer.o)
 .ARM.attributes
                0x00000c0c       0x34 c:/program files/embitz/1.11/share/em_armgcc/bin/../lib/gcc/arm-none-eabi/5.4.1/../../../../arm-none-eabi/lib/armv7e-m/fpu\libg_n.a(lib_a-fstatr.o)
 .ARM.attributes
                0x00000c40       0x34 c:/program files/embitz/1.11/share/em_armgcc/bin/../lib/gcc/arm-none-eabi/5.4.1/../../../../arm-none-eabi/lib/armv7e-m/fpu\libg_n.a(lib_a-isattyr.o)
 .ARM.attributes
                0x00000c74       0x34 c:/program files/embitz/1.11/share/em_armgcc/bin/../lib/gcc/arm-none-eabi/5.4.1/../../../../arm-none-eabi/lib/armv7e-m/fpu\libg_n.a(lib_a-lseekr.o)
 .ARM.attributes
                0x00000ca8       0x34 c:/program files/embitz/1.11/share/em_armgcc/bin/../lib/gcc/arm-none-eabi/5.4.1/../../../../arm-none-eabi/lib/armv7e-m/fpu\libg_n.a(lib_a-readr.o)
 .ARM.attributes
                0x00000cdc       0x34 c:/program files/embitz/1.11/share/em_armgcc/bin/../lib/gcc/arm-none-eabi/5.4.1/../../../../arm-none-eabi/lib/armv7e-m/fpu\libnosys_s.a(close.o)
 .ARM.attributes
                0x00000d10       0x34 c:/program files/embitz/1.11/share/em_armgcc/bin/../lib/gcc/arm-none-eabi/5.4.1/../../../../arm-none-eabi/lib/armv7e-m/fpu\libnosys_s.a(fstat.o)
 .ARM.attributes
                0x00000d44       0x34 c:/program files/embitz/1.11/share/em_armgcc/bin/../lib/gcc/arm-none-eabi/5.4.1/../../../../arm-none-eabi/lib/armv7e-m/fpu\libnosys_s.a(getpid.o)
 .ARM.attributes
                0x00000d78       0x34 c:/program files/embitz/1.11/share/em_armgcc/bin/../lib/gcc/arm-none-eabi/5.4.1/../../../../arm-none-eabi/lib/armv7e-m/fpu\libnosys_s.a(isatty.o)
 .ARM.attributes
                0x00000dac       0x34 c:/program files/embitz/1.11/share/em_armgcc/bin/../lib/gcc/arm-none-eabi/5.4.1/../../../../arm-none-eabi/lib/armv7e-m/fpu\libnosys_s.a(kill.o)
 .ARM.attributes
                0x00000de0       0x34 c:/program files/embitz/1.11/share/em_armgcc/bin/../lib/gcc/arm-none-eabi/5.4.1/../../../../arm-none-eabi/lib/armv7e-m/fpu\libnosys_s.a(lseek.o)
 .ARM.attributes
                0x00000e14       0x34 c:/program files/embitz/1.11/share/em_armgcc/bin/../lib/gcc/arm-none-eabi/5.4.1/../../../../arm-none-eabi/lib/armv7e-m/fpu\libnosys_s.a(sbrk.o)
 .ARM.attributes
                0x00000e48       0x34 c:/program files/embitz/1.11/share/em_armgcc/bin/../lib/gcc/arm-none-eabi/5.4.1/../../../../arm-none-eabi/lib/armv7e-m/fpu\libnosys_s.a(_exit.o)
 .ARM.attributes
                0x00000e7c       0x34 c:/program files/embitz/1.11/share/em_armgcc/bin/../lib/gcc/arm-none-eabi/5.4.1/armv7e-m/fpu/crtend.o
 .ARM.attributes
                0x00000eb0       0x22 c:/program files/embitz/1.11/share/em_armgcc/bin/../lib/gcc/arm-none-eabi/5.4.1/armv7e-m/fpu/crtn.o
                0x00000001                ASSERT ((__StackLimit >= __HeapLimit), region m_data overflowed with stack and heap)
LOAD obj\debug\hardware_init.o
LOAD obj\debug\main.o
LOAD obj\debug\~#\~#\board\udoo_neo\src\board.o
LOAD obj\debug\~#\~#\board\udoo_neo\src\clock_freq.o
LOAD obj\debug\~#\~#\board\udoo_neo\src\gpio_pins.o
LOAD obj\debug\~#\~#\board\udoo_neo\src\pin_mux.o
LOAD obj\debug\~#\~#\os\config\src\cortexm4\os_internal_arch_cfg.o
LOAD obj\debug\~#\~#\os\config\src\os_cfg.o
LOAD obj\debug\~#\~#\os\config\src\os_internal_cfg.o
LOAD obj\debug\~#\~#\os\osek\src\activatetask.o
LOAD obj\debug\~#\~#\os\osek\src\cancelalarm.o
LOAD obj\debug\~#\~#\os\osek\src\chaintask.o
LOAD obj\debug\~#\~#\os\osek\src\clearevent.o
LOAD obj\debug\~#\~#\os\osek\src\cortexm4\os_arch.o
LOAD obj\debug\~#\~#\os\osek\src\cortexm4\os_internal_arch.o
LOAD obj\debug\~#\~#\os\osek\src\cortexm4\pendsv.o
LOAD obj\debug\~#\~#\os\osek\src\cortexm4\startos_arch.o
LOAD obj\debug\~#\~#\os\osek\src\cortexm4\startos_arch_systick.o
LOAD obj\debug\~#\~#\os\osek\src\getactiveapplicationmode.o
LOAD obj\debug\~#\~#\os\osek\src\getalarm.o
LOAD obj\debug\~#\~#\os\osek\src\getalarmbase.o
LOAD obj\debug\~#\~#\os\osek\src\getevent.o
LOAD obj\debug\~#\~#\os\osek\src\getresource.o
LOAD obj\debug\~#\~#\os\osek\src\gettaskid.o
LOAD obj\debug\~#\~#\os\osek\src\gettaskstate.o
LOAD obj\debug\~#\~#\os\osek\src\os.o
LOAD obj\debug\~#\~#\os\osek\src\os_internal.o
LOAD obj\debug\~#\~#\os\osek\src\releaseresource.o
LOAD obj\debug\~#\~#\os\osek\src\schedule.o
LOAD obj\debug\~#\~#\os\osek\src\setabsalarm.o
LOAD obj\debug\~#\~#\os\osek\src\setevent.o
LOAD obj\debug\~#\~#\os\osek\src\setrelalarm.o
LOAD obj\debug\~#\~#\os\osek\src\shutdownos.o
LOAD obj\debug\~#\~#\os\osek\src\startos.o
LOAD obj\debug\~#\~#\os\osek\src\terminatetask.o
LOAD obj\debug\~#\~#\os\osek\src\waitevent.o
LOAD obj\debug\~#\~#\platform\devices\mcimx6x\startup\gcc\startup_mcimx6x_m4.o
LOAD obj\debug\~#\~#\platform\devices\mcimx6x\startup\system_mcimx6x_m4.o
LOAD obj\debug\~#\~#\platform\drivers\src\adc_imx6sx.o
LOAD obj\debug\~#\~#\platform\drivers\src\ccm_analog_imx6sx.o
LOAD obj\debug\~#\~#\platform\drivers\src\ccm_imx6sx.o
LOAD obj\debug\~#\~#\platform\drivers\src\ecspi.o
LOAD obj\debug\~#\~#\platform\drivers\src\epit.o
LOAD obj\debug\~#\~#\platform\drivers\src\flexcan.o
LOAD obj\debug\~#\~#\platform\drivers\src\gpio_imx.o
LOAD obj\debug\~#\~#\platform\drivers\src\i2c_imx.o
LOAD obj\debug\~#\~#\platform\drivers\src\lmem.o
LOAD obj\debug\~#\~#\platform\drivers\src\mu_imx.o
LOAD obj\debug\~#\~#\platform\drivers\src\rdc.o
LOAD obj\debug\~#\~#\platform\drivers\src\rdc_semaphore.o
LOAD obj\debug\~#\~#\platform\drivers\src\sema4.o
LOAD obj\debug\~#\~#\platform\drivers\src\uart_imx.o
LOAD obj\debug\~#\~#\platform\drivers\src\wdog_imx.o
LOAD obj\debug\~#\~#\platform\utilities\src\debug_console_imx.o
LOAD obj\debug\~#\~#\platform\utilities\src\print_scan.o
LOAD obj\debug\~#\~#\services\src\message.o
START GROUP
LOAD c:/program files/embitz/1.11/share/em_armgcc/bin/../lib/gcc/arm-none-eabi/5.4.1/armv7e-m/fpu\libgcc.a
LOAD c:/program files/embitz/1.11/share/em_armgcc/bin/../lib/gcc/arm-none-eabi/5.4.1/../../../../arm-none-eabi/lib/armv7e-m/fpu\libg_n.a
LOAD c:/program files/embitz/1.11/share/em_armgcc/bin/../lib/gcc/arm-none-eabi/5.4.1/../../../../arm-none-eabi/lib/armv7e-m/fpu\libc_n.a
END GROUP
START GROUP
LOAD c:/program files/embitz/1.11/share/em_armgcc/bin/../lib/gcc/arm-none-eabi/5.4.1/armv7e-m/fpu\libgcc.a
LOAD c:/program files/embitz/1.11/share/em_armgcc/bin/../lib/gcc/arm-none-eabi/5.4.1/../../../../arm-none-eabi/lib/armv7e-m/fpu\libc_n.a
LOAD c:/program files/embitz/1.11/share/em_armgcc/bin/../lib/gcc/arm-none-eabi/5.4.1/../../../../arm-none-eabi/lib/armv7e-m/fpu\libnosys_s.a
END GROUP
LOAD c:/program files/embitz/1.11/share/em_armgcc/bin/../lib/gcc/arm-none-eabi/5.4.1/armv7e-m/fpu/crtend.o
LOAD c:/program files/embitz/1.11/share/em_armgcc/bin/../lib/gcc/arm-none-eabi/5.4.1/armv7e-m/fpu/crtn.o
OUTPUT(bin\Debug\Cortex_M4.elf elf32-littlearm)

.debug_info     0x00000000     0xbb3c
 .debug_info    0x00000000       0xb6 obj\debug\hardware_init.o
 .debug_info    0x000000b6      0x364 obj\debug\main.o
 .debug_info    0x0000041a     0x11c1 obj\debug\~#\~#\board\udoo_neo\src\board.o
 .debug_info    0x000015db     0x1fc3 obj\debug\~#\~#\board\udoo_neo\src\gpio_pins.o
 .debug_info    0x0000359e     0x2446 obj\debug\~#\~#\board\udoo_neo\src\pin_mux.o
 .debug_info    0x000059e4      0x184 obj\debug\~#\~#\os\config\src\cortexm4\os_internal_arch_cfg.o
 .debug_info    0x00005b68       0xc4 obj\debug\~#\~#\os\config\src\os_cfg.o
 .debug_info    0x00005c2c      0x85d obj\debug\~#\~#\os\config\src\os_internal_cfg.o
 .debug_info    0x00006489      0x370 obj\debug\~#\~#\os\osek\src\activatetask.o
 .debug_info    0x000067f9      0x37c obj\debug\~#\~#\os\osek\src\clearevent.o
 .debug_info    0x00006b75      0x387 obj\debug\~#\~#\os\osek\src\cortexm4\os_internal_arch.o
 .debug_info    0x00006efc       0x96 obj\debug\~#\~#\os\osek\src\cortexm4\pendsv.o
 .debug_info    0x00006f92       0xbe obj\debug\~#\~#\os\osek\src\cortexm4\startos_arch.o
 .debug_info    0x00007050      0x7c8 obj\debug\~#\~#\os\osek\src\cortexm4\startos_arch_systick.o
 .debug_info    0x00007818       0xae obj\debug\~#\~#\os\osek\src\os.o
 .debug_info    0x000078c6      0x813 obj\debug\~#\~#\os\osek\src\os_internal.o
 .debug_info    0x000080d9      0x3b9 obj\debug\~#\~#\os\osek\src\schedule.o
 .debug_info    0x00008492      0x395 obj\debug\~#\~#\os\osek\src\setevent.o
 .debug_info    0x00008827      0x3a1 obj\debug\~#\~#\os\osek\src\setrelalarm.o
 .debug_info    0x00008bc8       0xa3 obj\debug\~#\~#\os\osek\src\shutdownos.o
 .debug_info    0x00008c6b      0x270 obj\debug\~#\~#\os\osek\src\startos.o
 .debug_info    0x00008edb      0x24b obj\debug\~#\~#\os\osek\src\terminatetask.o
 .debug_info    0x00009126      0x3af obj\debug\~#\~#\os\osek\src\waitevent.o
 .debug_info    0x000094d5       0xb2 obj\debug\~#\~#\platform\devices\mcimx6x\startup\gcc\startup_mcimx6x_m4.o
 .debug_info    0x00009587      0x948 obj\debug\~#\~#\platform\devices\mcimx6x\startup\system_mcimx6x_m4.o
 .debug_info    0x00009ecf      0x3a5 obj\debug\~#\~#\platform\drivers\src\gpio_imx.o
 .debug_info    0x0000a274      0x9fb obj\debug\~#\~#\platform\drivers\src\uart_imx.o
 .debug_info    0x0000ac6f      0x8db obj\debug\~#\~#\platform\utilities\src\debug_console_imx.o
 .debug_info    0x0000b54a      0x5f2 obj\debug\~#\~#\platform\utilities\src\print_scan.o

.debug_abbrev   0x00000000     0x1e28
 .debug_abbrev  0x00000000       0x6a obj\debug\hardware_init.o
 .debug_abbrev  0x0000006a      0x15c obj\debug\main.o
 .debug_abbrev  0x000001c6      0x1bd obj\debug\~#\~#\board\udoo_neo\src\board.o
 .debug_abbrev  0x00000383      0x13c obj\debug\~#\~#\board\udoo_neo\src\gpio_pins.o
 .debug_abbrev  0x000004bf      0x139 obj\debug\~#\~#\board\udoo_neo\src\pin_mux.o
 .debug_abbrev  0x000005f8       0xbc obj\debug\~#\~#\os\config\src\cortexm4\os_internal_arch_cfg.o
 .debug_abbrev  0x000006b4       0x3a obj\debug\~#\~#\os\config\src\os_cfg.o
 .debug_abbrev  0x000006ee      0x103 obj\debug\~#\~#\os\config\src\os_internal_cfg.o
 .debug_abbrev  0x000007f1       0xfd obj\debug\~#\~#\os\osek\src\activatetask.o
 .debug_abbrev  0x000008ee       0xfd obj\debug\~#\~#\os\osek\src\clearevent.o
 .debug_abbrev  0x000009eb      0x15d obj\debug\~#\~#\os\osek\src\cortexm4\os_internal_arch.o
 .debug_abbrev  0x00000b48       0x14 obj\debug\~#\~#\os\osek\src\cortexm4\pendsv.o
 .debug_abbrev  0x00000b5c       0x79 obj\debug\~#\~#\os\osek\src\cortexm4\startos_arch.o
 .debug_abbrev  0x00000bd5      0x164 obj\debug\~#\~#\os\osek\src\cortexm4\startos_arch_systick.o
 .debug_abbrev  0x00000d39       0x47 obj\debug\~#\~#\os\osek\src\os.o
 .debug_abbrev  0x00000d80      0x1c8 obj\debug\~#\~#\os\osek\src\os_internal.o
 .debug_abbrev  0x00000f48      0x10d obj\debug\~#\~#\os\osek\src\schedule.o
 .debug_abbrev  0x00001055       0xfd obj\debug\~#\~#\os\osek\src\setevent.o
 .debug_abbrev  0x00001152      0x100 obj\debug\~#\~#\os\osek\src\setrelalarm.o
 .debug_abbrev  0x00001252       0x61 obj\debug\~#\~#\os\osek\src\shutdownos.o
 .debug_abbrev  0x000012b3      0x102 obj\debug\~#\~#\os\osek\src\startos.o
 .debug_abbrev  0x000013b5       0xd7 obj\debug\~#\~#\os\osek\src\terminatetask.o
 .debug_abbrev  0x0000148c      0x11c obj\debug\~#\~#\os\osek\src\waitevent.o
 .debug_abbrev  0x000015a8       0x14 obj\debug\~#\~#\platform\devices\mcimx6x\startup\gcc\startup_mcimx6x_m4.o
 .debug_abbrev  0x000015bc      0x150 obj\debug\~#\~#\platform\devices\mcimx6x\startup\system_mcimx6x_m4.o
 .debug_abbrev  0x0000170c      0x161 obj\debug\~#\~#\platform\drivers\src\gpio_imx.o
 .debug_abbrev  0x0000186d      0x1c9 obj\debug\~#\~#\platform\drivers\src\uart_imx.o
 .debug_abbrev  0x00001a36      0x256 obj\debug\~#\~#\platform\utilities\src\debug_console_imx.o
 .debug_abbrev  0x00001c8c      0x19c obj\debug\~#\~#\platform\utilities\src\print_scan.o

.debug_aranges  0x00000000      0x640
 .debug_aranges
                0x00000000       0x20 obj\debug\hardware_init.o
 .debug_aranges
                0x00000020       0x58 obj\debug\main.o
 .debug_aranges
                0x00000078       0x60 obj\debug\~#\~#\board\udoo_neo\src\board.o
 .debug_aranges
                0x000000d8       0x20 obj\debug\~#\~#\board\udoo_neo\src\gpio_pins.o
 .debug_aranges
                0x000000f8       0x40 obj\debug\~#\~#\board\udoo_neo\src\pin_mux.o
 .debug_aranges
                0x00000138       0x68 obj\debug\~#\~#\os\config\src\cortexm4\os_internal_arch_cfg.o
 .debug_aranges
                0x000001a0       0x18 obj\debug\~#\~#\os\config\src\os_cfg.o
 .debug_aranges
                0x000001b8       0x18 obj\debug\~#\~#\os\config\src\os_internal_cfg.o
 .debug_aranges
                0x000001d0       0x20 obj\debug\~#\~#\os\osek\src\activatetask.o
 .debug_aranges
                0x000001f0       0x20 obj\debug\~#\~#\os\osek\src\clearevent.o
 .debug_aranges
                0x00000210       0x38 obj\debug\~#\~#\os\osek\src\cortexm4\os_internal_arch.o
 .debug_aranges
                0x00000248       0x20 obj\debug\~#\~#\os\osek\src\cortexm4\pendsv.o
 .debug_aranges
                0x00000268       0x28 obj\debug\~#\~#\os\osek\src\cortexm4\startos_arch.o
 .debug_aranges
                0x00000290       0x30 obj\debug\~#\~#\os\osek\src\cortexm4\startos_arch_systick.o
 .debug_aranges
                0x000002c0       0x18 obj\debug\~#\~#\os\osek\src\os.o
 .debug_aranges
                0x000002d8       0x48 obj\debug\~#\~#\os\osek\src\os_internal.o
 .debug_aranges
                0x00000320       0x20 obj\debug\~#\~#\os\osek\src\schedule.o
 .debug_aranges
                0x00000340       0x20 obj\debug\~#\~#\os\osek\src\setevent.o
 .debug_aranges
                0x00000360       0x20 obj\debug\~#\~#\os\osek\src\setrelalarm.o
 .debug_aranges
                0x00000380       0x20 obj\debug\~#\~#\os\osek\src\shutdownos.o
 .debug_aranges
                0x000003a0       0x20 obj\debug\~#\~#\os\osek\src\startos.o
 .debug_aranges
                0x000003c0       0x20 obj\debug\~#\~#\os\osek\src\terminatetask.o
 .debug_aranges
                0x000003e0       0x20 obj\debug\~#\~#\os\osek\src\waitevent.o
 .debug_aranges
                0x00000400       0x20 obj\debug\~#\~#\platform\devices\mcimx6x\startup\gcc\startup_mcimx6x_m4.o
 .debug_aranges
                0x00000420       0x28 obj\debug\~#\~#\platform\devices\mcimx6x\startup\system_mcimx6x_m4.o
 .debug_aranges
                0x00000448       0x38 obj\debug\~#\~#\platform\drivers\src\gpio_imx.o
 .debug_aranges
                0x00000480       0xe8 obj\debug\~#\~#\platform\drivers\src\uart_imx.o
 .debug_aranges
                0x00000568       0x90 obj\debug\~#\~#\platform\utilities\src\debug_console_imx.o
 .debug_aranges
                0x000005f8       0x48 obj\debug\~#\~#\platform\utilities\src\print_scan.o

.debug_ranges   0x00000000      0x438
 .debug_ranges  0x00000000       0x10 obj\debug\hardware_init.o
 .debug_ranges  0x00000010       0x48 obj\debug\main.o
 .debug_ranges  0x00000058       0x50 obj\debug\~#\~#\board\udoo_neo\src\board.o
 .debug_ranges  0x000000a8       0x10 obj\debug\~#\~#\board\udoo_neo\src\gpio_pins.o
 .debug_ranges  0x000000b8       0x30 obj\debug\~#\~#\board\udoo_neo\src\pin_mux.o
 .debug_ranges  0x000000e8       0x58 obj\debug\~#\~#\os\config\src\cortexm4\os_internal_arch_cfg.o
 .debug_ranges  0x00000140       0x10 obj\debug\~#\~#\os\osek\src\activatetask.o
 .debug_ranges  0x00000150       0x10 obj\debug\~#\~#\os\osek\src\clearevent.o
 .debug_ranges  0x00000160       0x28 obj\debug\~#\~#\os\osek\src\cortexm4\os_internal_arch.o
 .debug_ranges  0x00000188       0x18 obj\debug\~#\~#\os\osek\src\cortexm4\startos_arch.o
 .debug_ranges  0x000001a0       0x20 obj\debug\~#\~#\os\osek\src\cortexm4\startos_arch_systick.o
 .debug_ranges  0x000001c0       0x38 obj\debug\~#\~#\os\osek\src\os_internal.o
 .debug_ranges  0x000001f8       0x10 obj\debug\~#\~#\os\osek\src\schedule.o
 .debug_ranges  0x00000208       0x10 obj\debug\~#\~#\os\osek\src\setevent.o
 .debug_ranges  0x00000218       0x10 obj\debug\~#\~#\os\osek\src\setrelalarm.o
 .debug_ranges  0x00000228       0x10 obj\debug\~#\~#\os\osek\src\shutdownos.o
 .debug_ranges  0x00000238       0x10 obj\debug\~#\~#\os\osek\src\startos.o
 .debug_ranges  0x00000248       0x10 obj\debug\~#\~#\os\osek\src\terminatetask.o
 .debug_ranges  0x00000258       0x10 obj\debug\~#\~#\os\osek\src\waitevent.o
 .debug_ranges  0x00000268       0x18 obj\debug\~#\~#\platform\devices\mcimx6x\startup\system_mcimx6x_m4.o
 .debug_ranges  0x00000280       0x28 obj\debug\~#\~#\platform\drivers\src\gpio_imx.o
 .debug_ranges  0x000002a8       0xd8 obj\debug\~#\~#\platform\drivers\src\uart_imx.o
 .debug_ranges  0x00000380       0x80 obj\debug\~#\~#\platform\utilities\src\debug_console_imx.o
 .debug_ranges  0x00000400       0x38 obj\debug\~#\~#\platform\utilities\src\print_scan.o

.debug_macro    0x00000000    0x3ff91
 .debug_macro   0x00000000      0x15c obj\debug\hardware_init.o
 .debug_macro   0x0000015c      0x8aa obj\debug\hardware_init.o
 .debug_macro   0x00000a06       0x16 obj\debug\hardware_init.o
 .debug_macro   0x00000a1c       0x22 obj\debug\hardware_init.o
 .debug_macro   0x00000a3e       0x87 obj\debug\hardware_init.o
 .debug_macro   0x00000ac5       0x44 obj\debug\hardware_init.o
 .debug_macro   0x00000b09       0xfd obj\debug\hardware_init.o
 .debug_macro   0x00000c06       0x5e obj\debug\hardware_init.o
 .debug_macro   0x00000c64      0x1df obj\debug\hardware_init.o
 .debug_macro   0x00000e43       0x32 obj\debug\hardware_init.o
 .debug_macro   0x00000e75       0x3b obj\debug\hardware_init.o
 .debug_macro   0x00000eb0       0x2d obj\debug\hardware_init.o
 .debug_macro   0x00000edd       0x26 obj\debug\hardware_init.o
 .debug_macro   0x00000f03      0xd39 obj\debug\hardware_init.o
 .debug_macro   0x00001c3c       0x10 obj\debug\hardware_init.o
 .debug_macro   0x00001c4c    0x3ac51 obj\debug\hardware_init.o
 .debug_macro   0x0003c89d       0x10 obj\debug\hardware_init.o
 .debug_macro   0x0003c8ad       0x22 obj\debug\hardware_init.o
 .debug_macro   0x0003c8cf       0x52 obj\debug\hardware_init.o
 .debug_macro   0x0003c921       0x35 obj\debug\hardware_init.o
 .debug_macro   0x0003c956       0x9c obj\debug\hardware_init.o
 .debug_macro   0x0003c9f2       0x1c obj\debug\hardware_init.o
 .debug_macro   0x0003ca0e      0x174 obj\debug\hardware_init.o
 .debug_macro   0x0003cb82       0x16 obj\debug\hardware_init.o
 .debug_macro   0x0003cb98       0x1c obj\debug\hardware_init.o
 .debug_macro   0x0003cbb4      0x216 obj\debug\hardware_init.o
 .debug_macro   0x0003cdca      0x2d4 obj\debug\main.o
 .debug_macro   0x0003d09e       0x4c obj\debug\main.o
 .debug_macro   0x0003d0ea       0x8d obj\debug\main.o
 .debug_macro   0x0003d177       0x16 obj\debug\main.o
 .debug_macro   0x0003d18d       0x4a obj\debug\main.o
 .debug_macro   0x0003d1d7       0x97 obj\debug\main.o
 .debug_macro   0x0003d26e      0x30d obj\debug\main.o
 .debug_macro   0x0003d57b       0xfd obj\debug\main.o
 .debug_macro   0x0003d678       0x10 obj\debug\main.o
 .debug_macro   0x0003d688       0x52 obj\debug\main.o
 .debug_macro   0x0003d6da       0x1f obj\debug\main.o
 .debug_macro   0x0003d6f9       0x43 obj\debug\main.o
 .debug_macro   0x0003d73c       0x20 obj\debug\main.o
 .debug_macro   0x0003d75c      0x187 obj\debug\main.o
 .debug_macro   0x0003d8e3       0x10 obj\debug\main.o
 .debug_macro   0x0003d8f3       0x1c obj\debug\main.o
 .debug_macro   0x0003d90f       0x52 obj\debug\main.o
 .debug_macro   0x0003d961       0x40 obj\debug\main.o
 .debug_macro   0x0003d9a1       0x10 obj\debug\main.o
 .debug_macro   0x0003d9b1       0x40 obj\debug\main.o
 .debug_macro   0x0003d9f1       0xd7 obj\debug\main.o
 .debug_macro   0x0003dac8       0x16 obj\debug\main.o
 .debug_macro   0x0003dade      0x189 obj\debug\main.o
 .debug_macro   0x0003dc67       0x28 obj\debug\main.o
 .debug_macro   0x0003dc8f       0x16 obj\debug\main.o
 .debug_macro   0x0003dca5       0x3b obj\debug\main.o
 .debug_macro   0x0003dce0       0x70 obj\debug\main.o
 .debug_macro   0x0003dd50       0x28 obj\debug\main.o
 .debug_macro   0x0003dd78      0x155 obj\debug\main.o
 .debug_macro   0x0003decd      0x279 obj\debug\~#\~#\board\udoo_neo\src\board.o
 .debug_macro   0x0003e146       0xfb obj\debug\~#\~#\board\udoo_neo\src\gpio_pins.o
 .debug_macro   0x0003e241       0xc7 obj\debug\~#\~#\board\udoo_neo\src\pin_mux.o
 .debug_macro   0x0003e308      0x144 obj\debug\~#\~#\os\config\src\cortexm4\os_internal_arch_cfg.o
 .debug_macro   0x0003e44c       0x34 obj\debug\~#\~#\os\config\src\cortexm4\os_internal_arch_cfg.o
 .debug_macro   0x0003e480       0x12 obj\debug\~#\~#\os\config\src\cortexm4\os_internal_arch_cfg.o
 .debug_macro   0x0003e492       0x7c obj\debug\~#\~#\os\config\src\cortexm4\os_internal_arch_cfg.o
 .debug_macro   0x0003e50e       0x10 obj\debug\~#\~#\os\config\src\cortexm4\os_internal_arch_cfg.o
 .debug_macro   0x0003e51e       0x9c obj\debug\~#\~#\os\config\src\cortexm4\os_internal_arch_cfg.o
 .debug_macro   0x0003e5ba       0x88 obj\debug\~#\~#\os\config\src\cortexm4\os_internal_arch_cfg.o
 .debug_macro   0x0003e642       0x44 obj\debug\~#\~#\os\config\src\cortexm4\os_internal_arch_cfg.o
 .debug_macro   0x0003e686       0xef obj\debug\~#\~#\os\config\src\os_cfg.o
 .debug_macro   0x0003e775       0xef obj\debug\~#\~#\os\config\src\os_internal_cfg.o
 .debug_macro   0x0003e864       0xef obj\debug\~#\~#\os\osek\src\activatetask.o
 .debug_macro   0x0003e953       0xef obj\debug\~#\~#\os\osek\src\clearevent.o
 .debug_macro   0x0003ea42       0xef obj\debug\~#\~#\os\osek\src\cortexm4\os_internal_arch.o
 .debug_macro   0x0003eb31       0xf3 obj\debug\~#\~#\os\osek\src\cortexm4\startos_arch.o
 .debug_macro   0x0003ec24       0xd0 obj\debug\~#\~#\os\osek\src\cortexm4\startos_arch_systick.o
 .debug_macro   0x0003ecf4       0x1c obj\debug\~#\~#\os\osek\src\cortexm4\startos_arch_systick.o
 .debug_macro   0x0003ed10       0xef obj\debug\~#\~#\os\osek\src\os.o
 .debug_macro   0x0003edff       0xef obj\debug\~#\~#\os\osek\src\os_internal.o
 .debug_macro   0x0003eeee       0xef obj\debug\~#\~#\os\osek\src\schedule.o
 .debug_macro   0x0003efdd       0xef obj\debug\~#\~#\os\osek\src\setevent.o
 .debug_macro   0x0003f0cc       0xef obj\debug\~#\~#\os\osek\src\setrelalarm.o
 .debug_macro   0x0003f1bb       0xef obj\debug\~#\~#\os\osek\src\shutdownos.o
 .debug_macro   0x0003f2aa       0xef obj\debug\~#\~#\os\osek\src\startos.o
 .debug_macro   0x0003f399       0xef obj\debug\~#\~#\os\osek\src\terminatetask.o
 .debug_macro   0x0003f488       0xef obj\debug\~#\~#\os\osek\src\waitevent.o
 .debug_macro   0x0003f577       0xc3 obj\debug\~#\~#\platform\devices\mcimx6x\startup\system_mcimx6x_m4.o
 .debug_macro   0x0003f63a      0x105 obj\debug\~#\~#\platform\drivers\src\gpio_imx.o
 .debug_macro   0x0003f73f      0x105 obj\debug\~#\~#\platform\drivers\src\uart_imx.o
 .debug_macro   0x0003f844      0x274 obj\debug\~#\~#\platform\utilities\src\debug_console_imx.o
 .debug_macro   0x0003fab8       0x58 obj\debug\~#\~#\platform\utilities\src\debug_console_imx.o
 .debug_macro   0x0003fb10       0x16 obj\debug\~#\~#\platform\utilities\src\debug_console_imx.o
 .debug_macro   0x0003fb26       0x35 obj\debug\~#\~#\platform\utilities\src\debug_console_imx.o
 .debug_macro   0x0003fb5b       0x16 obj\debug\~#\~#\platform\utilities\src\debug_console_imx.o
 .debug_macro   0x0003fb71       0x29 obj\debug\~#\~#\platform\utilities\src\debug_console_imx.o
 .debug_macro   0x0003fb9a       0x16 obj\debug\~#\~#\platform\utilities\src\debug_console_imx.o
 .debug_macro   0x0003fbb0      0x2e3 obj\debug\~#\~#\platform\utilities\src\print_scan.o
 .debug_macro   0x0003fe93       0x52 obj\debug\~#\~#\platform\utilities\src\print_scan.o
 .debug_macro   0x0003fee5       0xac obj\debug\~#\~#\platform\utilities\src\print_scan.o

.debug_line     0x00000000     0x701c
 .debug_line    0x00000000      0x3cc obj\debug\hardware_init.o
 .debug_line    0x000003cc      0x64c obj\debug\main.o
 .debug_line    0x00000a18      0x5e1 obj\debug\~#\~#\board\udoo_neo\src\board.o
 .debug_line    0x00000ff9      0x369 obj\debug\~#\~#\board\udoo_neo\src\gpio_pins.o
 .debug_line    0x00001362      0x3ee obj\debug\~#\~#\board\udoo_neo\src\pin_mux.o
 .debug_line    0x00001750      0x4bc obj\debug\~#\~#\os\config\src\cortexm4\os_internal_arch_cfg.o
 .debug_line    0x00001c0c      0x32a obj\debug\~#\~#\os\config\src\os_cfg.o
 .debug_line    0x00001f36      0x333 obj\debug\~#\~#\os\config\src\os_internal_cfg.o
 .debug_line    0x00002269      0x378 obj\debug\~#\~#\os\osek\src\activatetask.o
 .debug_line    0x000025e1      0x35d obj\debug\~#\~#\os\osek\src\clearevent.o
 .debug_line    0x0000293e      0x3a7 obj\debug\~#\~#\os\osek\src\cortexm4\os_internal_arch.o
 .debug_line    0x00002ce5       0x7f obj\debug\~#\~#\os\osek\src\cortexm4\pendsv.o
 .debug_line    0x00002d64      0x388 obj\debug\~#\~#\os\osek\src\cortexm4\startos_arch.o
 .debug_line    0x000030ec      0x3a0 obj\debug\~#\~#\os\osek\src\cortexm4\startos_arch_systick.o
 .debug_line    0x0000348c      0x324 obj\debug\~#\~#\os\osek\src\os.o
 .debug_line    0x000037b0      0x418 obj\debug\~#\~#\os\osek\src\os_internal.o
 .debug_line    0x00003bc8      0x3be obj\debug\~#\~#\os\osek\src\schedule.o
 .debug_line    0x00003f86      0x3a9 obj\debug\~#\~#\os\osek\src\setevent.o
 .debug_line    0x0000432f      0x36c obj\debug\~#\~#\os\osek\src\setrelalarm.o
 .debug_line    0x0000469b      0x343 obj\debug\~#\~#\os\osek\src\shutdownos.o
 .debug_line    0x000049de      0x375 obj\debug\~#\~#\os\osek\src\startos.o
 .debug_line    0x00004d53      0x366 obj\debug\~#\~#\os\osek\src\terminatetask.o
 .debug_line    0x000050b9      0x391 obj\debug\~#\~#\os\osek\src\waitevent.o
 .debug_line    0x0000544a       0x9c obj\debug\~#\~#\platform\devices\mcimx6x\startup\gcc\startup_mcimx6x_m4.o
 .debug_line    0x000054e6      0x3f4 obj\debug\~#\~#\platform\devices\mcimx6x\startup\system_mcimx6x_m4.o
 .debug_line    0x000058da      0x3db obj\debug\~#\~#\platform\drivers\src\gpio_imx.o
 .debug_line    0x00005cb5      0x5fc obj\debug\~#\~#\platform\drivers\src\uart_imx.o
 .debug_line    0x000062b1      0x677 obj\debug\~#\~#\platform\utilities\src\debug_console_imx.o
 .debug_line    0x00006928      0x6f4 obj\debug\~#\~#\platform\utilities\src\print_scan.o

.debug_str      0x00000000   0x1b584f
 .debug_str     0x00000000   0x1a8810 obj\debug\hardware_init.o
                             0x1a8a11 (size before relaxing)
 .debug_str     0x001a8810     0x431f obj\debug\main.o
                             0x1accfd (size before relaxing)
 .debug_str     0x001acb2f     0x16b6 obj\debug\~#\~#\board\udoo_neo\src\board.o
                             0x1ad76d (size before relaxing)
 .debug_str     0x001ae1e5     0x3af3 obj\debug\~#\~#\board\udoo_neo\src\gpio_pins.o
                             0x1ab433 (size before relaxing)
 .debug_str     0x001b1cd8      0x1c1 obj\debug\~#\~#\board\udoo_neo\src\pin_mux.o
                             0x1ab118 (size before relaxing)
 .debug_str     0x001b1e99      0xde8 obj\debug\~#\~#\os\config\src\cortexm4\os_internal_arch_cfg.o
                             0x1a8e07 (size before relaxing)
 .debug_str     0x001b2c81       0x6f obj\debug\~#\~#\os\config\src\os_cfg.o
                               0x4dbf (size before relaxing)
 .debug_str     0x001b2cf0      0x56a obj\debug\~#\~#\os\config\src\os_internal_cfg.o
                               0x5349 (size before relaxing)
 .debug_str     0x001b325a       0x88 obj\debug\~#\~#\os\osek\src\activatetask.o
                               0x501f (size before relaxing)
 .debug_str     0x001b32e2       0x2d obj\debug\~#\~#\os\osek\src\clearevent.o
                               0x5027 (size before relaxing)
 .debug_str     0x001b330f      0x127 obj\debug\~#\~#\os\osek\src\cortexm4\os_internal_arch.o
                               0x5075 (size before relaxing)
 .debug_str     0x001b3436       0x65 obj\debug\~#\~#\os\osek\src\cortexm4\startos_arch.o
                               0x4db5 (size before relaxing)
 .debug_str     0x001b349b      0x7de obj\debug\~#\~#\os\osek\src\cortexm4\startos_arch_systick.o
                             0x1a7ccb (size before relaxing)
 .debug_str     0x001b3c79       0x53 obj\debug\~#\~#\os\osek\src\os.o
                               0x4dd5 (size before relaxing)
 .debug_str     0x001b3ccc       0xf5 obj\debug\~#\~#\os\osek\src\os_internal.o
                               0x5309 (size before relaxing)
 .debug_str     0x001b3dc1       0x3d obj\debug\~#\~#\os\osek\src\schedule.o
                               0x5057 (size before relaxing)
 .debug_str     0x001b3dfe       0x29 obj\debug\~#\~#\os\osek\src\setevent.o
                               0x503b (size before relaxing)
 .debug_str     0x001b3e27       0x2f obj\debug\~#\~#\os\osek\src\setrelalarm.o
                               0x5027 (size before relaxing)
 .debug_str     0x001b3e56       0x2d obj\debug\~#\~#\os\osek\src\shutdownos.o
                               0x4d8e (size before relaxing)
 .debug_str     0x001b3e83       0x27 obj\debug\~#\~#\os\osek\src\startos.o
                               0x4f11 (size before relaxing)
 .debug_str     0x001b3eaa       0x33 obj\debug\~#\~#\os\osek\src\terminatetask.o
                               0x4f2c (size before relaxing)
 .debug_str     0x001b3edd       0x2b obj\debug\~#\~#\os\osek\src\waitevent.o
                               0x5036 (size before relaxing)
 .debug_str     0x001b3f08      0x3ce obj\debug\~#\~#\platform\devices\mcimx6x\startup\system_mcimx6x_m4.o
                             0x1a792a (size before relaxing)
 .debug_str     0x001b42d6       0x9b obj\debug\~#\~#\platform\drivers\src\gpio_imx.o
                             0x1a7ade (size before relaxing)
 .debug_str     0x001b4371      0x3d1 obj\debug\~#\~#\platform\drivers\src\uart_imx.o
                             0x1a7d6e (size before relaxing)
 .debug_str     0x001b4742      0x7bb obj\debug\~#\~#\platform\utilities\src\debug_console_imx.o
                             0x1aba0b (size before relaxing)
 .debug_str     0x001b4efd      0x952 obj\debug\~#\~#\platform\utilities\src\print_scan.o
                               0x7b83 (size before relaxing)

.comment        0x00000000       0x6e
 .comment       0x00000000       0x6e obj\debug\hardware_init.o
                                 0x6f (size before relaxing)
 .comment       0x0000006e       0x6f obj\debug\main.o
 .comment       0x0000006e       0x6f obj\debug\~#\~#\board\udoo_neo\src\board.o
 .comment       0x0000006e       0x6f obj\debug\~#\~#\board\udoo_neo\src\gpio_pins.o
 .comment       0x0000006e       0x6f obj\debug\~#\~#\board\udoo_neo\src\pin_mux.o
 .comment       0x0000006e       0x6f obj\debug\~#\~#\os\config\src\cortexm4\os_internal_arch_cfg.o
 .comment       0x0000006e       0x6f obj\debug\~#\~#\os\config\src\os_cfg.o
 .comment       0x0000006e       0x6f obj\debug\~#\~#\os\config\src\os_internal_cfg.o
 .comment       0x0000006e       0x6f obj\debug\~#\~#\os\osek\src\activatetask.o
 .comment       0x0000006e       0x6f obj\debug\~#\~#\os\osek\src\clearevent.o
 .comment       0x0000006e       0x6f obj\debug\~#\~#\os\osek\src\cortexm4\os_internal_arch.o
 .comment       0x0000006e       0x6f obj\debug\~#\~#\os\osek\src\cortexm4\startos_arch.o
 .comment       0x0000006e       0x6f obj\debug\~#\~#\os\osek\src\cortexm4\startos_arch_systick.o
 .comment       0x0000006e       0x6f obj\debug\~#\~#\os\osek\src\os.o
 .comment       0x0000006e       0x6f obj\debug\~#\~#\os\osek\src\os_internal.o
 .comment       0x0000006e       0x6f obj\debug\~#\~#\os\osek\src\schedule.o
 .comment       0x0000006e       0x6f obj\debug\~#\~#\os\osek\src\setevent.o
 .comment       0x0000006e       0x6f obj\debug\~#\~#\os\osek\src\setrelalarm.o
 .comment       0x0000006e       0x6f obj\debug\~#\~#\os\osek\src\shutdownos.o
 .comment       0x0000006e       0x6f obj\debug\~#\~#\os\osek\src\startos.o
 .comment       0x0000006e       0x6f obj\debug\~#\~#\os\osek\src\terminatetask.o
 .comment       0x0000006e       0x6f obj\debug\~#\~#\os\osek\src\waitevent.o
 .comment       0x0000006e       0x6f obj\debug\~#\~#\platform\devices\mcimx6x\startup\system_mcimx6x_m4.o
 .comment       0x0000006e       0x6f obj\debug\~#\~#\platform\drivers\src\gpio_imx.o
 .comment       0x0000006e       0x6f obj\debug\~#\~#\platform\drivers\src\uart_imx.o
 .comment       0x0000006e       0x6f obj\debug\~#\~#\platform\utilities\src\debug_console_imx.o
 .comment       0x0000006e       0x6f obj\debug\~#\~#\platform\utilities\src\print_scan.o

.debug_frame    0x00000000     0x1ac8
 .debug_frame   0x00000000       0x2c obj\debug\hardware_init.o
 .debug_frame   0x0000002c       0xfc obj\debug\main.o
 .debug_frame   0x00000128      0x158 obj\debug\~#\~#\board\udoo_neo\src\board.o
 .debug_frame   0x00000280       0x34 obj\debug\~#\~#\board\udoo_neo\src\gpio_pins.o
 .debug_frame   0x000002b4       0xd8 obj\debug\~#\~#\board\udoo_neo\src\pin_mux.o
 .debug_frame   0x0000038c      0x118 obj\debug\~#\~#\os\config\src\cortexm4\os_internal_arch_cfg.o
 .debug_frame   0x000004a4       0x34 obj\debug\~#\~#\os\osek\src\activatetask.o
 .debug_frame   0x000004d8       0x38 obj\debug\~#\~#\os\osek\src\clearevent.o
 .debug_frame   0x00000510       0x90 obj\debug\~#\~#\os\osek\src\cortexm4\os_internal_arch.o
 .debug_frame   0x000005a0       0x50 obj\debug\~#\~#\os\osek\src\cortexm4\startos_arch.o
 .debug_frame   0x000005f0       0x78 obj\debug\~#\~#\os\osek\src\cortexm4\startos_arch_systick.o
 .debug_frame   0x00000668       0xf0 obj\debug\~#\~#\os\osek\src\os_internal.o
 .debug_frame   0x00000758       0x38 obj\debug\~#\~#\os\osek\src\schedule.o
 .debug_frame   0x00000790       0x38 obj\debug\~#\~#\os\osek\src\setevent.o
 .debug_frame   0x000007c8       0x34 obj\debug\~#\~#\os\osek\src\setrelalarm.o
 .debug_frame   0x000007fc       0x2c obj\debug\~#\~#\os\osek\src\shutdownos.o
 .debug_frame   0x00000828       0x30 obj\debug\~#\~#\os\osek\src\startos.o
 .debug_frame   0x00000858       0x34 obj\debug\~#\~#\os\osek\src\terminatetask.o
 .debug_frame   0x0000088c       0x38 obj\debug\~#\~#\os\osek\src\waitevent.o
 .debug_frame   0x000008c4       0x60 obj\debug\~#\~#\platform\devices\mcimx6x\startup\system_mcimx6x_m4.o
 .debug_frame   0x00000924       0xa4 obj\debug\~#\~#\platform\drivers\src\gpio_imx.o
 .debug_frame   0x000009c8      0x408 obj\debug\~#\~#\platform\drivers\src\uart_imx.o
 .debug_frame   0x00000dd0      0x264 obj\debug\~#\~#\platform\utilities\src\debug_console_imx.o
 .debug_frame   0x00001034       0xfc obj\debug\~#\~#\platform\utilities\src\print_scan.o
 .debug_frame   0x00001130       0x40 c:/program files/embitz/1.11/share/em_armgcc/bin/../lib/gcc/arm-none-eabi/5.4.1/../../../../arm-none-eabi/lib/armv7e-m/fpu\libg_n.a(lib_a-assert.o)
 .debug_frame   0x00001170       0x28 c:/program files/embitz/1.11/share/em_armgcc/bin/../lib/gcc/arm-none-eabi/5.4.1/../../../../arm-none-eabi/lib/armv7e-m/fpu\libg_n.a(lib_a-exit.o)
 .debug_frame   0x00001198       0x64 c:/program files/embitz/1.11/share/em_armgcc/bin/../lib/gcc/arm-none-eabi/5.4.1/../../../../arm-none-eabi/lib/armv7e-m/fpu\libg_n.a(lib_a-fprintf.o)
 .debug_frame   0x000011fc       0x2c c:/program files/embitz/1.11/share/em_armgcc/bin/../lib/gcc/arm-none-eabi/5.4.1/../../../../arm-none-eabi/lib/armv7e-m/fpu\libg_n.a(lib_a-init.o)
 .debug_frame   0x00001228       0x20 c:/program files/embitz/1.11/share/em_armgcc/bin/../lib/gcc/arm-none-eabi/5.4.1/../../../../arm-none-eabi/lib/armv7e-m/fpu\libg_n.a(lib_a-memset.o)
 .debug_frame   0x00001248       0x38 c:/program files/embitz/1.11/share/em_armgcc/bin/../lib/gcc/arm-none-eabi/5.4.1/../../../../arm-none-eabi/lib/armv7e-m/fpu\libg_n.a(lib_a-nano-freer.o)
 .debug_frame   0x00001280       0x2c c:/program files/embitz/1.11/share/em_armgcc/bin/../lib/gcc/arm-none-eabi/5.4.1/../../../../arm-none-eabi/lib/armv7e-m/fpu\libg_n.a(lib_a-nano-mallocr.o)
 .debug_frame   0x000012ac       0xac c:/program files/embitz/1.11/share/em_armgcc/bin/../lib/gcc/arm-none-eabi/5.4.1/../../../../arm-none-eabi/lib/armv7e-m/fpu\libg_n.a(lib_a-nano-vfprintf.o)
 .debug_frame   0x00001358       0x60 c:/program files/embitz/1.11/share/em_armgcc/bin/../lib/gcc/arm-none-eabi/5.4.1/../../../../arm-none-eabi/lib/armv7e-m/fpu\libg_n.a(lib_a-nano-vfprintf_i.o)
 .debug_frame   0x000013b8       0x2c c:/program files/embitz/1.11/share/em_armgcc/bin/../lib/gcc/arm-none-eabi/5.4.1/../../../../arm-none-eabi/lib/armv7e-m/fpu\libg_n.a(lib_a-sbrkr.o)
 .debug_frame   0x000013e4       0x40 c:/program files/embitz/1.11/share/em_armgcc/bin/../lib/gcc/arm-none-eabi/5.4.1/../../../../arm-none-eabi/lib/armv7e-m/fpu\libg_n.a(lib_a-wbuf.o)
 .debug_frame   0x00001424       0x2c c:/program files/embitz/1.11/share/em_armgcc/bin/../lib/gcc/arm-none-eabi/5.4.1/../../../../arm-none-eabi/lib/armv7e-m/fpu\libg_n.a(lib_a-wsetup.o)
 .debug_frame   0x00001450       0x28 c:/program files/embitz/1.11/share/em_armgcc/bin/../lib/gcc/arm-none-eabi/5.4.1/../../../../arm-none-eabi/lib/armv7e-m/fpu\libg_n.a(lib_a-abort.o)
 .debug_frame   0x00001478       0x68 c:/program files/embitz/1.11/share/em_armgcc/bin/../lib/gcc/arm-none-eabi/5.4.1/../../../../arm-none-eabi/lib/armv7e-m/fpu\libg_n.a(lib_a-fflush.o)
 .debug_frame   0x000014e0      0x11c c:/program files/embitz/1.11/share/em_armgcc/bin/../lib/gcc/arm-none-eabi/5.4.1/../../../../arm-none-eabi/lib/armv7e-m/fpu\libg_n.a(lib_a-findfp.o)
 .debug_frame   0x000015fc       0x54 c:/program files/embitz/1.11/share/em_armgcc/bin/../lib/gcc/arm-none-eabi/5.4.1/../../../../arm-none-eabi/lib/armv7e-m/fpu\libg_n.a(lib_a-fwalk.o)
 .debug_frame   0x00001650       0x54 c:/program files/embitz/1.11/share/em_armgcc/bin/../lib/gcc/arm-none-eabi/5.4.1/../../../../arm-none-eabi/lib/armv7e-m/fpu\libg_n.a(lib_a-makebuf.o)
 .debug_frame   0x000016a4       0x30 c:/program files/embitz/1.11/share/em_armgcc/bin/../lib/gcc/arm-none-eabi/5.4.1/../../../../arm-none-eabi/lib/armv7e-m/fpu\libg_n.a(lib_a-mlock.o)
 .debug_frame   0x000016d4       0x5c c:/program files/embitz/1.11/share/em_armgcc/bin/../lib/gcc/arm-none-eabi/5.4.1/../../../../arm-none-eabi/lib/armv7e-m/fpu\libg_n.a(lib_a-reent.o)
 .debug_frame   0x00001730       0xcc c:/program files/embitz/1.11/share/em_armgcc/bin/../lib/gcc/arm-none-eabi/5.4.1/../../../../arm-none-eabi/lib/armv7e-m/fpu\libg_n.a(lib_a-signal.o)
 .debug_frame   0x000017fc       0x3c c:/program files/embitz/1.11/share/em_armgcc/bin/../lib/gcc/arm-none-eabi/5.4.1/../../../../arm-none-eabi/lib/armv7e-m/fpu\libg_n.a(lib_a-signalr.o)
 .debug_frame   0x00001838       0x88 c:/program files/embitz/1.11/share/em_armgcc/bin/../lib/gcc/arm-none-eabi/5.4.1/../../../../arm-none-eabi/lib/armv7e-m/fpu\libg_n.a(lib_a-stdio.o)
 .debug_frame   0x000018c0       0x2c c:/program files/embitz/1.11/share/em_armgcc/bin/../lib/gcc/arm-none-eabi/5.4.1/../../../../arm-none-eabi/lib/armv7e-m/fpu\libg_n.a(lib_a-writer.o)
 .debug_frame   0x000018ec       0x2c c:/program files/embitz/1.11/share/em_armgcc/bin/../lib/gcc/arm-none-eabi/5.4.1/../../../../arm-none-eabi/lib/armv7e-m/fpu\libg_n.a(lib_a-closer.o)
 .debug_frame   0x00001918       0x2c c:/program files/embitz/1.11/share/em_armgcc/bin/../lib/gcc/arm-none-eabi/5.4.1/../../../../arm-none-eabi/lib/armv7e-m/fpu\libg_n.a(lib_a-fstatr.o)
 .debug_frame   0x00001944       0x2c c:/program files/embitz/1.11/share/em_armgcc/bin/../lib/gcc/arm-none-eabi/5.4.1/../../../../arm-none-eabi/lib/armv7e-m/fpu\libg_n.a(lib_a-isattyr.o)
 .debug_frame   0x00001970       0x2c c:/program files/embitz/1.11/share/em_armgcc/bin/../lib/gcc/arm-none-eabi/5.4.1/../../../../arm-none-eabi/lib/armv7e-m/fpu\libg_n.a(lib_a-lseekr.o)
 .debug_frame   0x0000199c       0x2c c:/program files/embitz/1.11/share/em_armgcc/bin/../lib/gcc/arm-none-eabi/5.4.1/../../../../arm-none-eabi/lib/armv7e-m/fpu\libg_n.a(lib_a-readr.o)
 .debug_frame   0x000019c8       0x20 c:/program files/embitz/1.11/share/em_armgcc/bin/../lib/gcc/arm-none-eabi/5.4.1/../../../../arm-none-eabi/lib/armv7e-m/fpu\libnosys_s.a(close.o)
 .debug_frame   0x000019e8       0x20 c:/program files/embitz/1.11/share/em_armgcc/bin/../lib/gcc/arm-none-eabi/5.4.1/../../../../arm-none-eabi/lib/armv7e-m/fpu\libnosys_s.a(fstat.o)
 .debug_frame   0x00001a08       0x20 c:/program files/embitz/1.11/share/em_armgcc/bin/../lib/gcc/arm-none-eabi/5.4.1/../../../../arm-none-eabi/lib/armv7e-m/fpu\libnosys_s.a(getpid.o)
 .debug_frame   0x00001a28       0x20 c:/program files/embitz/1.11/share/em_armgcc/bin/../lib/gcc/arm-none-eabi/5.4.1/../../../../arm-none-eabi/lib/armv7e-m/fpu\libnosys_s.a(isatty.o)
 .debug_frame   0x00001a48       0x20 c:/program files/embitz/1.11/share/em_armgcc/bin/../lib/gcc/arm-none-eabi/5.4.1/../../../../arm-none-eabi/lib/armv7e-m/fpu\libnosys_s.a(kill.o)
 .debug_frame   0x00001a68       0x20 c:/program files/embitz/1.11/share/em_armgcc/bin/../lib/gcc/arm-none-eabi/5.4.1/../../../../arm-none-eabi/lib/armv7e-m/fpu\libnosys_s.a(lseek.o)
 .debug_frame   0x00001a88       0x20 c:/program files/embitz/1.11/share/em_armgcc/bin/../lib/gcc/arm-none-eabi/5.4.1/../../../../arm-none-eabi/lib/armv7e-m/fpu\libnosys_s.a(sbrk.o)
 .debug_frame   0x00001aa8       0x20 c:/program files/embitz/1.11/share/em_armgcc/bin/../lib/gcc/arm-none-eabi/5.4.1/../../../../arm-none-eabi/lib/armv7e-m/fpu\libnosys_s.a(_exit.o)

.stab           0x00000000       0x9c
 .stab          0x00000000       0x24 c:/program files/embitz/1.11/share/em_armgcc/bin/../lib/gcc/arm-none-eabi/5.4.1/../../../../arm-none-eabi/lib/armv7e-m/fpu\libnosys_s.a(close.o)
 .stab          0x00000024       0x18 c:/program files/embitz/1.11/share/em_armgcc/bin/../lib/gcc/arm-none-eabi/5.4.1/../../../../arm-none-eabi/lib/armv7e-m/fpu\libnosys_s.a(fstat.o)
                                 0x24 (size before relaxing)
 .stab          0x0000003c       0x18 c:/program files/embitz/1.11/share/em_armgcc/bin/../lib/gcc/arm-none-eabi/5.4.1/../../../../arm-none-eabi/lib/armv7e-m/fpu\libnosys_s.a(getpid.o)
                                 0x24 (size before relaxing)
 .stab          0x00000054       0x18 c:/program files/embitz/1.11/share/em_armgcc/bin/../lib/gcc/arm-none-eabi/5.4.1/../../../../arm-none-eabi/lib/armv7e-m/fpu\libnosys_s.a(isatty.o)
                                 0x24 (size before relaxing)
 .stab          0x0000006c       0x18 c:/program files/embitz/1.11/share/em_armgcc/bin/../lib/gcc/arm-none-eabi/5.4.1/../../../../arm-none-eabi/lib/armv7e-m/fpu\libnosys_s.a(kill.o)
                                 0x24 (size before relaxing)
 .stab          0x00000084       0x18 c:/program files/embitz/1.11/share/em_armgcc/bin/../lib/gcc/arm-none-eabi/5.4.1/../../../../arm-none-eabi/lib/armv7e-m/fpu\libnosys_s.a(lseek.o)
                                 0x24 (size before relaxing)

.stabstr        0x00000000      0x14f
 .stabstr       0x00000000      0x14f c:/program files/embitz/1.11/share/em_armgcc/bin/../lib/gcc/arm-none-eabi/5.4.1/../../../../arm-none-eabi/lib/armv7e-m/fpu\libnosys_s.a(close.o)
