Archive member included to satisfy reference by file (symbol)

c:/program files (x86)/embitz/1.11/share/em_armgcc/bin/../lib/gcc/arm-none-eabi/5.4.1/armv7e-m/fpu\libgcc.a(_aeabi_uldivmod.o)
                              obj\debug\~#\~#\platform\devices\mcimx6x\startup\system_mcimx6x_m4.o (__aeabi_uldivmod)
c:/program files (x86)/embitz/1.11/share/em_armgcc/bin/../lib/gcc/arm-none-eabi/5.4.1/armv7e-m/fpu\libgcc.a(_udivmoddi4.o)
                              c:/program files (x86)/embitz/1.11/share/em_armgcc/bin/../lib/gcc/arm-none-eabi/5.4.1/armv7e-m/fpu\libgcc.a(_aeabi_uldivmod.o) (__udivmoddi4)
c:/program files (x86)/embitz/1.11/share/em_armgcc/bin/../lib/gcc/arm-none-eabi/5.4.1/armv7e-m/fpu\libgcc.a(_dvmd_tls.o)
                              c:/program files (x86)/embitz/1.11/share/em_armgcc/bin/../lib/gcc/arm-none-eabi/5.4.1/armv7e-m/fpu\libgcc.a(_aeabi_uldivmod.o) (__aeabi_ldiv0)
c:/program files (x86)/embitz/1.11/share/em_armgcc/bin/../lib/gcc/arm-none-eabi/5.4.1/../../../../arm-none-eabi/lib/armv7e-m/fpu\libg_n.a(lib_a-assert.o)
                              obj\debug\main.o (__assert_func)
c:/program files (x86)/embitz/1.11/share/em_armgcc/bin/../lib/gcc/arm-none-eabi/5.4.1/../../../../arm-none-eabi/lib/armv7e-m/fpu\libg_n.a(lib_a-exit.o)
                              c:/program files (x86)/embitz/1.11/share/em_armgcc/bin/../lib/gcc/arm-none-eabi/5.4.1/../../../../arm-none-eabi/lib/armv7e-m/fpu/crt0.o (exit)
c:/program files (x86)/embitz/1.11/share/em_armgcc/bin/../lib/gcc/arm-none-eabi/5.4.1/../../../../arm-none-eabi/lib/armv7e-m/fpu\libg_n.a(lib_a-fprintf.o)
                              c:/program files (x86)/embitz/1.11/share/em_armgcc/bin/../lib/gcc/arm-none-eabi/5.4.1/../../../../arm-none-eabi/lib/armv7e-m/fpu\libg_n.a(lib_a-assert.o) (fiprintf)
c:/program files (x86)/embitz/1.11/share/em_armgcc/bin/../lib/gcc/arm-none-eabi/5.4.1/../../../../arm-none-eabi/lib/armv7e-m/fpu\libg_n.a(lib_a-impure.o)
                              c:/program files (x86)/embitz/1.11/share/em_armgcc/bin/../lib/gcc/arm-none-eabi/5.4.1/../../../../arm-none-eabi/lib/armv7e-m/fpu\libg_n.a(lib_a-exit.o) (_global_impure_ptr)
c:/program files (x86)/embitz/1.11/share/em_armgcc/bin/../lib/gcc/arm-none-eabi/5.4.1/../../../../arm-none-eabi/lib/armv7e-m/fpu\libg_n.a(lib_a-init.o)
                              c:/program files (x86)/embitz/1.11/share/em_armgcc/bin/../lib/gcc/arm-none-eabi/5.4.1/../../../../arm-none-eabi/lib/armv7e-m/fpu/crt0.o (__libc_init_array)
c:/program files (x86)/embitz/1.11/share/em_armgcc/bin/../lib/gcc/arm-none-eabi/5.4.1/../../../../arm-none-eabi/lib/armv7e-m/fpu\libg_n.a(lib_a-malloc.o)
                              obj\debug\~#\~#\services\src\message.o (malloc)
c:/program files (x86)/embitz/1.11/share/em_armgcc/bin/../lib/gcc/arm-none-eabi/5.4.1/../../../../arm-none-eabi/lib/armv7e-m/fpu\libg_n.a(lib_a-memset.o)
                              c:/program files (x86)/embitz/1.11/share/em_armgcc/bin/../lib/gcc/arm-none-eabi/5.4.1/../../../../arm-none-eabi/lib/armv7e-m/fpu/crt0.o (memset)
c:/program files (x86)/embitz/1.11/share/em_armgcc/bin/../lib/gcc/arm-none-eabi/5.4.1/../../../../arm-none-eabi/lib/armv7e-m/fpu\libg_n.a(lib_a-nano-freer.o)
                              c:/program files (x86)/embitz/1.11/share/em_armgcc/bin/../lib/gcc/arm-none-eabi/5.4.1/../../../../arm-none-eabi/lib/armv7e-m/fpu\libg_n.a(lib_a-malloc.o) (_free_r)
c:/program files (x86)/embitz/1.11/share/em_armgcc/bin/../lib/gcc/arm-none-eabi/5.4.1/../../../../arm-none-eabi/lib/armv7e-m/fpu\libg_n.a(lib_a-nano-mallocr.o)
                              c:/program files (x86)/embitz/1.11/share/em_armgcc/bin/../lib/gcc/arm-none-eabi/5.4.1/../../../../arm-none-eabi/lib/armv7e-m/fpu\libg_n.a(lib_a-malloc.o) (_malloc_r)
c:/program files (x86)/embitz/1.11/share/em_armgcc/bin/../lib/gcc/arm-none-eabi/5.4.1/../../../../arm-none-eabi/lib/armv7e-m/fpu\libg_n.a(lib_a-nano-vfprintf.o)
                              c:/program files (x86)/embitz/1.11/share/em_armgcc/bin/../lib/gcc/arm-none-eabi/5.4.1/../../../../arm-none-eabi/lib/armv7e-m/fpu\libg_n.a(lib_a-fprintf.o) (_vfprintf_r)
c:/program files (x86)/embitz/1.11/share/em_armgcc/bin/../lib/gcc/arm-none-eabi/5.4.1/../../../../arm-none-eabi/lib/armv7e-m/fpu\libg_n.a(lib_a-nano-vfprintf_i.o)
                              c:/program files (x86)/embitz/1.11/share/em_armgcc/bin/../lib/gcc/arm-none-eabi/5.4.1/../../../../arm-none-eabi/lib/armv7e-m/fpu\libg_n.a(lib_a-nano-vfprintf.o) (_printf_i)
c:/program files (x86)/embitz/1.11/share/em_armgcc/bin/../lib/gcc/arm-none-eabi/5.4.1/../../../../arm-none-eabi/lib/armv7e-m/fpu\libg_n.a(lib_a-sbrkr.o)
                              c:/program files (x86)/embitz/1.11/share/em_armgcc/bin/../lib/gcc/arm-none-eabi/5.4.1/../../../../arm-none-eabi/lib/armv7e-m/fpu\libg_n.a(lib_a-nano-mallocr.o) (_sbrk_r)
c:/program files (x86)/embitz/1.11/share/em_armgcc/bin/../lib/gcc/arm-none-eabi/5.4.1/../../../../arm-none-eabi/lib/armv7e-m/fpu\libg_n.a(lib_a-strlen.o)
[...]
Memory Configuration

Name             Origin             Length             Attributes
m_interrupts     0x1fff8000         0x00000300         xr
m_text           0x1fff8300         0x00006000         xr
m_heap           0x1fffe300         0x00001d00         rw
m_data           0x20000000         0x00008000         rw
*default*        0x00000000         0xffffffff

Linker script and memory map

LOAD c:/program files (x86)/embitz/1.11/share/em_armgcc/bin/../lib/gcc/arm-none-eabi/5.4.1/armv7e-m/fpu/crti.o
LOAD c:/program files (x86)/embitz/1.11/share/em_armgcc/bin/../lib/gcc/arm-none-eabi/5.4.1/armv7e-m/fpu/crtbegin.o
LOAD c:/program files (x86)/embitz/1.11/share/em_armgcc/bin/../lib/gcc/arm-none-eabi/5.4.1/../../../../arm-none-eabi/lib/armv7e-m/fpu/crt0.o
                0x00010000                __HEAP_SIZE = 0x10000
                0x00000400                __STACK_SIZE = 0x400
                0x00001000                HEAP_SIZE = DEFINED (__heap_size__)?__heap_size__:0x1000
                0x00002000                STACK_SIZE = DEFINED (__stack_size__)?__stack_size__:0x2000

.interrupts     0x1fff8000      0x240
                0x1fff8000                __VECTOR_TABLE = .
                0x1fff8000                . = ALIGN (0x4)
 *(.isr_vector)
 .isr_vector    0x1fff8000      0x240 obj\debug\~#\~#\os\config\src\cortexm4\os_internal_arch_cfg.o
                0x1fff8000                g_pfnVectors
                0x1fff8240                . = ALIGN (0x4)

.text           0x1fff8300     0x3d9c
                0x1fff8300                . = ALIGN (0x4)
 *(.text)
 .text          0x1fff8300       0x5c c:/program files (x86)/embitz/1.11/share/em_armgcc/bin/../lib/gcc/arm-none-eabi/5.4.1/armv7e-m/fpu/crtbegin.o
 .text          0x1fff835c       0x74 c:/program files (x86)/embitz/1.11/share/em_armgcc/bin/../lib/gcc/arm-none-eabi/5.4.1/../../../../arm-none-eabi/lib/armv7e-m/fpu/crt0.o
                0x1fff835c                _start
                0x1fff835c                _mainCRTStartup
 .text          0x1fff83d0       0x38 obj\debug\~#\~#\os\config\src\cortexm4\os_internal_arch_cfg.o
                0x1fff83d0                NMI_Handler
                0x1fff83d8                HardFault_Handler
                0x1fff83e0                MemManage_Handler
                0x1fff83e8                BusFault_Handler
                0x1fff83f0                UsageFault_Handler
                0x1fff83f8                SVC_Handler
                0x1fff8400                DebugMon_Handler
 .text          0x1fff8408       0x7c obj\debug\~#\~#\os\osek\src\cortexm4\pendsv.o
                0x1fff8408                PendSV_Handler
 .text          0x1fff8484       0x58 obj\debug\~#\~#\platform\devices\mcimx6x\startup\gcc\startup_mcimx6x_m4.o
                0x1fff8484                Reset_Handler
 .text          0x1fff84dc       0x10 c:/program files (x86)/embitz/1.11/share/em_armgcc/bin/../lib/gcc/arm-none-eabi/5.4.1/../../../../arm-none-eabi/lib/armv7e-m/fpu\libg_n.a(lib_a-strlen.o)
                0x1fff84dc                strlen
 *fill*         0x1fff84ec        0x4 
 .text          0x1fff84f0       0xa0 c:/program files (x86)/embitz/1.11/share/em_armgcc/bin/../lib/gcc/arm-none-eabi/5.4.1/../../../../arm-none-eabi/lib/armv7e-m/fpu\libg_n.a(lib_a-memchr.o)
                0x1fff84f0                memchr
 *(.text*)
 .text.hardware_init
                0x1fff8590       0x14 obj\debug\hardware_init.o
                0x1fff8590                hardware_init
 .text.NVIC_EnableIRQ
                0x1fff85a4       0x34 obj\debug\main.o
 .text.NVIC_SetPriority
                0x1fff85d8       0x54 obj\debug\main.o
 .text.UART_Enable
                0x1fff862c       0x24 obj\debug\main.o
 .text.UART_SetTxFifoWatermark
                0x1fff8650       0x54 obj\debug\main.o
 .text.UART_SetRxFifoWatermark
                0x1fff86a4       0x4c obj\debug\main.o
 .text.Init_GPIO_LED
                0x1fff86f0       0x30 obj\debug\main.o
                0x1fff86f0                Init_GPIO_LED
 .text.UART_XFER_Config
                0x1fff8720       0x68 obj\debug\main.o
 .text.UART_XFER_Write
                0x1fff8788       0x50 obj\debug\main.o
 .text.UART_XFER_GetWriteStatus
                0x1fff87d8       0x18 obj\debug\main.o
 .text.UART_XFER_Read
                0x1fff87f0       0x50 obj\debug\main.o
 .text.UART_XFER_GetReadStatus
                0x1fff8840       0x18 obj\debug\main.o
 .text.main     0x1fff8858       0x88 obj\debug\main.o
                0x1fff8858                main
 .text.ErrorHook
                0x1fff88e0       0x18 obj\debug\main.o
                0x1fff88e0                ErrorHook
 .text.OSEK_TASK_TaskUartReceive
                0x1fff88f8       0x2c obj\debug\main.o
                0x1fff88f8                OSEK_TASK_TaskUartReceive
 .text.OSEK_TASK_TaskLed
                0x1fff8924       0x5c obj\debug\main.o
                0x1fff8924                OSEK_TASK_TaskLed
 .text.OSEK_TASK_TaskIdle
                0x1fff8980        0x8 obj\debug\main.o
                0x1fff8980                OSEK_TASK_TaskIdle
 .text.RDC_SetDomainID
                0x1fff8988       0x58 obj\debug\~#\~#\board\udoo_neo\src\board.o
 .text.RDC_SetPdapAccess
                0x1fff89e0       0x54 obj\debug\~#\~#\board\udoo_neo\src\board.o
 .text.CCM_SetRootMux
                0x1fff8a34       0x60 obj\debug\~#\~#\board\udoo_neo\src\board.o
 .text.CCM_SetRootDivider
                0x1fff8a94       0x60 obj\debug\~#\~#\board\udoo_neo\src\board.o
 .text.CCM_ControlGate
                0x1fff8af4       0x60 obj\debug\~#\~#\board\udoo_neo\src\board.o
 .text.WDOG_DisablePowerdown
                0x1fff8b54       0x24 obj\debug\~#\~#\board\udoo_neo\src\board.o
 .text.BOARD_ClockInit
                0x1fff8b78       0x50 obj\debug\~#\~#\board\udoo_neo\src\board.o
                0x1fff8b78                BOARD_ClockInit
 .text.dbg_uart_init
                0x1fff8bc8       0x78 obj\debug\~#\~#\board\udoo_neo\src\board.o
                0x1fff8bc8                dbg_uart_init
 .text.BOARD_RdcInit
                0x1fff8c40       0x18 obj\debug\~#\~#\board\udoo_neo\src\board.o
                0x1fff8c40                BOARD_RdcInit
 .text.CCM_GetRootMux
                0x1fff8c58       0x40 obj\debug\~#\~#\board\udoo_neo\src\clock_freq.o
 .text.CCM_GetRootDivider
                0x1fff8c98       0x40 obj\debug\~#\~#\board\udoo_neo\src\clock_freq.o
 .text.get_uart_clock_freq
                0x1fff8cd8       0x94 obj\debug\~#\~#\board\udoo_neo\src\clock_freq.o
                0x1fff8cd8                get_uart_clock_freq
 .text.configure_gpio_pin
                0x1fff8d6c       0x44 obj\debug\~#\~#\board\udoo_neo\src\gpio_pins.o
                0x1fff8d6c                configure_gpio_pin
 .text.configure_uart_pins
                0x1fff8db0       0x84 obj\debug\~#\~#\board\udoo_neo\src\pin_mux.o
                0x1fff8db0                configure_uart_pins
 .text.Enable_User_ISRs
                0x1fff8e34       0x10 obj\debug\~#\~#\os\config\src\cortexm4\os_internal_arch_cfg.o
                0x1fff8e34                Enable_User_ISRs
 .text.ActivateTask
                0x1fff8e44      0x1e8 obj\debug\~#\~#\os\osek\src\activatetask.o
                0x1fff8e44                ActivateTask
 .text.ReturnHook_Arch
                0x1fff902c        0x8 obj\debug\~#\~#\os\osek\src\cortexm4\os_internal_arch.o
                0x1fff902c                ReturnHook_Arch
 .text.CheckTerminatingTask_Arch
                0x1fff9034       0x24 obj\debug\~#\~#\os\osek\src\cortexm4\os_internal_arch.o
                0x1fff9034                CheckTerminatingTask_Arch
 .text.InitStack_Arch
                0x1fff9058       0xc8 obj\debug\~#\~#\os\osek\src\cortexm4\os_internal_arch.o
                0x1fff9058                InitStack_Arch
 .text.SysTick_Handler
                0x1fff9120       0x58 obj\debug\~#\~#\os\osek\src\cortexm4\os_internal_arch.o
                0x1fff9120                SysTick_Handler
 .text.StartOs_Arch_Cpu
                0x1fff9178       0x10 obj\debug\~#\~#\os\osek\src\cortexm4\startos_arch.o
                0x1fff9178                StartOs_Arch_Cpu
 .text.StartOs_Arch
                0x1fff9188       0x30 obj\debug\~#\~#\os\osek\src\cortexm4\startos_arch.o
                0x1fff9188                StartOs_Arch
 .text.NVIC_SetPriority
                0x1fff91b8       0x54 obj\debug\~#\~#\os\osek\src\cortexm4\startos_arch_systick.o
 .text.SysTick_Config
                0x1fff920c       0x44 obj\debug\~#\~#\os\osek\src\cortexm4\startos_arch_systick.o
 .text.StartOs_Arch_SysTick
                0x1fff9250       0x48 obj\debug\~#\~#\os\osek\src\cortexm4\startos_arch_systick.o
                0x1fff9250                StartOs_Arch_SysTick
 .text.AddReady
                0x1fff9298       0xb4 obj\debug\~#\~#\os\osek\src\os_internal.o
                0x1fff9298                AddReady
 .text.RemoveTask
                0x1fff934c       0x98 obj\debug\~#\~#\os\osek\src\os_internal.o
                0x1fff934c                RemoveTask
 .text.GetNextTask
                0x1fff93e4       0x6c obj\debug\~#\~#\os\osek\src\os_internal.o
                0x1fff93e4                GetNextTask
 .text.OSEK_ISR_NoHandler
                0x1fff9450        0x8 obj\debug\~#\~#\os\osek\src\os_internal.o
                0x1fff9450                OSEK_ISR_NoHandler
 .text.Schedule
                0x1fff9458      0x2d8 obj\debug\~#\~#\os\osek\src\schedule.o
                0x1fff9458                Schedule
 .text.ShutdownOS
                0x1fff9730        0xc obj\debug\~#\~#\os\osek\src\shutdownos.o
                0x1fff9730                ShutdownOS
 .text.StartOS  0x1fff973c       0xcc obj\debug\~#\~#\os\osek\src\startos.o
                0x1fff973c                StartOS
 .text.TerminateTask
                0x1fff9808      0x144 obj\debug\~#\~#\os\osek\src\terminatetask.o
                0x1fff9808                TerminateTask
 .text.SystemInit
                0x1fff994c       0x90 obj\debug\~#\~#\platform\devices\mcimx6x\startup\system_mcimx6x_m4.o
                0x1fff994c                SystemInit
 .text.CCM_ANALOG_IsPllBypassed
                0x1fff99dc       0x30 obj\debug\~#\~#\platform\drivers\src\ccm_analog_imx6sx.o
 .text.CCM_ANALOG_GetPllFreq
                0x1fff9a0c      0x1bc obj\debug\~#\~#\platform\drivers\src\ccm_analog_imx6sx.o
                0x1fff9a0c                CCM_ANALOG_GetPllFreq
 .text.GPIO_Init
                0x1fff9bc8      0x10c obj\debug\~#\~#\platform\drivers\src\gpio_imx.o
                0x1fff9bc8                GPIO_Init
 .text.GPIO_WritePinOutput
                0x1fff9cd4       0x64 obj\debug\~#\~#\platform\drivers\src\gpio_imx.o
                0x1fff9cd4                GPIO_WritePinOutput
 .text.UART_Init
                0x1fff9d38       0x90 obj\debug\~#\~#\platform\drivers\src\uart_imx.o
                0x1fff9d38                UART_Init
 .text.UART_Deinit
                0x1fff9dc8       0x9c obj\debug\~#\~#\platform\drivers\src\uart_imx.o
                0x1fff9dc8                UART_Deinit
 .text.UART_SetBaudRate
                0x1fff9e64      0x1a0 obj\debug\~#\~#\platform\drivers\src\uart_imx.o
                0x1fff9e64                UART_SetBaudRate
 .text.UART_SetIntCmd
                0x1fffa004       0x5c obj\debug\~#\~#\platform\drivers\src\uart_imx.o
                0x1fffa004                UART_SetIntCmd
 .text.UART_GetStatusFlag
                0x1fffa060       0x40 obj\debug\~#\~#\platform\drivers\src\uart_imx.o
                0x1fffa060                UART_GetStatusFlag
 .text.UART_Enable
                0x1fffa0a0       0x24 obj\debug\~#\~#\platform\utilities\src\debug_console_imx.o
 .text.UART_Putchar
                0x1fffa0c4       0x20 obj\debug\~#\~#\platform\utilities\src\debug_console_imx.o
 .text.UART_Getchar
                0x1fffa0e4       0x1c obj\debug\~#\~#\platform\utilities\src\debug_console_imx.o
 .text.DbgConsole_Init
                0x1fffa100       0x78 obj\debug\~#\~#\platform\utilities\src\debug_console_imx.o
                0x1fffa100                DbgConsole_Init
 .text._write   0x1fffa178       0x5c obj\debug\~#\~#\platform\utilities\src\debug_console_imx.o
                0x1fffa178                _write
 .text._read    0x1fffa1d4       0x48 obj\debug\~#\~#\platform\utilities\src\debug_console_imx.o
                0x1fffa1d4                _read
 .text.debug_printf
                0x1fffa21c       0x50 obj\debug\~#\~#\platform\utilities\src\debug_console_imx.o
                0x1fffa21c                debug_printf
 .text.debug_putc
                0x1fffa26c       0x44 obj\debug\~#\~#\platform\utilities\src\debug_console_imx.o
 .text.UART_SendDataPolling
                0x1fffa2b0       0x4c obj\debug\~#\~#\platform\utilities\src\debug_console_imx.o
 .text.UART_ReceiveDataPolling
                0x1fffa2fc       0x4c obj\debug\~#\~#\platform\utilities\src\debug_console_imx.o
 .text._doprint
                0x1fffa348      0x740 obj\debug\~#\~#\platform\utilities\src\print_scan.o
                0x1fffa348                _doprint
 .text.mknumstr
                0x1fffaa88      0x10c obj\debug\~#\~#\platform\utilities\src\print_scan.o
 .text.fput_pad
                0x1fffab94       0x40 obj\debug\~#\~#\platform\utilities\src\print_scan.o
 .text.__assert_func
                0x1fffabd4       0x3c c:/program files (x86)/embitz/1.11/share/em_armgcc/bin/../lib/gcc/arm-none-eabi/5.4.1/../../../../arm-none-eabi/lib/armv7e-m/fpu\libg_n.a(lib_a-assert.o)
                0x1fffabd4                __assert_func
 .text.exit     0x1fffac10       0x28 c:/program files (x86)/embitz/1.11/share/em_armgcc/bin/../lib/gcc/arm-none-eabi/5.4.1/../../../../arm-none-eabi/lib/armv7e-m/fpu\libg_n.a(lib_a-exit.o)
                0x1fffac10                exit
 .text.fprintf  0x1fffac38       0x24 c:/program files (x86)/embitz/1.11/share/em_armgcc/bin/../lib/gcc/arm-none-eabi/5.4.1/../../../../arm-none-eabi/lib/armv7e-m/fpu\libg_n.a(lib_a-fprintf.o)
                0x1fffac38                fiprintf
                0x1fffac38                fprintf
 .text.__libc_init_array
                0x1fffac5c       0x4c c:/program files (x86)/embitz/1.11/share/em_armgcc/bin/../lib/gcc/arm-none-eabi/5.4.1/../../../../arm-none-eabi/lib/armv7e-m/fpu\libg_n.a(lib_a-init.o)
                0x1fffac5c                __libc_init_array
 .text.memset   0x1fffaca8       0x10 c:/program files (x86)/embitz/1.11/share/em_armgcc/bin/../lib/gcc/arm-none-eabi/5.4.1/../../../../arm-none-eabi/lib/armv7e-m/fpu\libg_n.a(lib_a-memset.o)
                0x1fffaca8                memset
 .text._free_r  0x1fffacb8       0x9c c:/program files (x86)/embitz/1.11/share/em_armgcc/bin/../lib/gcc/arm-none-eabi/5.4.1/../../../../arm-none-eabi/lib/armv7e-m/fpu\libg_n.a(lib_a-nano-freer.o)
                0x1fffacb8                _free_r
 .text._malloc_r
                0x1fffad54       0xbc c:/program files (x86)/embitz/1.11/share/em_armgcc/bin/../lib/gcc/arm-none-eabi/5.4.1/../../../../arm-none-eabi/lib/armv7e-m/fpu\libg_n.a(lib_a-nano-mallocr.o)
                0x1fffad54                _malloc_r
 .text.__sfputc_r
                0x1fffae10       0x30 c:/program files (x86)/embitz/1.11/share/em_armgcc/bin/../lib/gcc/arm-none-eabi/5.4.1/../../../../arm-none-eabi/lib/armv7e-m/fpu\libg_n.a(lib_a-nano-vfprintf.o)
 .text.__sfputs_r
                0x1fffae40       0x24 c:/program files (x86)/embitz/1.11/share/em_armgcc/bin/../lib/gcc/arm-none-eabi/5.4.1/../../../../arm-none-eabi/lib/armv7e-m/fpu\libg_n.a(lib_a-nano-vfprintf.o)
                0x1fffae40                __sfputs_r
 .text._vfprintf_r
                0x1fffae64      0x238 c:/program files (x86)/embitz/1.11/share/em_armgcc/bin/../lib/gcc/arm-none-eabi/5.4.1/../../../../arm-none-eabi/lib/armv7e-m/fpu\libg_n.a(lib_a-nano-vfprintf.o)
                0x1fffae64                _vfprintf_r
                0x1fffae64                _vfiprintf_r
 .text._printf_common
                0x1fffb09c       0xec c:/program files (x86)/embitz/1.11/share/em_armgcc/bin/../lib/gcc/arm-none-eabi/5.4.1/../../../../arm-none-eabi/lib/armv7e-m/fpu\libg_n.a(lib_a-nano-vfprintf_i.o)
                0x1fffb09c                _printf_common
 .text._printf_i
                0x1fffb188      0x24c c:/program files (x86)/embitz/1.11/share/em_armgcc/bin/../lib/gcc/arm-none-eabi/5.4.1/../../../../arm-none-eabi/lib/armv7e-m/fpu\libg_n.a(lib_a-nano-vfprintf_i.o)
                0x1fffb188                _printf_i
 .text._sbrk_r  0x1fffb3d4       0x20 c:/program files (x86)/embitz/1.11/share/em_armgcc/bin/../lib/gcc/arm-none-eabi/5.4.1/../../../../arm-none-eabi/lib/armv7e-m/fpu\libg_n.a(lib_a-sbrkr.o)
                0x1fffb3d4                _sbrk_r
 .text.__swbuf_r
                0x1fffb3f4       0xa8 c:/program files (x86)/embitz/1.11/share/em_armgcc/bin/../lib/gcc/arm-none-eabi/5.4.1/../../../../arm-none-eabi/lib/armv7e-m/fpu\libg_n.a(lib_a-wbuf.o)
                0x1fffb3f4                __swbuf_r
 .text.__swsetup_r
                0x1fffb49c       0xdc c:/program files (x86)/embitz/1.11/share/em_armgcc/bin/../lib/gcc/arm-none-eabi/5.4.1/../../../../arm-none-eabi/lib/armv7e-m/fpu\libg_n.a(lib_a-wsetup.o)
                0x1fffb49c                __swsetup_r
 .text.abort    0x1fffb578        0xe c:/program files (x86)/embitz/1.11/share/em_armgcc/bin/../lib/gcc/arm-none-eabi/5.4.1/../../../../arm-none-eabi/lib/armv7e-m/fpu\libg_n.a(lib_a-abort.o)
                0x1fffb578                abort
 *fill*         0x1fffb586        0x2 
 .text.__sflush_r
                0x1fffb588      0x110 c:/program files (x86)/embitz/1.11/share/em_armgcc/bin/../lib/gcc/arm-none-eabi/5.4.1/../../../../arm-none-eabi/lib/armv7e-m/fpu\libg_n.a(lib_a-fflush.o)
                0x1fffb588                __sflush_r
 .text._fflush_r
                0x1fffb698       0x54 c:/program files (x86)/embitz/1.11/share/em_armgcc/bin/../lib/gcc/arm-none-eabi/5.4.1/../../../../arm-none-eabi/lib/armv7e-m/fpu\libg_n.a(lib_a-fflush.o)
                0x1fffb698                _fflush_r
 .text._cleanup_r
                0x1fffb6ec        0xc c:/program files (x86)/embitz/1.11/share/em_armgcc/bin/../lib/gcc/arm-none-eabi/5.4.1/../../../../arm-none-eabi/lib/armv7e-m/fpu\libg_n.a(lib_a-findfp.o)
                0x1fffb6ec                _cleanup_r
 .text.std.isra.0
                0x1fffb6f8       0x48 c:/program files (x86)/embitz/1.11/share/em_armgcc/bin/../lib/gcc/arm-none-eabi/5.4.1/../../../../arm-none-eabi/lib/armv7e-m/fpu\libg_n.a(lib_a-findfp.o)
 .text.__sfmoreglue
                0x1fffb740       0x2c c:/program files (x86)/embitz/1.11/share/em_armgcc/bin/../lib/gcc/arm-none-eabi/5.4.1/../../../../arm-none-eabi/lib/armv7e-m/fpu\libg_n.a(lib_a-findfp.o)
                0x1fffb740                __sfmoreglue
 .text.__sinit  0x1fffb76c       0x60 c:/program files (x86)/embitz/1.11/share/em_armgcc/bin/../lib/gcc/arm-none-eabi/5.4.1/../../../../arm-none-eabi/lib/armv7e-m/fpu\libg_n.a(lib_a-findfp.o)
                0x1fffb76c                __sinit
 .text.__sfp    0x1fffb7cc       0x78 c:/program files (x86)/embitz/1.11/share/em_armgcc/bin/../lib/gcc/arm-none-eabi/5.4.1/../../../../arm-none-eabi/lib/armv7e-m/fpu\libg_n.a(lib_a-findfp.o)
                0x1fffb7cc                __sfp
 .text._fwalk_reent
                0x1fffb844       0x3c c:/program files (x86)/embitz/1.11/share/em_armgcc/bin/../lib/gcc/arm-none-eabi/5.4.1/../../../../arm-none-eabi/lib/armv7e-m/fpu\libg_n.a(lib_a-fwalk.o)
                0x1fffb844                _fwalk_reent
 .text.__swhatbuf_r
                0x1fffb880       0x46 c:/program files (x86)/embitz/1.11/share/em_armgcc/bin/../lib/gcc/arm-none-eabi/5.4.1/../../../../arm-none-eabi/lib/armv7e-m/fpu\libg_n.a(lib_a-makebuf.o)
                0x1fffb880                __swhatbuf_r
 *fill*         0x1fffb8c6        0x2 
 .text.__smakebuf_r
                0x1fffb8c8       0x78 c:/program files (x86)/embitz/1.11/share/em_armgcc/bin/../lib/gcc/arm-none-eabi/5.4.1/../../../../arm-none-eabi/lib/armv7e-m/fpu\libg_n.a(lib_a-makebuf.o)
                0x1fffb8c8                __smakebuf_r
 .text.__malloc_lock
                0x1fffb940        0x2 c:/program files (x86)/embitz/1.11/share/em_armgcc/bin/../lib/gcc/arm-none-eabi/5.4.1/../../../../arm-none-eabi/lib/armv7e-m/fpu\libg_n.a(lib_a-mlock.o)
                0x1fffb940                __malloc_lock
 .text.__malloc_unlock
                0x1fffb942        0x2 c:/program files (x86)/embitz/1.11/share/em_armgcc/bin/../lib/gcc/arm-none-eabi/5.4.1/../../../../arm-none-eabi/lib/armv7e-m/fpu\libg_n.a(lib_a-mlock.o)
                0x1fffb942                __malloc_unlock
 .text._raise_r
                0x1fffb944       0x54 c:/program files (x86)/embitz/1.11/share/em_armgcc/bin/../lib/gcc/arm-none-eabi/5.4.1/../../../../arm-none-eabi/lib/armv7e-m/fpu\libg_n.a(lib_a-signal.o)
                0x1fffb944                _raise_r
 .text.raise    0x1fffb998       0x10 c:/program files (x86)/embitz/1.11/share/em_armgcc/bin/../lib/gcc/arm-none-eabi/5.4.1/../../../../arm-none-eabi/lib/armv7e-m/fpu\libg_n.a(lib_a-signal.o)
                0x1fffb998                raise
 .text._kill_r  0x1fffb9a8       0x24 c:/program files (x86)/embitz/1.11/share/em_armgcc/bin/../lib/gcc/arm-none-eabi/5.4.1/../../../../arm-none-eabi/lib/armv7e-m/fpu\libg_n.a(lib_a-signalr.o)
                0x1fffb9a8                _kill_r
 .text._getpid_r
                0x1fffb9cc        0x4 c:/program files (x86)/embitz/1.11/share/em_armgcc/bin/../lib/gcc/arm-none-eabi/5.4.1/../../../../arm-none-eabi/lib/armv7e-m/fpu\libg_n.a(lib_a-signalr.o)
                0x1fffb9cc                _getpid_r
 .text.__sread  0x1fffb9d0       0x22 c:/program files (x86)/embitz/1.11/share/em_armgcc/bin/../lib/gcc/arm-none-eabi/5.4.1/../../../../arm-none-eabi/lib/armv7e-m/fpu\libg_n.a(lib_a-stdio.o)
                0x1fffb9d0                __sread
 .text.__swrite
                0x1fffb9f2       0x38 c:/program files (x86)/embitz/1.11/share/em_armgcc/bin/../lib/gcc/arm-none-eabi/5.4.1/../../../../arm-none-eabi/lib/armv7e-m/fpu\libg_n.a(lib_a-stdio.o)
                0x1fffb9f2                __swrite
 .text.__sseek  0x1fffba2a       0x24 c:/program files (x86)/embitz/1.11/share/em_armgcc/bin/../lib/gcc/arm-none-eabi/5.4.1/../../../../arm-none-eabi/lib/armv7e-m/fpu\libg_n.a(lib_a-stdio.o)
                0x1fffba2a                __sseek
 .text.__sclose
                0x1fffba4e        0x8 c:/program files (x86)/embitz/1.11/share/em_armgcc/bin/../lib/gcc/arm-none-eabi/5.4.1/../../../../arm-none-eabi/lib/armv7e-m/fpu\libg_n.a(lib_a-stdio.o)
                0x1fffba4e                __sclose
 *fill*         0x1fffba56        0x2 
 .text._write_r
                0x1fffba58       0x24 c:/program files (x86)/embitz/1.11/share/em_armgcc/bin/../lib/gcc/arm-none-eabi/5.4.1/../../../../arm-none-eabi/lib/armv7e-m/fpu\libg_n.a(lib_a-writer.o)
                0x1fffba58                _write_r
 .text._close_r
                0x1fffba7c       0x20 c:/program files (x86)/embitz/1.11/share/em_armgcc/bin/../lib/gcc/arm-none-eabi/5.4.1/../../../../arm-none-eabi/lib/armv7e-m/fpu\libg_n.a(lib_a-closer.o)
                0x1fffba7c                _close_r
 .text._fstat_r
                0x1fffba9c       0x24 c:/program files (x86)/embitz/1.11/share/em_armgcc/bin/../lib/gcc/arm-none-eabi/5.4.1/../../../../arm-none-eabi/lib/armv7e-m/fpu\libg_n.a(lib_a-fstatr.o)
                0x1fffba9c                _fstat_r
 .text._isatty_r
                0x1fffbac0       0x20 c:/program files (x86)/embitz/1.11/share/em_armgcc/bin/../lib/gcc/arm-none-eabi/5.4.1/../../../../arm-none-eabi/lib/armv7e-m/fpu\libg_n.a(lib_a-isattyr.o)
                0x1fffbac0                _isatty_r
 .text._lseek_r
                0x1fffbae0       0x24 c:/program files (x86)/embitz/1.11/share/em_armgcc/bin/../lib/gcc/arm-none-eabi/5.4.1/../../../../arm-none-eabi/lib/armv7e-m/fpu\libg_n.a(lib_a-lseekr.o)
                0x1fffbae0                _lseek_r
 .text._read_r  0x1fffbb04       0x24 c:/program files (x86)/embitz/1.11/share/em_armgcc/bin/../lib/gcc/arm-none-eabi/5.4.1/../../../../arm-none-eabi/lib/armv7e-m/fpu\libg_n.a(lib_a-readr.o)
                0x1fffbb04                _read_r
 .text._close   0x1fffbb28       0x10 c:/program files (x86)/embitz/1.11/share/em_armgcc/bin/../lib/gcc/arm-none-eabi/5.4.1/../../../../arm-none-eabi/lib/armv7e-m/fpu\libnosys_s.a(close.o)
                0x1fffbb28                _close
 .text._fstat   0x1fffbb38       0x10 c:/program files (x86)/embitz/1.11/share/em_armgcc/bin/../lib/gcc/arm-none-eabi/5.4.1/../../../../arm-none-eabi/lib/armv7e-m/fpu\libnosys_s.a(fstat.o)
                0x1fffbb38                _fstat
 .text._getpid  0x1fffbb48       0x10 c:/program files (x86)/embitz/1.11/share/em_armgcc/bin/../lib/gcc/arm-none-eabi/5.4.1/../../../../arm-none-eabi/lib/armv7e-m/fpu\libnosys_s.a(getpid.o)
                0x1fffbb48                _getpid
 .text._isatty  0x1fffbb58       0x10 c:/program files (x86)/embitz/1.11/share/em_armgcc/bin/../lib/gcc/arm-none-eabi/5.4.1/../../../../arm-none-eabi/lib/armv7e-m/fpu\libnosys_s.a(isatty.o)
                0x1fffbb58                _isatty
 .text._kill    0x1fffbb68       0x10 c:/program files (x86)/embitz/1.11/share/em_armgcc/bin/../lib/gcc/arm-none-eabi/5.4.1/../../../../arm-none-eabi/lib/armv7e-m/fpu\libnosys_s.a(kill.o)
                0x1fffbb68                _kill
 .text._lseek   0x1fffbb78       0x10 c:/program files (x86)/embitz/1.11/share/em_armgcc/bin/../lib/gcc/arm-none-eabi/5.4.1/../../../../arm-none-eabi/lib/armv7e-m/fpu\libnosys_s.a(lseek.o)
                0x1fffbb78                _lseek
 .text._sbrk    0x1fffbb88       0x1c c:/program files (x86)/embitz/1.11/share/em_armgcc/bin/../lib/gcc/arm-none-eabi/5.4.1/../../../../arm-none-eabi/lib/armv7e-m/fpu\libnosys_s.a(sbrk.o)
                0x1fffbb88                _sbrk
 .text._exit    0x1fffbba4        0x2 c:/program files (x86)/embitz/1.11/share/em_armgcc/bin/../lib/gcc/arm-none-eabi/5.4.1/../../../../arm-none-eabi/lib/armv7e-m/fpu\libnosys_s.a(_exit.o)
                0x1fffbba4                _exit
 *(.rodata)
 *fill*         0x1fffbba6        0x2 
 .rodata        0x1fffbba8       0xab obj\debug\main.o
 *fill*         0x1fffbc53        0x1 
 .rodata        0x1fffbc54       0x46 obj\debug\~#\~#\board\udoo_neo\src\board.o
 *fill*         0x1fffbc9a        0x2 
 .rodata        0x1fffbc9c       0x58 obj\debug\~#\~#\board\udoo_neo\src\gpio_pins.o
 .rodata        0x1fffbcf4       0x35 obj\debug\~#\~#\platform\drivers\src\gpio_imx.o
 *fill*         0x1fffbd29        0x3 
 .rodata        0x1fffbd2c      0x12e obj\debug\~#\~#\platform\drivers\src\uart_imx.o
 *(.rodata*)
 *fill*         0x1fffbe5a        0x2 
 .rodata.buffStart
                0x1fffbe5c       0x37 obj\debug\main.o
                0x1fffbe5c                buffStart
 *fill*         0x1fffbe93        0x1 
 .rodata.bufferData
                0x1fffbe94       0x2d obj\debug\main.o
                0x1fffbe94                bufferData
 *fill*         0x1fffbec1        0x3 
 .rodata.__func__.10461
                0x1fffbec4       0x18 obj\debug\main.o
 .rodata.__func__.10466
                0x1fffbedc       0x18 obj\debug\main.o
 .rodata.__func__.8971
                0x1fffbef4       0x10 obj\debug\~#\~#\board\udoo_neo\src\board.o
 .rodata.__func__.7996
                0x1fffbf04       0x13 obj\debug\~#\~#\board\udoo_neo\src\gpio_pins.o
 *fill*         0x1fffbf17        0x1 
 .rodata.TasksConst
                0x1fffbf18       0x54 obj\debug\~#\~#\os\config\src\os_internal_cfg.o
                0x1fffbf18                TasksConst
 .rodata.TasksAppModeAppMode1
                0x1fffbf6c        0x2 obj\debug\~#\~#\os\config\src\os_internal_cfg.o
                0x1fffbf6c                TasksAppModeAppMode1
 *fill*         0x1fffbf6e        0x2 
 .rodata.AutoStart
                0x1fffbf70        0x8 obj\debug\~#\~#\os\config\src\os_internal_cfg.o
                0x1fffbf70                AutoStart
 .rodata.ReadyConst
                0x1fffbf78       0x18 obj\debug\~#\~#\os\config\src\os_internal_cfg.o
                0x1fffbf78                ReadyConst
 .rodata.__func__.8063
                0x1fffbf90       0x14 obj\debug\~#\~#\platform\drivers\src\gpio_imx.o
 .rodata.__func__.8234
                0x1fffbfa4        0xa obj\debug\~#\~#\platform\drivers\src\uart_imx.o
 .rodata.str1.1
                0x1fffbfae       0x3c c:/program files (x86)/embitz/1.11/share/em_armgcc/bin/../lib/gcc/arm-none-eabi/5.4.1/../../../../arm-none-eabi/lib/armv7e-m/fpu\libg_n.a(lib_a-assert.o)
                                 0x3d (size before relaxing)
 .rodata.str1.1
                0x1fffbfea        0x2 c:/program files (x86)/embitz/1.11/share/em_armgcc/bin/../lib/gcc/arm-none-eabi/5.4.1/../../../../arm-none-eabi/lib/armv7e-m/fpu\libg_n.a(lib_a-impure.o)
 .rodata._global_impure_ptr
                0x1fffbfec        0x4 c:/program files (x86)/embitz/1.11/share/em_armgcc/bin/../lib/gcc/arm-none-eabi/5.4.1/../../../../arm-none-eabi/lib/armv7e-m/fpu\libg_n.a(lib_a-impure.o)
                0x1fffbfec                _global_impure_ptr
 .rodata.str1.1
                0x1fffbff0       0x11 c:/program files (x86)/embitz/1.11/share/em_armgcc/bin/../lib/gcc/arm-none-eabi/5.4.1/../../../../arm-none-eabi/lib/armv7e-m/fpu\libg_n.a(lib_a-nano-vfprintf.o)
 .rodata.str1.1
                0x1fffc001       0x22 c:/program files (x86)/embitz/1.11/share/em_armgcc/bin/../lib/gcc/arm-none-eabi/5.4.1/../../../../arm-none-eabi/lib/armv7e-m/fpu\libg_n.a(lib_a-nano-vfprintf_i.o)
 *fill*         0x1fffc023        0x1 
 .rodata.__sf_fake_stdin
                0x1fffc024       0x20 c:/program files (x86)/embitz/1.11/share/em_armgcc/bin/../lib/gcc/arm-none-eabi/5.4.1/../../../../arm-none-eabi/lib/armv7e-m/fpu\libg_n.a(lib_a-findfp.o)
                0x1fffc024                __sf_fake_stdin
 .rodata.__sf_fake_stdout
                0x1fffc044       0x20 c:/program files (x86)/embitz/1.11/share/em_armgcc/bin/../lib/gcc/arm-none-eabi/5.4.1/../../../../arm-none-eabi/lib/armv7e-m/fpu\libg_n.a(lib_a-findfp.o)
                0x1fffc044                __sf_fake_stdout
 .rodata.__sf_fake_stderr
                0x1fffc064       0x20 c:/program files (x86)/embitz/1.11/share/em_armgcc/bin/../lib/gcc/arm-none-eabi/5.4.1/../../../../arm-none-eabi/lib/armv7e-m/fpu\libg_n.a(lib_a-findfp.o)
                0x1fffc064                __sf_fake_stderr
 *(.glue_7)
 .glue_7        0x1fffc084        0x0 linker stubs
 *(.glue_7t)
 .glue_7t       0x1fffc084        0x0 linker stubs
 *(.eh_frame)
 .eh_frame      0x1fffc084        0x0 c:/program files (x86)/embitz/1.11/share/em_armgcc/bin/../lib/gcc/arm-none-eabi/5.4.1/armv7e-m/fpu/crtbegin.o
 *(.init)
 .init          0x1fffc084        0x4 c:/program files (x86)/embitz/1.11/share/em_armgcc/bin/../lib/gcc/arm-none-eabi/5.4.1/armv7e-m/fpu/crti.o
                0x1fffc084                _init
 .init          0x1fffc088        0x8 c:/program files (x86)/embitz/1.11/share/em_armgcc/bin/../lib/gcc/arm-none-eabi/5.4.1/armv7e-m/fpu/crtn.o
 *(.fini)
 .fini          0x1fffc090        0x4 c:/program files (x86)/embitz/1.11/share/em_armgcc/bin/../lib/gcc/arm-none-eabi/5.4.1/armv7e-m/fpu/crti.o
                0x1fffc090                _fini
 .fini          0x1fffc094        0x8 c:/program files (x86)/embitz/1.11/share/em_armgcc/bin/../lib/gcc/arm-none-eabi/5.4.1/armv7e-m/fpu/crtn.o
                0x1fffc09c                . = ALIGN (0x4)

.vfp11_veneer   0x1fffc09c        0x0
 .vfp11_veneer  0x1fffc09c        0x0 linker stubs

.v4_bx          0x1fffc09c        0x0
 .v4_bx         0x1fffc09c        0x0 linker stubs

.iplt           0x1fffc09c        0x0
 .iplt          0x1fffc09c        0x0 c:/program files (x86)/embitz/1.11/share/em_armgcc/bin/../lib/gcc/arm-none-eabi/5.4.1/armv7e-m/fpu/crtbegin.o

.ARM.extab
 *(.ARM.extab* .gnu.linkonce.armextab.*)

.ARM            0x1fffc09c        0x8
                0x1fffc09c                __exidx_start = .
 *(.ARM.exidx*)
 .ARM.exidx     0x1fffc09c        0x8 c:/program files (x86)/embitz/1.11/share/em_armgcc/bin/../lib/gcc/arm-none-eabi/5.4.1/../../../../arm-none-eabi/lib/armv7e-m/fpu/crt0.o
                0x1fffc0a4                __exidx_end = .

.rel.dyn        0x1fffc0a4        0x0
 .rel.iplt      0x1fffc0a4        0x0 c:/program files (x86)/embitz/1.11/share/em_armgcc/bin/../lib/gcc/arm-none-eabi/5.4.1/armv7e-m/fpu/crtbegin.o

.ctors          0x1fffc0a4        0x0
                0x1fffc0a4                __CTOR_LIST__ = .
 *crtbegin.o(.ctors)
 *crtbegin?.o(.ctors)
 *(EXCLUDE_FILE(*crtend.o *crtend?.o) .ctors)
 *(SORT(.ctors.*))
 *(.ctors)
                0x1fffc0a4                __CTOR_END__ = .

.dtors          0x1fffc0a4        0x0
                0x1fffc0a4                __DTOR_LIST__ = .
 *crtbegin.o(.dtors)
 *crtbegin?.o(.dtors)
 *(EXCLUDE_FILE(*crtend.o *crtend?.o) .dtors)
 *(SORT(.dtors.*))
 *(.dtors)
                0x1fffc0a4                __DTOR_END__ = .

.preinit_array  0x1fffc0a4        0x0
                0x1fffc0a4                PROVIDE (__preinit_array_start, .)
 *(.preinit_array*)
                0x1fffc0a4                PROVIDE (__preinit_array_end, .)

.init_array     0x1fffc0a4        0x4
                0x1fffc0a4                PROVIDE (__init_array_start, .)
 *(SORT(.init_array.*))
 *(.init_array*)
 .init_array    0x1fffc0a4        0x4 c:/program files (x86)/embitz/1.11/share/em_armgcc/bin/../lib/gcc/arm-none-eabi/5.4.1/armv7e-m/fpu/crtbegin.o
                0x1fffc0a8                PROVIDE (__init_array_end, .)

.fini_array     0x1fffc0a8        0x4
                [!provide]                PROVIDE (__fini_array_start, .)
 *(SORT(.fini_array.*))
 *(.fini_array*)
 .fini_array    0x1fffc0a8        0x4 c:/program files (x86)/embitz/1.11/share/em_armgcc/bin/../lib/gcc/arm-none-eabi/5.4.1/armv7e-m/fpu/crtbegin.o
                [!provide]                PROVIDE (__fini_array_end, .)
                0x1fffc0ac                __etext = .
                0x1fffc0ac                __DATA_ROM = .

.data           0x20000000       0xa4 load address 0x1fffc0ac
                0x20000000                . = ALIGN (0x4)
                0x20000000                __DATA_RAM = .
                0x20000000                __data_start__ = .
 *(.data)
 *(.data*)
 .data.initConfig
                0x20000000       0x18 obj\debug\main.o
                0x20000000                initConfig
 .data.gpioLed  0x20000018       0x1c obj\debug\~#\~#\board\udoo_neo\src\gpio_pins.o
                0x20000018                gpioLed
 .data.TerminatingTask
                0x20000034        0x1 obj\debug\~#\~#\os\osek\src\cortexm4\os_internal_arch.o
                0x20000034                TerminatingTask
 .data.WaitingTask
                0x20000035        0x1 obj\debug\~#\~#\os\osek\src\cortexm4\os_internal_arch.o
                0x20000035                WaitingTask
 *fill*         0x20000036        0x2 
 .data.SystemCoreClock
                0x20000038        0x4 obj\debug\~#\~#\platform\devices\mcimx6x\startup\system_mcimx6x_m4.o
                0x20000038                SystemCoreClock
 .data.impure_data
                0x2000003c       0x60 c:/program files (x86)/embitz/1.11/share/em_armgcc/bin/../lib/gcc/arm-none-eabi/5.4.1/../../../../arm-none-eabi/lib/armv7e-m/fpu\libg_n.a(lib_a-impure.o)
 .data._impure_ptr
                0x2000009c        0x4 c:/program files (x86)/embitz/1.11/share/em_armgcc/bin/../lib/gcc/arm-none-eabi/5.4.1/../../../../arm-none-eabi/lib/armv7e-m/fpu\libg_n.a(lib_a-impure.o)
                0x2000009c                _impure_ptr
 *(.jcr*)
 .jcr           0x200000a0        0x0 c:/program files (x86)/embitz/1.11/share/em_armgcc/bin/../lib/gcc/arm-none-eabi/5.4.1/armv7e-m/fpu/crtbegin.o
 .jcr           0x200000a0        0x4 c:/program files (x86)/embitz/1.11/share/em_armgcc/bin/../lib/gcc/arm-none-eabi/5.4.1/armv7e-m/fpu/crtend.o
                0x200000a4                . = ALIGN (0x4)
                0x200000a4                __data_end__ = .
                0x1fffc150                __DATA_END = (__DATA_ROM + (__data_end__ - __data_start__))
                0x1fffe300                text_end = (ORIGIN (m_text) + LENGTH (m_text))
                0x00000001                ASSERT ((__DATA_END <= text_end), region m_text overflowed with text and data)

.igot.plt       0x200000a4        0x0 load address 0x1fffc150
 .igot.plt      0x200000a4        0x0 c:/program files (x86)/embitz/1.11/share/em_armgcc/bin/../lib/gcc/arm-none-eabi/5.4.1/armv7e-m/fpu/crtbegin.o

.bss            0x200000a4      0x6d8 load address 0x1fffc150
                0x200000a4                . = ALIGN (0x4)
                0x200000a4                __START_BSS = .
                0x200000a4                __bss_start__ = .
 *(.bss)
 .bss           0x200000a4       0x1c c:/program files (x86)/embitz/1.11/share/em_armgcc/bin/../lib/gcc/arm-none-eabi/5.4.1/armv7e-m/fpu/crtbegin.o
 *(.bss*)
 .bss.uartState
                0x200000c0       0x14 obj\debug\main.o
 .bss.s_debugConsole
                0x200000d4       0x10 obj\debug\~#\~#\platform\utilities\src\debug_console_imx.o
 .bss.__malloc_sbrk_start
                0x200000e4        0x4 c:/program files (x86)/embitz/1.11/share/em_armgcc/bin/../lib/gcc/arm-none-eabi/5.4.1/../../../../arm-none-eabi/lib/armv7e-m/fpu\libg_n.a(lib_a-nano-mallocr.o)
                0x200000e4                __malloc_sbrk_start
 .bss.__malloc_free_list
                0x200000e8        0x4 c:/program files (x86)/embitz/1.11/share/em_armgcc/bin/../lib/gcc/arm-none-eabi/5.4.1/../../../../arm-none-eabi/lib/armv7e-m/fpu\libg_n.a(lib_a-nano-mallocr.o)
                0x200000e8                __malloc_free_list
 .bss.heap_end.4169
                0x200000ec        0x4 c:/program files (x86)/embitz/1.11/share/em_armgcc/bin/../lib/gcc/arm-none-eabi/5.4.1/../../../../arm-none-eabi/lib/armv7e-m/fpu\libnosys_s.a(sbrk.o)
 *(COMMON)
 COMMON         0x200000f0        0x2 obj\debug\main.o
                0x200000f0                rxChar
                0x200000f1                txChar
 *fill*         0x200000f2        0x2 
 COMMON         0x200000f4       0x14 obj\debug\~#\~#\os\config\src\os_cfg.o
                0x200000f4                Osek_ErrorRet
                0x200000f8                Osek_ErrorApi
                0x200000fc                Osek_ErrorParam3
                0x20000100                Osek_ErrorParam1
                0x20000104                Osek_ErrorParam2
 COMMON         0x20000108      0x660 obj\debug\~#\~#\os\config\src\os_internal_cfg.o
                0x20000108                ReadyList0
                0x20000109                ApplicationMode
                0x2000010c                ReadyVar
                0x20000114                ContextTaskTaskIdle
                0x20000114                AlarmsVar
                0x20000118                ReadyList1
                0x2000011c                StackTaskTaskLed
                0x2000031c                ErrorHookRunning
                0x20000320                StackTaskTaskUartReceive
                0x20000320                CountersVar
                0x20000520                ContextTaskTaskLed
                0x20000524                TasksVar
                0x20000560                ContextTaskTaskUartReceive
                0x20000564                ReadyList2
                0x20000568                StackTaskTaskIdle
 COMMON         0x20000768        0x8 obj\debug\~#\~#\os\osek\src\cortexm4\os_internal_arch.o
                0x20000768                Osek_OldTaskPtr_Arch
                0x2000076c                Osek_NewTaskPtr_Arch
 COMMON         0x20000770        0x3 obj\debug\~#\~#\os\osek\src\os.o
                0x20000770                DisableAllInterrupts_Counter
                0x20000771                SuspendAllInterrupts_Counter
                0x20000772                SuspendOSInterrupts_Counter
 COMMON         0x20000773        0x2 obj\debug\~#\~#\os\osek\src\os_internal.o
                0x20000773                RunningTask
                0x20000774                ActualContext
 *fill*         0x20000775        0x3 
 COMMON         0x20000778        0x4 c:/program files (x86)/embitz/1.11/share/em_armgcc/bin/../lib/gcc/arm-none-eabi/5.4.1/../../../../arm-none-eabi/lib/armv7e-m/fpu\libg_n.a(lib_a-reent.o)
                0x20000778                errno
                0x2000077c                . = ALIGN (0x4)
                0x2000077c                __bss_end__ = .
                0x2000077c                __END_BSS = .

.heap           0x1fffe300     0x1000
                0x1fffe300                . = ALIGN (0x8)
                0x1fffe300                __end__ = .
                0x1fffe300                PROVIDE (end, .)
                0x1fffe300                __HeapBase = .
                0x1ffff300                . = (. + HEAP_SIZE)
 *fill*         0x1fffe300     0x1000 
                0x1ffff300                __HeapLimit = .

.stack          0x2000077c     0x2004 load address 0x1fffc828
                0x20000780                . = ALIGN (0x8)
 *fill*         0x2000077c        0x4 
                0x20002780                . = (. + STACK_SIZE)
 *fill*         0x20000780     0x2000 
                0x20008000                __StackTop = (ORIGIN (m_data) + LENGTH (m_data))
                0x20006000                __StackLimit = (__StackTop - STACK_SIZE)
                0x20008000                PROVIDE (__stack, __StackTop)

.ARM.attributes
                0x00000000       0x30
 *(.ARM.attributes)
 .ARM.attributes
                0x00000000       0x22 c:/program files (x86)/embitz/1.11/share/em_armgcc/bin/../lib/gcc/arm-none-eabi/5.4.1/armv7e-m/fpu/crti.o
 .ARM.attributes
                0x00000022       0x34 c:/program files (x86)/embitz/1.11/share/em_armgcc/bin/../lib/gcc/arm-none-eabi/5.4.1/armv7e-m/fpu/crtbegin.o
 .ARM.attributes
                0x00000056       0x20 c:/program files (x86)/embitz/1.11/share/em_armgcc/bin/../lib/gcc/arm-none-eabi/5.4.1/../../../../arm-none-eabi/lib/armv7e-m/fpu/crt0.o
 .ARM.attributes
                0x00000076       0x39 obj\debug\hardware_init.o
 .ARM.attributes
                0x000000af       0x39 obj\debug\main.o
 .ARM.attributes
                0x000000e8       0x39 obj\debug\~#\~#\board\udoo_neo\src\board.o
 .ARM.attributes
                0x00000121       0x39 obj\debug\~#\~#\board\udoo_neo\src\clock_freq.o
 .ARM.attributes
                0x0000015a       0x39 obj\debug\~#\~#\board\udoo_neo\src\gpio_pins.o
 .ARM.attributes
                0x00000193       0x39 obj\debug\~#\~#\board\udoo_neo\src\pin_mux.o
 .ARM.attributes
                0x000001cc       0x39 obj\debug\~#\~#\os\config\src\cortexm4\os_internal_arch_cfg.o
 .ARM.attributes
                0x00000205       0x39 obj\debug\~#\~#\os\config\src\os_cfg.o
 .ARM.attributes
                0x0000023e       0x39 obj\debug\~#\~#\os\config\src\os_internal_cfg.o
 .ARM.attributes
                0x00000277       0x39 obj\debug\~#\~#\os\osek\src\activatetask.o
 .ARM.attributes
                0x000002b0       0x39 obj\debug\~#\~#\os\osek\src\cortexm4\os_internal_arch.o
 .ARM.attributes
                0x000002e9       0x25 obj\debug\~#\~#\os\osek\src\cortexm4\pendsv.o
 .ARM.attributes
                0x0000030e       0x39 obj\debug\~#\~#\os\osek\src\cortexm4\startos_arch.o
 .ARM.attributes
                0x00000347       0x39 obj\debug\~#\~#\os\osek\src\cortexm4\startos_arch_systick.o
 .ARM.attributes
                0x00000380       0x39 obj\debug\~#\~#\os\osek\src\os.o
 .ARM.attributes
                0x000003b9       0x39 obj\debug\~#\~#\os\osek\src\os_internal.o
 .ARM.attributes
                0x000003f2       0x39 obj\debug\~#\~#\os\osek\src\schedule.o
 .ARM.attributes
                0x0000042b       0x39 obj\debug\~#\~#\os\osek\src\shutdownos.o
 .ARM.attributes
                0x00000464       0x39 obj\debug\~#\~#\os\osek\src\startos.o
 .ARM.attributes
                0x0000049d       0x39 obj\debug\~#\~#\os\osek\src\terminatetask.o
 .ARM.attributes
                0x000004d6       0x1f obj\debug\~#\~#\platform\devices\mcimx6x\startup\gcc\startup_mcimx6x_m4.o
 .ARM.attributes
                0x000004f5       0x39 obj\debug\~#\~#\platform\devices\mcimx6x\startup\system_mcimx6x_m4.o
 .ARM.attributes
                0x0000052e       0x39 obj\debug\~#\~#\platform\drivers\src\ccm_analog_imx6sx.o
 .ARM.attributes
                0x00000567       0x39 obj\debug\~#\~#\platform\drivers\src\gpio_imx.o
 .ARM.attributes
                0x000005a0       0x39 obj\debug\~#\~#\platform\drivers\src\uart_imx.o
 .ARM.attributes
                0x000005d9       0x39 obj\debug\~#\~#\platform\utilities\src\debug_console_imx.o
 .ARM.attributes
                0x00000612       0x39 obj\debug\~#\~#\platform\utilities\src\print_scan.o
 .ARM.attributes
                0x0000064b       0x34 c:/program files (x86)/embitz/1.11/share/em_armgcc/bin/../lib/gcc/arm-none-eabi/5.4.1/../../../../arm-none-eabi/lib/armv7e-m/fpu\libg_n.a(lib_a-assert.o)
 .ARM.attributes
                0x0000067f       0x34 c:/program files (x86)/embitz/1.11/share/em_armgcc/bin/../lib/gcc/arm-none-eabi/5.4.1/../../../../arm-none-eabi/lib/armv7e-m/fpu\libg_n.a(lib_a-exit.o)
 .ARM.attributes
                0x000006b3       0x34 c:/program files (x86)/embitz/1.11/share/em_armgcc/bin/../lib/gcc/arm-none-eabi/5.4.1/../../../../arm-none-eabi/lib/armv7e-m/fpu\libg_n.a(lib_a-fprintf.o)
 .ARM.attributes
                0x000006e7       0x34 c:/program files (x86)/embitz/1.11/share/em_armgcc/bin/../lib/gcc/arm-none-eabi/5.4.1/../../../../arm-none-eabi/lib/armv7e-m/fpu\libg_n.a(lib_a-impure.o)
 .ARM.attributes
                0x0000071b       0x34 c:/program files (x86)/embitz/1.11/share/em_armgcc/bin/../lib/gcc/arm-none-eabi/5.4.1/../../../../arm-none-eabi/lib/armv7e-m/fpu\libg_n.a(lib_a-init.o)
 .ARM.attributes
                0x0000074f       0x34 c:/program files (x86)/embitz/1.11/share/em_armgcc/bin/../lib/gcc/arm-none-eabi/5.4.1/../../../../arm-none-eabi/lib/armv7e-m/fpu\libg_n.a(lib_a-memset.o)
 .ARM.attributes
                0x00000783       0x34 c:/program files (x86)/embitz/1.11/share/em_armgcc/bin/../lib/gcc/arm-none-eabi/5.4.1/../../../../arm-none-eabi/lib/armv7e-m/fpu\libg_n.a(lib_a-nano-freer.o)
 .ARM.attributes
                0x000007b7       0x34 c:/program files (x86)/embitz/1.11/share/em_armgcc/bin/../lib/gcc/arm-none-eabi/5.4.1/../../../../arm-none-eabi/lib/armv7e-m/fpu\libg_n.a(lib_a-nano-mallocr.o)
 .ARM.attributes
                0x000007eb       0x34 c:/program files (x86)/embitz/1.11/share/em_armgcc/bin/../lib/gcc/arm-none-eabi/5.4.1/../../../../arm-none-eabi/lib/armv7e-m/fpu\libg_n.a(lib_a-nano-vfprintf.o)
 .ARM.attributes
                0x0000081f       0x34 c:/program files (x86)/embitz/1.11/share/em_armgcc/bin/../lib/gcc/arm-none-eabi/5.4.1/../../../../arm-none-eabi/lib/armv7e-m/fpu\libg_n.a(lib_a-nano-vfprintf_i.o)
 .ARM.attributes
                0x00000853       0x34 c:/program files (x86)/embitz/1.11/share/em_armgcc/bin/../lib/gcc/arm-none-eabi/5.4.1/../../../../arm-none-eabi/lib/armv7e-m/fpu\libg_n.a(lib_a-sbrkr.o)
 .ARM.attributes
                0x00000887       0x1b c:/program files (x86)/embitz/1.11/share/em_armgcc/bin/../lib/gcc/arm-none-eabi/5.4.1/../../../../arm-none-eabi/lib/armv7e-m/fpu\libg_n.a(lib_a-strlen.o)
 .ARM.attributes
                0x000008a2       0x34 c:/program files (x86)/embitz/1.11/share/em_armgcc/bin/../lib/gcc/arm-none-eabi/5.4.1/../../../../arm-none-eabi/lib/armv7e-m/fpu\libg_n.a(lib_a-wbuf.o)
 .ARM.attributes
                0x000008d6       0x34 c:/program files (x86)/embitz/1.11/share/em_armgcc/bin/../lib/gcc/arm-none-eabi/5.4.1/../../../../arm-none-eabi/lib/armv7e-m/fpu\libg_n.a(lib_a-wsetup.o)
 .ARM.attributes
                0x0000090a       0x34 c:/program files (x86)/embitz/1.11/share/em_armgcc/bin/../lib/gcc/arm-none-eabi/5.4.1/../../../../arm-none-eabi/lib/armv7e-m/fpu\libg_n.a(lib_a-abort.o)
 .ARM.attributes
                0x0000093e       0x34 c:/program files (x86)/embitz/1.11/share/em_armgcc/bin/../lib/gcc/arm-none-eabi/5.4.1/../../../../arm-none-eabi/lib/armv7e-m/fpu\libg_n.a(lib_a-fflush.o)
 .ARM.attributes
                0x00000972       0x34 c:/program files (x86)/embitz/1.11/share/em_armgcc/bin/../lib/gcc/arm-none-eabi/5.4.1/../../../../arm-none-eabi/lib/armv7e-m/fpu\libg_n.a(lib_a-findfp.o)
 .ARM.attributes
                0x000009a6       0x34 c:/program files (x86)/embitz/1.11/share/em_armgcc/bin/../lib/gcc/arm-none-eabi/5.4.1/../../../../arm-none-eabi/lib/armv7e-m/fpu\libg_n.a(lib_a-fwalk.o)
 .ARM.attributes
                0x000009da       0x34 c:/program files (x86)/embitz/1.11/share/em_armgcc/bin/../lib/gcc/arm-none-eabi/5.4.1/../../../../arm-none-eabi/lib/armv7e-m/fpu\libg_n.a(lib_a-makebuf.o)
 .ARM.attributes
                0x00000a0e       0x20 c:/program files (x86)/embitz/1.11/share/em_armgcc/bin/../lib/gcc/arm-none-eabi/5.4.1/../../../../arm-none-eabi/lib/armv7e-m/fpu\libg_n.a(lib_a-memchr.o)
 .ARM.attributes
                0x00000a2e       0x34 c:/program files (x86)/embitz/1.11/share/em_armgcc/bin/../lib/gcc/arm-none-eabi/5.4.1/../../../../arm-none-eabi/lib/armv7e-m/fpu\libg_n.a(lib_a-mlock.o)
 .ARM.attributes
                0x00000a62       0x34 c:/program files (x86)/embitz/1.11/share/em_armgcc/bin/../lib/gcc/arm-none-eabi/5.4.1/../../../../arm-none-eabi/lib/armv7e-m/fpu\libg_n.a(lib_a-reent.o)
 .ARM.attributes
                0x00000a96       0x34 c:/program files (x86)/embitz/1.11/share/em_armgcc/bin/../lib/gcc/arm-none-eabi/5.4.1/../../../../arm-none-eabi/lib/armv7e-m/fpu\libg_n.a(lib_a-signal.o)
 .ARM.attributes
                0x00000aca       0x34 c:/program files (x86)/embitz/1.11/share/em_armgcc/bin/../lib/gcc/arm-none-eabi/5.4.1/../../../../arm-none-eabi/lib/armv7e-m/fpu\libg_n.a(lib_a-signalr.o)
 .ARM.attributes
                0x00000afe       0x34 c:/program files (x86)/embitz/1.11/share/em_armgcc/bin/../lib/gcc/arm-none-eabi/5.4.1/../../../../arm-none-eabi/lib/armv7e-m/fpu\libg_n.a(lib_a-stdio.o)
 .ARM.attributes
                0x00000b32       0x34 c:/program files (x86)/embitz/1.11/share/em_armgcc/bin/../lib/gcc/arm-none-eabi/5.4.1/../../../../arm-none-eabi/lib/armv7e-m/fpu\libg_n.a(lib_a-writer.o)
 .ARM.attributes
                0x00000b66       0x34 c:/program files (x86)/embitz/1.11/share/em_armgcc/bin/../lib/gcc/arm-none-eabi/5.4.1/../../../../arm-none-eabi/lib/armv7e-m/fpu\libg_n.a(lib_a-closer.o)
 .ARM.attributes
                0x00000b9a       0x34 c:/program files (x86)/embitz/1.11/share/em_armgcc/bin/../lib/gcc/arm-none-eabi/5.4.1/../../../../arm-none-eabi/lib/armv7e-m/fpu\libg_n.a(lib_a-fstatr.o)
 .ARM.attributes
                0x00000bce       0x34 c:/program files (x86)/embitz/1.11/share/em_armgcc/bin/../lib/gcc/arm-none-eabi/5.4.1/../../../../arm-none-eabi/lib/armv7e-m/fpu\libg_n.a(lib_a-isattyr.o)
 .ARM.attributes
                0x00000c02       0x34 c:/program files (x86)/embitz/1.11/share/em_armgcc/bin/../lib/gcc/arm-none-eabi/5.4.1/../../../../arm-none-eabi/lib/armv7e-m/fpu\libg_n.a(lib_a-lseekr.o)
 .ARM.attributes
                0x00000c36       0x34 c:/program files (x86)/embitz/1.11/share/em_armgcc/bin/../lib/gcc/arm-none-eabi/5.4.1/../../../../arm-none-eabi/lib/armv7e-m/fpu\libg_n.a(lib_a-readr.o)
 .ARM.attributes
                0x00000c6a       0x34 c:/program files (x86)/embitz/1.11/share/em_armgcc/bin/../lib/gcc/arm-none-eabi/5.4.1/../../../../arm-none-eabi/lib/armv7e-m/fpu\libnosys_s.a(close.o)
 .ARM.attributes
                0x00000c9e       0x34 c:/program files (x86)/embitz/1.11/share/em_armgcc/bin/../lib/gcc/arm-none-eabi/5.4.1/../../../../arm-none-eabi/lib/armv7e-m/fpu\libnosys_s.a(fstat.o)
 .ARM.attributes
                0x00000cd2       0x34 c:/program files (x86)/embitz/1.11/share/em_armgcc/bin/../lib/gcc/arm-none-eabi/5.4.1/../../../../arm-none-eabi/lib/armv7e-m/fpu\libnosys_s.a(getpid.o)
 .ARM.attributes
                0x00000d06       0x34 c:/program files (x86)/embitz/1.11/share/em_armgcc/bin/../lib/gcc/arm-none-eabi/5.4.1/../../../../arm-none-eabi/lib/armv7e-m/fpu\libnosys_s.a(isatty.o)
 .ARM.attributes
                0x00000d3a       0x34 c:/program files (x86)/embitz/1.11/share/em_armgcc/bin/../lib/gcc/arm-none-eabi/5.4.1/../../../../arm-none-eabi/lib/armv7e-m/fpu\libnosys_s.a(kill.o)
 .ARM.attributes
                0x00000d6e       0x34 c:/program files (x86)/embitz/1.11/share/em_armgcc/bin/../lib/gcc/arm-none-eabi/5.4.1/../../../../arm-none-eabi/lib/armv7e-m/fpu\libnosys_s.a(lseek.o)
 .ARM.attributes
                0x00000da2       0x34 c:/program files (x86)/embitz/1.11/share/em_armgcc/bin/../lib/gcc/arm-none-eabi/5.4.1/../../../../arm-none-eabi/lib/armv7e-m/fpu\libnosys_s.a(sbrk.o)
 .ARM.attributes
                0x00000dd6       0x34 c:/program files (x86)/embitz/1.11/share/em_armgcc/bin/../lib/gcc/arm-none-eabi/5.4.1/../../../../arm-none-eabi/lib/armv7e-m/fpu\libnosys_s.a(_exit.o)
 .ARM.attributes
                0x00000e0a       0x34 c:/program files (x86)/embitz/1.11/share/em_armgcc/bin/../lib/gcc/arm-none-eabi/5.4.1/armv7e-m/fpu/crtend.o
 .ARM.attributes
                0x00000e3e       0x22 c:/program files (x86)/embitz/1.11/share/em_armgcc/bin/../lib/gcc/arm-none-eabi/5.4.1/armv7e-m/fpu/crtn.o
                0x00000001                ASSERT ((__StackLimit >= __HeapLimit), region m_data overflowed with stack and heap)
LOAD obj\debug\hardware_init.o
LOAD obj\debug\main.o
LOAD obj\debug\~#\~#\board\udoo_neo\src\board.o
LOAD obj\debug\~#\~#\board\udoo_neo\src\clock_freq.o
LOAD obj\debug\~#\~#\board\udoo_neo\src\gpio_pins.o
LOAD obj\debug\~#\~#\board\udoo_neo\src\pin_mux.o
LOAD obj\debug\~#\~#\os\config\src\cortexm4\os_internal_arch_cfg.o
LOAD obj\debug\~#\~#\os\config\src\os_cfg.o
LOAD obj\debug\~#\~#\os\config\src\os_internal_cfg.o
LOAD obj\debug\~#\~#\os\osek\src\activatetask.o
LOAD obj\debug\~#\~#\os\osek\src\cancelalarm.o
LOAD obj\debug\~#\~#\os\osek\src\chaintask.o
LOAD obj\debug\~#\~#\os\osek\src\clearevent.o
LOAD obj\debug\~#\~#\os\osek\src\cortexm4\os_arch.o
LOAD obj\debug\~#\~#\os\osek\src\cortexm4\os_internal_arch.o
LOAD obj\debug\~#\~#\os\osek\src\cortexm4\pendsv.o
LOAD obj\debug\~#\~#\os\osek\src\cortexm4\startos_arch.o
LOAD obj\debug\~#\~#\os\osek\src\cortexm4\startos_arch_systick.o
LOAD obj\debug\~#\~#\os\osek\src\getactiveapplicationmode.o
LOAD obj\debug\~#\~#\os\osek\src\getalarm.o
LOAD obj\debug\~#\~#\os\osek\src\getalarmbase.o
LOAD obj\debug\~#\~#\os\osek\src\getevent.o
LOAD obj\debug\~#\~#\os\osek\src\getresource.o
LOAD obj\debug\~#\~#\os\osek\src\gettaskid.o
LOAD obj\debug\~#\~#\os\osek\src\gettaskstate.o
LOAD obj\debug\~#\~#\os\osek\src\os.o
LOAD obj\debug\~#\~#\os\osek\src\os_internal.o
LOAD obj\debug\~#\~#\os\osek\src\releaseresource.o
LOAD obj\debug\~#\~#\os\osek\src\schedule.o
LOAD obj\debug\~#\~#\os\osek\src\setabsalarm.o
LOAD obj\debug\~#\~#\os\osek\src\setevent.o
LOAD obj\debug\~#\~#\os\osek\src\setrelalarm.o
LOAD obj\debug\~#\~#\os\osek\src\shutdownos.o
LOAD obj\debug\~#\~#\os\osek\src\startos.o
LOAD obj\debug\~#\~#\os\osek\src\terminatetask.o
LOAD obj\debug\~#\~#\os\osek\src\waitevent.o
LOAD obj\debug\~#\~#\platform\devices\mcimx6x\startup\gcc\startup_mcimx6x_m4.o
LOAD obj\debug\~#\~#\platform\devices\mcimx6x\startup\system_mcimx6x_m4.o
LOAD obj\debug\~#\~#\platform\drivers\src\adc_imx6sx.o
LOAD obj\debug\~#\~#\platform\drivers\src\ccm_analog_imx6sx.o
LOAD obj\debug\~#\~#\platform\drivers\src\ccm_imx6sx.o
LOAD obj\debug\~#\~#\platform\drivers\src\ecspi.o
LOAD obj\debug\~#\~#\platform\drivers\src\epit.o
LOAD obj\debug\~#\~#\platform\drivers\src\flexcan.o
LOAD obj\debug\~#\~#\platform\drivers\src\gpio_imx.o
LOAD obj\debug\~#\~#\platform\drivers\src\i2c_imx.o
LOAD obj\debug\~#\~#\platform\drivers\src\lmem.o
LOAD obj\debug\~#\~#\platform\drivers\src\mu_imx.o
LOAD obj\debug\~#\~#\platform\drivers\src\rdc.o
LOAD obj\debug\~#\~#\platform\drivers\src\rdc_semaphore.o
LOAD obj\debug\~#\~#\platform\drivers\src\sema4.o
LOAD obj\debug\~#\~#\platform\drivers\src\uart_imx.o
LOAD obj\debug\~#\~#\platform\drivers\src\wdog_imx.o
LOAD obj\debug\~#\~#\platform\utilities\src\debug_console_imx.o
LOAD obj\debug\~#\~#\platform\utilities\src\print_scan.o
LOAD obj\debug\~#\~#\services\src\message.o
START GROUP
LOAD c:/program files (x86)/embitz/1.11/share/em_armgcc/bin/../lib/gcc/arm-none-eabi/5.4.1/armv7e-m/fpu\libgcc.a
LOAD c:/program files (x86)/embitz/1.11/share/em_armgcc/bin/../lib/gcc/arm-none-eabi/5.4.1/../../../../arm-none-eabi/lib/armv7e-m/fpu\libg_n.a
LOAD c:/program files (x86)/embitz/1.11/share/em_armgcc/bin/../lib/gcc/arm-none-eabi/5.4.1/../../../../arm-none-eabi/lib/armv7e-m/fpu\libc_n.a
END GROUP
START GROUP
LOAD c:/program files (x86)/embitz/1.11/share/em_armgcc/bin/../lib/gcc/arm-none-eabi/5.4.1/armv7e-m/fpu\libgcc.a
LOAD c:/program files (x86)/embitz/1.11/share/em_armgcc/bin/../lib/gcc/arm-none-eabi/5.4.1/../../../../arm-none-eabi/lib/armv7e-m/fpu\libc_n.a
LOAD c:/program files (x86)/embitz/1.11/share/em_armgcc/bin/../lib/gcc/arm-none-eabi/5.4.1/../../../../arm-none-eabi/lib/armv7e-m/fpu\libnosys_s.a
END GROUP
LOAD c:/program files (x86)/embitz/1.11/share/em_armgcc/bin/../lib/gcc/arm-none-eabi/5.4.1/armv7e-m/fpu/crtend.o
LOAD c:/program files (x86)/embitz/1.11/share/em_armgcc/bin/../lib/gcc/arm-none-eabi/5.4.1/armv7e-m/fpu/crtn.o
OUTPUT(bin\Debug\Cortex_M4.elf elf32-littlearm)

.debug_info     0x00000000     0xccad
 .debug_info    0x00000000       0xb6 obj\debug\hardware_init.o
 .debug_info    0x000000b6     0x10f5 obj\debug\main.o
 .debug_info    0x000011ab     0x11c1 obj\debug\~#\~#\board\udoo_neo\src\board.o
 .debug_info    0x0000236c      0xfa3 obj\debug\~#\~#\board\udoo_neo\src\clock_freq.o
 .debug_info    0x0000330f     0x1fc3 obj\debug\~#\~#\board\udoo_neo\src\gpio_pins.o
 .debug_info    0x000052d2     0x2446 obj\debug\~#\~#\board\udoo_neo\src\pin_mux.o
 .debug_info    0x00007718      0x184 obj\debug\~#\~#\os\config\src\cortexm4\os_internal_arch_cfg.o
 .debug_info    0x0000789c       0xc4 obj\debug\~#\~#\os\config\src\os_cfg.o
 .debug_info    0x00007960      0x7f7 obj\debug\~#\~#\os\config\src\os_internal_cfg.o
 .debug_info    0x00008157      0x370 obj\debug\~#\~#\os\osek\src\activatetask.o
 .debug_info    0x000084c7      0x33d obj\debug\~#\~#\os\osek\src\cortexm4\os_internal_arch.o
 .debug_info    0x00008804       0x96 obj\debug\~#\~#\os\osek\src\cortexm4\pendsv.o
 .debug_info    0x0000889a       0xbe obj\debug\~#\~#\os\osek\src\cortexm4\startos_arch.o
 .debug_info    0x00008958      0x7c8 obj\debug\~#\~#\os\osek\src\cortexm4\startos_arch_systick.o
 .debug_info    0x00009120       0xae obj\debug\~#\~#\os\osek\src\os.o
 .debug_info    0x000091ce      0x4be obj\debug\~#\~#\os\osek\src\os_internal.o
 .debug_info    0x0000968c      0x3b9 obj\debug\~#\~#\os\osek\src\schedule.o
 .debug_info    0x00009a45       0xa3 obj\debug\~#\~#\os\osek\src\shutdownos.o
 .debug_info    0x00009ae8      0x270 obj\debug\~#\~#\os\osek\src\startos.o
 .debug_info    0x00009d58      0x24b obj\debug\~#\~#\os\osek\src\terminatetask.o
 .debug_info    0x00009fa3       0xb2 obj\debug\~#\~#\platform\devices\mcimx6x\startup\gcc\startup_mcimx6x_m4.o
 .debug_info    0x0000a055      0x948 obj\debug\~#\~#\platform\devices\mcimx6x\startup\system_mcimx6x_m4.o
 .debug_info    0x0000a99d      0x6a3 obj\debug\~#\~#\platform\drivers\src\ccm_analog_imx6sx.o
 .debug_info    0x0000b040      0x3a5 obj\debug\~#\~#\platform\drivers\src\gpio_imx.o
 .debug_info    0x0000b3e5      0x9fb obj\debug\~#\~#\platform\drivers\src\uart_imx.o
 .debug_info    0x0000bde0      0x8db obj\debug\~#\~#\platform\utilities\src\debug_console_imx.o
 .debug_info    0x0000c6bb      0x5f2 obj\debug\~#\~#\platform\utilities\src\print_scan.o

.debug_abbrev   0x00000000     0x1dc8
 .debug_abbrev  0x00000000       0x6a obj\debug\hardware_init.o
 .debug_abbrev  0x0000006a      0x2c6 obj\debug\main.o
 .debug_abbrev  0x00000330      0x1bd obj\debug\~#\~#\board\udoo_neo\src\board.o
 .debug_abbrev  0x000004ed      0x16e obj\debug\~#\~#\board\udoo_neo\src\clock_freq.o
 .debug_abbrev  0x0000065b      0x13c obj\debug\~#\~#\board\udoo_neo\src\gpio_pins.o
 .debug_abbrev  0x00000797      0x139 obj\debug\~#\~#\board\udoo_neo\src\pin_mux.o
 .debug_abbrev  0x000008d0       0xbc obj\debug\~#\~#\os\config\src\cortexm4\os_internal_arch_cfg.o
 .debug_abbrev  0x0000098c       0x3a obj\debug\~#\~#\os\config\src\os_cfg.o
 .debug_abbrev  0x000009c6       0xf2 obj\debug\~#\~#\os\config\src\os_internal_cfg.o
 .debug_abbrev  0x00000ab8       0xfd obj\debug\~#\~#\os\osek\src\activatetask.o
 .debug_abbrev  0x00000bb5      0x15d obj\debug\~#\~#\os\osek\src\cortexm4\os_internal_arch.o
 .debug_abbrev  0x00000d12       0x14 obj\debug\~#\~#\os\osek\src\cortexm4\pendsv.o
 .debug_abbrev  0x00000d26       0x79 obj\debug\~#\~#\os\osek\src\cortexm4\startos_arch.o
 .debug_abbrev  0x00000d9f      0x164 obj\debug\~#\~#\os\osek\src\cortexm4\startos_arch_systick.o
 .debug_abbrev  0x00000f03       0x47 obj\debug\~#\~#\os\osek\src\os.o
 .debug_abbrev  0x00000f4a      0x13e obj\debug\~#\~#\os\osek\src\os_internal.o
 .debug_abbrev  0x00001088      0x10d obj\debug\~#\~#\os\osek\src\schedule.o
 .debug_abbrev  0x00001195       0x61 obj\debug\~#\~#\os\osek\src\shutdownos.o
 .debug_abbrev  0x000011f6      0x102 obj\debug\~#\~#\os\osek\src\startos.o
 .debug_abbrev  0x000012f8       0xd7 obj\debug\~#\~#\os\osek\src\terminatetask.o
 .debug_abbrev  0x000013cf       0x14 obj\debug\~#\~#\platform\devices\mcimx6x\startup\gcc\startup_mcimx6x_m4.o
 .debug_abbrev  0x000013e3      0x150 obj\debug\~#\~#\platform\devices\mcimx6x\startup\system_mcimx6x_m4.o
 .debug_abbrev  0x00001533      0x179 obj\debug\~#\~#\platform\drivers\src\ccm_analog_imx6sx.o
 .debug_abbrev  0x000016ac      0x161 obj\debug\~#\~#\platform\drivers\src\gpio_imx.o
 .debug_abbrev  0x0000180d      0x1c9 obj\debug\~#\~#\platform\drivers\src\uart_imx.o
 .debug_abbrev  0x000019d6      0x256 obj\debug\~#\~#\platform\utilities\src\debug_console_imx.o
 .debug_abbrev  0x00001c2c      0x19c obj\debug\~#\~#\platform\utilities\src\print_scan.o

.debug_aranges  0x00000000      0x6a0
 .debug_aranges
                0x00000000       0x20 obj\debug\hardware_init.o
 .debug_aranges
                0x00000020       0xb0 obj\debug\main.o
 .debug_aranges
                0x000000d0       0x60 obj\debug\~#\~#\board\udoo_neo\src\board.o
 .debug_aranges
                0x00000130       0x48 obj\debug\~#\~#\board\udoo_neo\src\clock_freq.o
 .debug_aranges
                0x00000178       0x20 obj\debug\~#\~#\board\udoo_neo\src\gpio_pins.o
 .debug_aranges
                0x00000198       0x40 obj\debug\~#\~#\board\udoo_neo\src\pin_mux.o
 .debug_aranges
                0x000001d8       0x68 obj\debug\~#\~#\os\config\src\cortexm4\os_internal_arch_cfg.o
 .debug_aranges
                0x00000240       0x18 obj\debug\~#\~#\os\config\src\os_cfg.o
 .debug_aranges
                0x00000258       0x18 obj\debug\~#\~#\os\config\src\os_internal_cfg.o
 .debug_aranges
                0x00000270       0x20 obj\debug\~#\~#\os\osek\src\activatetask.o
 .debug_aranges
                0x00000290       0x38 obj\debug\~#\~#\os\osek\src\cortexm4\os_internal_arch.o
 .debug_aranges
                0x000002c8       0x20 obj\debug\~#\~#\os\osek\src\cortexm4\pendsv.o
 .debug_aranges
                0x000002e8       0x28 obj\debug\~#\~#\os\osek\src\cortexm4\startos_arch.o
 .debug_aranges
                0x00000310       0x30 obj\debug\~#\~#\os\osek\src\cortexm4\startos_arch_systick.o
 .debug_aranges
                0x00000340       0x18 obj\debug\~#\~#\os\osek\src\os.o
 .debug_aranges
                0x00000358       0x38 obj\debug\~#\~#\os\osek\src\os_internal.o
 .debug_aranges
                0x00000390       0x20 obj\debug\~#\~#\os\osek\src\schedule.o
 .debug_aranges
                0x000003b0       0x20 obj\debug\~#\~#\os\osek\src\shutdownos.o
 .debug_aranges
                0x000003d0       0x20 obj\debug\~#\~#\os\osek\src\startos.o
 .debug_aranges
                0x000003f0       0x20 obj\debug\~#\~#\os\osek\src\terminatetask.o
 .debug_aranges
                0x00000410       0x20 obj\debug\~#\~#\platform\devices\mcimx6x\startup\gcc\startup_mcimx6x_m4.o
 .debug_aranges
                0x00000430       0x28 obj\debug\~#\~#\platform\devices\mcimx6x\startup\system_mcimx6x_m4.o
 .debug_aranges
                0x00000458       0x50 obj\debug\~#\~#\platform\drivers\src\ccm_analog_imx6sx.o
 .debug_aranges
                0x000004a8       0x38 obj\debug\~#\~#\platform\drivers\src\gpio_imx.o
 .debug_aranges
                0x000004e0       0xe8 obj\debug\~#\~#\platform\drivers\src\uart_imx.o
 .debug_aranges
                0x000005c8       0x90 obj\debug\~#\~#\platform\utilities\src\debug_console_imx.o
 .debug_aranges
                0x00000658       0x48 obj\debug\~#\~#\platform\utilities\src\print_scan.o

.debug_ranges   0x00000000      0x4b8
 .debug_ranges  0x00000000       0x10 obj\debug\hardware_init.o
 .debug_ranges  0x00000010       0xa0 obj\debug\main.o
 .debug_ranges  0x000000b0       0x50 obj\debug\~#\~#\board\udoo_neo\src\board.o
 .debug_ranges  0x00000100       0x38 obj\debug\~#\~#\board\udoo_neo\src\clock_freq.o
 .debug_ranges  0x00000138       0x10 obj\debug\~#\~#\board\udoo_neo\src\gpio_pins.o
 .debug_ranges  0x00000148       0x30 obj\debug\~#\~#\board\udoo_neo\src\pin_mux.o
 .debug_ranges  0x00000178       0x58 obj\debug\~#\~#\os\config\src\cortexm4\os_internal_arch_cfg.o
 .debug_ranges  0x000001d0       0x10 obj\debug\~#\~#\os\osek\src\activatetask.o
 .debug_ranges  0x000001e0       0x28 obj\debug\~#\~#\os\osek\src\cortexm4\os_internal_arch.o
 .debug_ranges  0x00000208       0x18 obj\debug\~#\~#\os\osek\src\cortexm4\startos_arch.o
 .debug_ranges  0x00000220       0x20 obj\debug\~#\~#\os\osek\src\cortexm4\startos_arch_systick.o
 .debug_ranges  0x00000240       0x28 obj\debug\~#\~#\os\osek\src\os_internal.o
 .debug_ranges  0x00000268       0x10 obj\debug\~#\~#\os\osek\src\schedule.o
 .debug_ranges  0x00000278       0x10 obj\debug\~#\~#\os\osek\src\shutdownos.o
 .debug_ranges  0x00000288       0x10 obj\debug\~#\~#\os\osek\src\startos.o
 .debug_ranges  0x00000298       0x10 obj\debug\~#\~#\os\osek\src\terminatetask.o
 .debug_ranges  0x000002a8       0x18 obj\debug\~#\~#\platform\devices\mcimx6x\startup\system_mcimx6x_m4.o
 .debug_ranges  0x000002c0       0x40 obj\debug\~#\~#\platform\drivers\src\ccm_analog_imx6sx.o
 .debug_ranges  0x00000300       0x28 obj\debug\~#\~#\platform\drivers\src\gpio_imx.o
 .debug_ranges  0x00000328       0xd8 obj\debug\~#\~#\platform\drivers\src\uart_imx.o
 .debug_ranges  0x00000400       0x80 obj\debug\~#\~#\platform\utilities\src\debug_console_imx.o
 .debug_ranges  0x00000480       0x38 obj\debug\~#\~#\platform\utilities\src\print_scan.o

.debug_macro    0x00000000    0x3ffb5
 .debug_macro   0x00000000      0x16f obj\debug\hardware_init.o
 .debug_macro   0x0000016f      0x8aa obj\debug\hardware_init.o
 .debug_macro   0x00000a19       0x16 obj\debug\hardware_init.o
 .debug_macro   0x00000a2f       0x22 obj\debug\hardware_init.o
 .debug_macro   0x00000a51       0x87 obj\debug\hardware_init.o
 .debug_macro   0x00000ad8       0x44 obj\debug\hardware_init.o
 .debug_macro   0x00000b1c       0xfd obj\debug\hardware_init.o
 .debug_macro   0x00000c19       0x5e obj\debug\hardware_init.o
 .debug_macro   0x00000c77      0x1df obj\debug\hardware_init.o
 .debug_macro   0x00000e56       0x32 obj\debug\hardware_init.o
 .debug_macro   0x00000e88       0x3b obj\debug\hardware_init.o
 .debug_macro   0x00000ec3       0x2d obj\debug\hardware_init.o
 .debug_macro   0x00000ef0       0x26 obj\debug\hardware_init.o
 .debug_macro   0x00000f16      0xd39 obj\debug\hardware_init.o
 .debug_macro   0x00001c4f       0x10 obj\debug\hardware_init.o
 .debug_macro   0x00001c5f    0x3ac51 obj\debug\hardware_init.o
 .debug_macro   0x0003c8b0       0x10 obj\debug\hardware_init.o
 .debug_macro   0x0003c8c0       0x22 obj\debug\hardware_init.o
 .debug_macro   0x0003c8e2       0x52 obj\debug\hardware_init.o
 .debug_macro   0x0003c934       0x35 obj\debug\hardware_init.o
 .debug_macro   0x0003c969       0x9c obj\debug\hardware_init.o
 .debug_macro   0x0003ca05       0x1c obj\debug\hardware_init.o
 .debug_macro   0x0003ca21      0x174 obj\debug\hardware_init.o
 .debug_macro   0x0003cb95       0x16 obj\debug\hardware_init.o
 .debug_macro   0x0003cbab       0x1c obj\debug\hardware_init.o
 .debug_macro   0x0003cbc7      0x216 obj\debug\hardware_init.o
 .debug_macro   0x0003cddd      0x33f obj\debug\main.o
 .debug_macro   0x0003d11c       0x4c obj\debug\main.o
 .debug_macro   0x0003d168       0x8d obj\debug\main.o
 .debug_macro   0x0003d1f5       0x16 obj\debug\main.o
 .debug_macro   0x0003d20b       0x4a obj\debug\main.o
 .debug_macro   0x0003d255       0x97 obj\debug\main.o
 .debug_macro   0x0003d2ec      0x30d obj\debug\main.o
 .debug_macro   0x0003d5f9       0xfd obj\debug\main.o
 .debug_macro   0x0003d6f6       0x10 obj\debug\main.o
 .debug_macro   0x0003d706       0x52 obj\debug\main.o
 .debug_macro   0x0003d758       0x1f obj\debug\main.o
 .debug_macro   0x0003d777       0x43 obj\debug\main.o
 .debug_macro   0x0003d7ba       0x20 obj\debug\main.o
 .debug_macro   0x0003d7da      0x187 obj\debug\main.o
 .debug_macro   0x0003d961       0x10 obj\debug\main.o
 .debug_macro   0x0003d971       0x1c obj\debug\main.o
 .debug_macro   0x0003d98d       0x52 obj\debug\main.o
 .debug_macro   0x0003d9df       0x40 obj\debug\main.o
 .debug_macro   0x0003da1f       0x10 obj\debug\main.o
 .debug_macro   0x0003da2f       0x40 obj\debug\main.o
 .debug_macro   0x0003da6f       0xd7 obj\debug\main.o
 .debug_macro   0x0003db46       0x16 obj\debug\main.o
 .debug_macro   0x0003db5c      0x189 obj\debug\main.o
 .debug_macro   0x0003dce5       0x16 obj\debug\main.o
 .debug_macro   0x0003dcfb       0x35 obj\debug\main.o
 .debug_macro   0x0003dd30       0x16 obj\debug\main.o
 .debug_macro   0x0003dd46       0x16 obj\debug\main.o
 .debug_macro   0x0003dd5c       0x29 obj\debug\main.o
 .debug_macro   0x0003dd85       0x28 obj\debug\main.o
 .debug_macro   0x0003ddad       0x16 obj\debug\main.o
 .debug_macro   0x0003ddc3       0x3b obj\debug\main.o
 .debug_macro   0x0003ddfe       0x52 obj\debug\main.o
 .debug_macro   0x0003de50       0x28 obj\debug\main.o
 .debug_macro   0x0003de78      0x155 obj\debug\main.o
 .debug_macro   0x0003dfcd      0x108 obj\debug\main.o
 .debug_macro   0x0003e0d5      0x279 obj\debug\~#\~#\board\udoo_neo\src\board.o
 .debug_macro   0x0003e34e      0x13e obj\debug\~#\~#\board\udoo_neo\src\clock_freq.o
 .debug_macro   0x0003e48c       0x2e obj\debug\~#\~#\board\udoo_neo\src\clock_freq.o
 .debug_macro   0x0003e4ba       0xfb obj\debug\~#\~#\board\udoo_neo\src\gpio_pins.o
 .debug_macro   0x0003e5b5       0xc7 obj\debug\~#\~#\board\udoo_neo\src\pin_mux.o
 .debug_macro   0x0003e67c      0x144 obj\debug\~#\~#\os\config\src\cortexm4\os_internal_arch_cfg.o
 .debug_macro   0x0003e7c0       0x34 obj\debug\~#\~#\os\config\src\cortexm4\os_internal_arch_cfg.o
 .debug_macro   0x0003e7f4       0x12 obj\debug\~#\~#\os\config\src\cortexm4\os_internal_arch_cfg.o
 .debug_macro   0x0003e806       0x7c obj\debug\~#\~#\os\config\src\cortexm4\os_internal_arch_cfg.o
 .debug_macro   0x0003e882       0x10 obj\debug\~#\~#\os\config\src\cortexm4\os_internal_arch_cfg.o
 .debug_macro   0x0003e892       0x95 obj\debug\~#\~#\os\config\src\cortexm4\os_internal_arch_cfg.o
 .debug_macro   0x0003e927       0x88 obj\debug\~#\~#\os\config\src\cortexm4\os_internal_arch_cfg.o
 .debug_macro   0x0003e9af       0x44 obj\debug\~#\~#\os\config\src\cortexm4\os_internal_arch_cfg.o
 .debug_macro   0x0003e9f3       0xef obj\debug\~#\~#\os\config\src\os_cfg.o
 .debug_macro   0x0003eae2       0xef obj\debug\~#\~#\os\config\src\os_internal_cfg.o
 .debug_macro   0x0003ebd1       0xef obj\debug\~#\~#\os\osek\src\activatetask.o
 .debug_macro   0x0003ecc0       0xef obj\debug\~#\~#\os\osek\src\cortexm4\os_internal_arch.o
 .debug_macro   0x0003edaf       0xf3 obj\debug\~#\~#\os\osek\src\cortexm4\startos_arch.o
 .debug_macro   0x0003eea2       0xd0 obj\debug\~#\~#\os\osek\src\cortexm4\startos_arch_systick.o
 .debug_macro   0x0003ef72       0x1c obj\debug\~#\~#\os\osek\src\cortexm4\startos_arch_systick.o
 .debug_macro   0x0003ef8e       0xef obj\debug\~#\~#\os\osek\src\os.o
 .debug_macro   0x0003f07d       0xef obj\debug\~#\~#\os\osek\src\os_internal.o
 .debug_macro   0x0003f16c       0xef obj\debug\~#\~#\os\osek\src\schedule.o
 .debug_macro   0x0003f25b       0xef obj\debug\~#\~#\os\osek\src\shutdownos.o
 .debug_macro   0x0003f34a       0xef obj\debug\~#\~#\os\osek\src\startos.o
 .debug_macro   0x0003f439       0xef obj\debug\~#\~#\os\osek\src\terminatetask.o
 .debug_macro   0x0003f528       0xc3 obj\debug\~#\~#\platform\devices\mcimx6x\startup\system_mcimx6x_m4.o
 .debug_macro   0x0003f5eb      0x113 obj\debug\~#\~#\platform\drivers\src\ccm_analog_imx6sx.o
 .debug_macro   0x0003f6fe      0x105 obj\debug\~#\~#\platform\drivers\src\gpio_imx.o
 .debug_macro   0x0003f803      0x105 obj\debug\~#\~#\platform\drivers\src\uart_imx.o
 .debug_macro   0x0003f908      0x274 obj\debug\~#\~#\platform\utilities\src\debug_console_imx.o
 .debug_macro   0x0003fb7c       0x58 obj\debug\~#\~#\platform\utilities\src\debug_console_imx.o
 .debug_macro   0x0003fbd4      0x2e3 obj\debug\~#\~#\platform\utilities\src\print_scan.o
 .debug_macro   0x0003feb7       0x52 obj\debug\~#\~#\platform\utilities\src\print_scan.o
 .debug_macro   0x0003ff09       0xac obj\debug\~#\~#\platform\utilities\src\print_scan.o

.debug_line     0x00000000     0x6eb8
 .debug_line    0x00000000      0x3f2 obj\debug\hardware_init.o
 .debug_line    0x000003f2      0x83f obj\debug\main.o
 .debug_line    0x00000c31      0x5f9 obj\debug\~#\~#\board\udoo_neo\src\board.o
 .debug_line    0x0000122a      0x499 obj\debug\~#\~#\board\udoo_neo\src\clock_freq.o
 .debug_line    0x000016c3      0x381 obj\debug\~#\~#\board\udoo_neo\src\gpio_pins.o
 .debug_line    0x00001a44      0x406 obj\debug\~#\~#\board\udoo_neo\src\pin_mux.o
 .debug_line    0x00001e4a      0x4d4 obj\debug\~#\~#\os\config\src\cortexm4\os_internal_arch_cfg.o
 .debug_line    0x0000231e      0x342 obj\debug\~#\~#\os\config\src\os_cfg.o
 .debug_line    0x00002660      0x34b obj\debug\~#\~#\os\config\src\os_internal_cfg.o
 .debug_line    0x000029ab      0x390 obj\debug\~#\~#\os\osek\src\activatetask.o
 .debug_line    0x00002d3b      0x3b7 obj\debug\~#\~#\os\osek\src\cortexm4\os_internal_arch.o
 .debug_line    0x000030f2       0x7f obj\debug\~#\~#\os\osek\src\cortexm4\pendsv.o
 .debug_line    0x00003171      0x3a0 obj\debug\~#\~#\os\osek\src\cortexm4\startos_arch.o
 .debug_line    0x00003511      0x3b8 obj\debug\~#\~#\os\osek\src\cortexm4\startos_arch_systick.o
 .debug_line    0x000038c9      0x33c obj\debug\~#\~#\os\osek\src\os.o
 .debug_line    0x00003c05      0x3ba obj\debug\~#\~#\os\osek\src\os_internal.o
 .debug_line    0x00003fbf      0x3d6 obj\debug\~#\~#\os\osek\src\schedule.o
 .debug_line    0x00004395      0x35b obj\debug\~#\~#\os\osek\src\shutdownos.o
 .debug_line    0x000046f0      0x38d obj\debug\~#\~#\os\osek\src\startos.o
 .debug_line    0x00004a7d      0x37e obj\debug\~#\~#\os\osek\src\terminatetask.o
 .debug_line    0x00004dfb       0x9c obj\debug\~#\~#\platform\devices\mcimx6x\startup\gcc\startup_mcimx6x_m4.o
 .debug_line    0x00004e97      0x40c obj\debug\~#\~#\platform\devices\mcimx6x\startup\system_mcimx6x_m4.o
 .debug_line    0x000052a3      0x473 obj\debug\~#\~#\platform\drivers\src\ccm_analog_imx6sx.o
 .debug_line    0x00005716      0x3f3 obj\debug\~#\~#\platform\drivers\src\gpio_imx.o
 .debug_line    0x00005b09      0x614 obj\debug\~#\~#\platform\drivers\src\uart_imx.o
 .debug_line    0x0000611d      0x68f obj\debug\~#\~#\platform\utilities\src\debug_console_imx.o
 .debug_line    0x000067ac      0x70c obj\debug\~#\~#\platform\utilities\src\print_scan.o

.debug_str      0x00000000   0x1b6f7e
 .debug_str     0x00000000   0x1a8820 obj\debug\hardware_init.o
                             0x1a8a21 (size before relaxing)
 .debug_str     0x001a8820     0x61c1 obj\debug\main.o
                             0x1aecae (size before relaxing)
 .debug_str     0x001ae9e1     0x163b obj\debug\~#\~#\board\udoo_neo\src\board.o
                             0x1ad76d (size before relaxing)
 .debug_str     0x001b001c      0x965 obj\debug\~#\~#\board\udoo_neo\src\clock_freq.o
                             0x1a8f40 (size before relaxing)
 .debug_str     0x001b0981     0x3af3 obj\debug\~#\~#\board\udoo_neo\src\gpio_pins.o
                             0x1ab433 (size before relaxing)
 .debug_str     0x001b4474      0x13a obj\debug\~#\~#\board\udoo_neo\src\pin_mux.o
                             0x1ab118 (size before relaxing)
 .debug_str     0x001b45ae      0xdc8 obj\debug\~#\~#\os\config\src\cortexm4\os_internal_arch_cfg.o
                             0x1a8da0 (size before relaxing)
 .debug_str     0x001b5376       0x6f obj\debug\~#\~#\os\config\src\os_cfg.o
                               0x4d58 (size before relaxing)
 .debug_str     0x001b53e5      0x521 obj\debug\~#\~#\os\config\src\os_internal_cfg.o
                               0x5293 (size before relaxing)
 .debug_str     0x001b5906       0x88 obj\debug\~#\~#\os\osek\src\activatetask.o
                               0x4fb8 (size before relaxing)
 .debug_str     0x001b598e       0xeb obj\debug\~#\~#\os\osek\src\cortexm4\os_internal_arch.o
                               0x4fa0 (size before relaxing)
 .debug_str     0x001b5a79       0x65 obj\debug\~#\~#\os\osek\src\cortexm4\startos_arch.o
                               0x4d4e (size before relaxing)
 .debug_str     0x001b5ade       0x96 obj\debug\~#\~#\os\osek\src\cortexm4\startos_arch_systick.o
                             0x1a7ccb (size before relaxing)
 .debug_str     0x001b5b74       0x53 obj\debug\~#\~#\os\osek\src\os.o
                               0x4d6e (size before relaxing)
 .debug_str     0x001b5bc7       0x80 obj\debug\~#\~#\os\osek\src\os_internal.o
                               0x5020 (size before relaxing)
 .debug_str     0x001b5c47       0x3d obj\debug\~#\~#\os\osek\src\schedule.o
                               0x4ff0 (size before relaxing)
 .debug_str     0x001b5c84       0x2d obj\debug\~#\~#\os\osek\src\shutdownos.o
                               0x4d27 (size before relaxing)
 .debug_str     0x001b5cb1       0x27 obj\debug\~#\~#\os\osek\src\startos.o
                               0x4eaa (size before relaxing)
 .debug_str     0x001b5cd8       0x33 obj\debug\~#\~#\os\osek\src\terminatetask.o
                               0x4ec5 (size before relaxing)
 .debug_str     0x001b5d0b      0x158 obj\debug\~#\~#\platform\devices\mcimx6x\startup\system_mcimx6x_m4.o
                             0x1a792a (size before relaxing)
 .debug_str     0x001b5e63      0x11c obj\debug\~#\~#\platform\drivers\src\ccm_analog_imx6sx.o
                             0x1a82c4 (size before relaxing)
 .debug_str     0x001b5f7f       0x90 obj\debug\~#\~#\platform\drivers\src\gpio_imx.o
                             0x1a7ade (size before relaxing)
 .debug_str     0x001b600f      0x301 obj\debug\~#\~#\platform\drivers\src\uart_imx.o
                             0x1a7d6e (size before relaxing)
 .debug_str     0x001b6310      0x31c obj\debug\~#\~#\platform\utilities\src\debug_console_imx.o
                             0x1aba0b (size before relaxing)
 .debug_str     0x001b662c      0x952 obj\debug\~#\~#\platform\utilities\src\print_scan.o
                               0x7b83 (size before relaxing)

.comment        0x00000000       0x6e
 .comment       0x00000000       0x6e obj\debug\hardware_init.o
                                 0x6f (size before relaxing)
 .comment       0x0000006e       0x6f obj\debug\main.o
 .comment       0x0000006e       0x6f obj\debug\~#\~#\board\udoo_neo\src\board.o
 .comment       0x0000006e       0x6f obj\debug\~#\~#\board\udoo_neo\src\clock_freq.o
 .comment       0x0000006e       0x6f obj\debug\~#\~#\board\udoo_neo\src\gpio_pins.o
 .comment       0x0000006e       0x6f obj\debug\~#\~#\board\udoo_neo\src\pin_mux.o
 .comment       0x0000006e       0x6f obj\debug\~#\~#\os\config\src\cortexm4\os_internal_arch_cfg.o
 .comment       0x0000006e       0x6f obj\debug\~#\~#\os\config\src\os_cfg.o
 .comment       0x0000006e       0x6f obj\debug\~#\~#\os\config\src\os_internal_cfg.o
 .comment       0x0000006e       0x6f obj\debug\~#\~#\os\osek\src\activatetask.o
 .comment       0x0000006e       0x6f obj\debug\~#\~#\os\osek\src\cortexm4\os_internal_arch.o
 .comment       0x0000006e       0x6f obj\debug\~#\~#\os\osek\src\cortexm4\startos_arch.o
 .comment       0x0000006e       0x6f obj\debug\~#\~#\os\osek\src\cortexm4\startos_arch_systick.o
 .comment       0x0000006e       0x6f obj\debug\~#\~#\os\osek\src\os.o
 .comment       0x0000006e       0x6f obj\debug\~#\~#\os\osek\src\os_internal.o
 .comment       0x0000006e       0x6f obj\debug\~#\~#\os\osek\src\schedule.o
 .comment       0x0000006e       0x6f obj\debug\~#\~#\os\osek\src\shutdownos.o
 .comment       0x0000006e       0x6f obj\debug\~#\~#\os\osek\src\startos.o
 .comment       0x0000006e       0x6f obj\debug\~#\~#\os\osek\src\terminatetask.o
 .comment       0x0000006e       0x6f obj\debug\~#\~#\platform\devices\mcimx6x\startup\system_mcimx6x_m4.o
 .comment       0x0000006e       0x6f obj\debug\~#\~#\platform\drivers\src\ccm_analog_imx6sx.o
 .comment       0x0000006e       0x6f obj\debug\~#\~#\platform\drivers\src\gpio_imx.o
 .comment       0x0000006e       0x6f obj\debug\~#\~#\platform\drivers\src\uart_imx.o
 .comment       0x0000006e       0x6f obj\debug\~#\~#\platform\utilities\src\debug_console_imx.o
 .comment       0x0000006e       0x6f obj\debug\~#\~#\platform\utilities\src\print_scan.o

.debug_frame    0x00000000     0x1d48
 .debug_frame   0x00000000       0x2c obj\debug\hardware_init.o
 .debug_frame   0x0000002c      0x298 obj\debug\main.o
 .debug_frame   0x000002c4      0x158 obj\debug\~#\~#\board\udoo_neo\src\board.o
 .debug_frame   0x0000041c       0xf0 obj\debug\~#\~#\board\udoo_neo\src\clock_freq.o
 .debug_frame   0x0000050c       0x34 obj\debug\~#\~#\board\udoo_neo\src\gpio_pins.o
 .debug_frame   0x00000540       0xd8 obj\debug\~#\~#\board\udoo_neo\src\pin_mux.o
 .debug_frame   0x00000618      0x118 obj\debug\~#\~#\os\config\src\cortexm4\os_internal_arch_cfg.o
 .debug_frame   0x00000730       0x34 obj\debug\~#\~#\os\osek\src\activatetask.o
 .debug_frame   0x00000764       0x90 obj\debug\~#\~#\os\osek\src\cortexm4\os_internal_arch.o
 .debug_frame   0x000007f4       0x50 obj\debug\~#\~#\os\osek\src\cortexm4\startos_arch.o
 .debug_frame   0x00000844       0x78 obj\debug\~#\~#\os\osek\src\cortexm4\startos_arch_systick.o
 .debug_frame   0x000008bc       0xa0 obj\debug\~#\~#\os\osek\src\os_internal.o
 .debug_frame   0x0000095c       0x38 obj\debug\~#\~#\os\osek\src\schedule.o
 .debug_frame   0x00000994       0x2c obj\debug\~#\~#\os\osek\src\shutdownos.o
 .debug_frame   0x000009c0       0x30 obj\debug\~#\~#\os\osek\src\startos.o
 .debug_frame   0x000009f0       0x34 obj\debug\~#\~#\os\osek\src\terminatetask.o
 .debug_frame   0x00000a24       0x60 obj\debug\~#\~#\platform\devices\mcimx6x\startup\system_mcimx6x_m4.o
 .debug_frame   0x00000a84      0x120 obj\debug\~#\~#\platform\drivers\src\ccm_analog_imx6sx.o
 .debug_frame   0x00000ba4       0xa4 obj\debug\~#\~#\platform\drivers\src\gpio_imx.o
 .debug_frame   0x00000c48      0x408 obj\debug\~#\~#\platform\drivers\src\uart_imx.o
 .debug_frame   0x00001050      0x264 obj\debug\~#\~#\platform\utilities\src\debug_console_imx.o
 .debug_frame   0x000012b4       0xfc obj\debug\~#\~#\platform\utilities\src\print_scan.o
 .debug_frame   0x000013b0       0x40 c:/program files (x86)/embitz/1.11/share/em_armgcc/bin/../lib/gcc/arm-none-eabi/5.4.1/../../../../arm-none-eabi/lib/armv7e-m/fpu\libg_n.a(lib_a-assert.o)
 .debug_frame   0x000013f0       0x28 c:/program files (x86)/embitz/1.11/share/em_armgcc/bin/../lib/gcc/arm-none-eabi/5.4.1/../../../../arm-none-eabi/lib/armv7e-m/fpu\libg_n.a(lib_a-exit.o)
 .debug_frame   0x00001418       0x64 c:/program files (x86)/embitz/1.11/share/em_armgcc/bin/../lib/gcc/arm-none-eabi/5.4.1/../../../../arm-none-eabi/lib/armv7e-m/fpu\libg_n.a(lib_a-fprintf.o)
 .debug_frame   0x0000147c       0x2c c:/program files (x86)/embitz/1.11/share/em_armgcc/bin/../lib/gcc/arm-none-eabi/5.4.1/../../../../arm-none-eabi/lib/armv7e-m/fpu\libg_n.a(lib_a-init.o)
 .debug_frame   0x000014a8       0x20 c:/program files (x86)/embitz/1.11/share/em_armgcc/bin/../lib/gcc/arm-none-eabi/5.4.1/../../../../arm-none-eabi/lib/armv7e-m/fpu\libg_n.a(lib_a-memset.o)
 .debug_frame   0x000014c8       0x38 c:/program files (x86)/embitz/1.11/share/em_armgcc/bin/../lib/gcc/arm-none-eabi/5.4.1/../../../../arm-none-eabi/lib/armv7e-m/fpu\libg_n.a(lib_a-nano-freer.o)
 .debug_frame   0x00001500       0x2c c:/program files (x86)/embitz/1.11/share/em_armgcc/bin/../lib/gcc/arm-none-eabi/5.4.1/../../../../arm-none-eabi/lib/armv7e-m/fpu\libg_n.a(lib_a-nano-mallocr.o)
 .debug_frame   0x0000152c       0xac c:/program files (x86)/embitz/1.11/share/em_armgcc/bin/../lib/gcc/arm-none-eabi/5.4.1/../../../../arm-none-eabi/lib/armv7e-m/fpu\libg_n.a(lib_a-nano-vfprintf.o)
 .debug_frame   0x000015d8       0x60 c:/program files (x86)/embitz/1.11/share/em_armgcc/bin/../lib/gcc/arm-none-eabi/5.4.1/../../../../arm-none-eabi/lib/armv7e-m/fpu\libg_n.a(lib_a-nano-vfprintf_i.o)
 .debug_frame   0x00001638       0x2c c:/program files (x86)/embitz/1.11/share/em_armgcc/bin/../lib/gcc/arm-none-eabi/5.4.1/../../../../arm-none-eabi/lib/armv7e-m/fpu\libg_n.a(lib_a-sbrkr.o)
 .debug_frame   0x00001664       0x40 c:/program files (x86)/embitz/1.11/share/em_armgcc/bin/../lib/gcc/arm-none-eabi/5.4.1/../../../../arm-none-eabi/lib/armv7e-m/fpu\libg_n.a(lib_a-wbuf.o)
 .debug_frame   0x000016a4       0x2c c:/program files (x86)/embitz/1.11/share/em_armgcc/bin/../lib/gcc/arm-none-eabi/5.4.1/../../../../arm-none-eabi/lib/armv7e-m/fpu\libg_n.a(lib_a-wsetup.o)
 .debug_frame   0x000016d0       0x28 c:/program files (x86)/embitz/1.11/share/em_armgcc/bin/../lib/gcc/arm-none-eabi/5.4.1/../../../../arm-none-eabi/lib/armv7e-m/fpu\libg_n.a(lib_a-abort.o)
 .debug_frame   0x000016f8       0x68 c:/program files (x86)/embitz/1.11/share/em_armgcc/bin/../lib/gcc/arm-none-eabi/5.4.1/../../../../arm-none-eabi/lib/armv7e-m/fpu\libg_n.a(lib_a-fflush.o)
 .debug_frame   0x00001760      0x11c c:/program files (x86)/embitz/1.11/share/em_armgcc/bin/../lib/gcc/arm-none-eabi/5.4.1/../../../../arm-none-eabi/lib/armv7e-m/fpu\libg_n.a(lib_a-findfp.o)
 .debug_frame   0x0000187c       0x54 c:/program files (x86)/embitz/1.11/share/em_armgcc/bin/../lib/gcc/arm-none-eabi/5.4.1/../../../../arm-none-eabi/lib/armv7e-m/fpu\libg_n.a(lib_a-fwalk.o)
 .debug_frame   0x000018d0       0x54 c:/program files (x86)/embitz/1.11/share/em_armgcc/bin/../lib/gcc/arm-none-eabi/5.4.1/../../../../arm-none-eabi/lib/armv7e-m/fpu\libg_n.a(lib_a-makebuf.o)
 .debug_frame   0x00001924       0x30 c:/program files (x86)/embitz/1.11/share/em_armgcc/bin/../lib/gcc/arm-none-eabi/5.4.1/../../../../arm-none-eabi/lib/armv7e-m/fpu\libg_n.a(lib_a-mlock.o)
 .debug_frame   0x00001954       0x5c c:/program files (x86)/embitz/1.11/share/em_armgcc/bin/../lib/gcc/arm-none-eabi/5.4.1/../../../../arm-none-eabi/lib/armv7e-m/fpu\libg_n.a(lib_a-reent.o)
 .debug_frame   0x000019b0       0xcc c:/program files (x86)/embitz/1.11/share/em_armgcc/bin/../lib/gcc/arm-none-eabi/5.4.1/../../../../arm-none-eabi/lib/armv7e-m/fpu\libg_n.a(lib_a-signal.o)
 .debug_frame   0x00001a7c       0x3c c:/program files (x86)/embitz/1.11/share/em_armgcc/bin/../lib/gcc/arm-none-eabi/5.4.1/../../../../arm-none-eabi/lib/armv7e-m/fpu\libg_n.a(lib_a-signalr.o)
 .debug_frame   0x00001ab8       0x88 c:/program files (x86)/embitz/1.11/share/em_armgcc/bin/../lib/gcc/arm-none-eabi/5.4.1/../../../../arm-none-eabi/lib/armv7e-m/fpu\libg_n.a(lib_a-stdio.o)
 .debug_frame   0x00001b40       0x2c c:/program files (x86)/embitz/1.11/share/em_armgcc/bin/../lib/gcc/arm-none-eabi/5.4.1/../../../../arm-none-eabi/lib/armv7e-m/fpu\libg_n.a(lib_a-writer.o)
 .debug_frame   0x00001b6c       0x2c c:/program files (x86)/embitz/1.11/share/em_armgcc/bin/../lib/gcc/arm-none-eabi/5.4.1/../../../../arm-none-eabi/lib/armv7e-m/fpu\libg_n.a(lib_a-closer.o)
 .debug_frame   0x00001b98       0x2c c:/program files (x86)/embitz/1.11/share/em_armgcc/bin/../lib/gcc/arm-none-eabi/5.4.1/../../../../arm-none-eabi/lib/armv7e-m/fpu\libg_n.a(lib_a-fstatr.o)
 .debug_frame   0x00001bc4       0x2c c:/program files (x86)/embitz/1.11/share/em_armgcc/bin/../lib/gcc/arm-none-eabi/5.4.1/../../../../arm-none-eabi/lib/armv7e-m/fpu\libg_n.a(lib_a-isattyr.o)
 .debug_frame   0x00001bf0       0x2c c:/program files (x86)/embitz/1.11/share/em_armgcc/bin/../lib/gcc/arm-none-eabi/5.4.1/../../../../arm-none-eabi/lib/armv7e-m/fpu\libg_n.a(lib_a-lseekr.o)
 .debug_frame   0x00001c1c       0x2c c:/program files (x86)/embitz/1.11/share/em_armgcc/bin/../lib/gcc/arm-none-eabi/5.4.1/../../../../arm-none-eabi/lib/armv7e-m/fpu\libg_n.a(lib_a-readr.o)
 .debug_frame   0x00001c48       0x20 c:/program files (x86)/embitz/1.11/share/em_armgcc/bin/../lib/gcc/arm-none-eabi/5.4.1/../../../../arm-none-eabi/lib/armv7e-m/fpu\libnosys_s.a(close.o)
 .debug_frame   0x00001c68       0x20 c:/program files (x86)/embitz/1.11/share/em_armgcc/bin/../lib/gcc/arm-none-eabi/5.4.1/../../../../arm-none-eabi/lib/armv7e-m/fpu\libnosys_s.a(fstat.o)
 .debug_frame   0x00001c88       0x20 c:/program files (x86)/embitz/1.11/share/em_armgcc/bin/../lib/gcc/arm-none-eabi/5.4.1/../../../../arm-none-eabi/lib/armv7e-m/fpu\libnosys_s.a(getpid.o)
 .debug_frame   0x00001ca8       0x20 c:/program files (x86)/embitz/1.11/share/em_armgcc/bin/../lib/gcc/arm-none-eabi/5.4.1/../../../../arm-none-eabi/lib/armv7e-m/fpu\libnosys_s.a(isatty.o)
 .debug_frame   0x00001cc8       0x20 c:/program files (x86)/embitz/1.11/share/em_armgcc/bin/../lib/gcc/arm-none-eabi/5.4.1/../../../../arm-none-eabi/lib/armv7e-m/fpu\libnosys_s.a(kill.o)
 .debug_frame   0x00001ce8       0x20 c:/program files (x86)/embitz/1.11/share/em_armgcc/bin/../lib/gcc/arm-none-eabi/5.4.1/../../../../arm-none-eabi/lib/armv7e-m/fpu\libnosys_s.a(lseek.o)
 .debug_frame   0x00001d08       0x20 c:/program files (x86)/embitz/1.11/share/em_armgcc/bin/../lib/gcc/arm-none-eabi/5.4.1/../../../../arm-none-eabi/lib/armv7e-m/fpu\libnosys_s.a(sbrk.o)
 .debug_frame   0x00001d28       0x20 c:/program files (x86)/embitz/1.11/share/em_armgcc/bin/../lib/gcc/arm-none-eabi/5.4.1/../../../../arm-none-eabi/lib/armv7e-m/fpu\libnosys_s.a(_exit.o)

.stab           0x00000000       0x9c
 .stab          0x00000000       0x24 c:/program files (x86)/embitz/1.11/share/em_armgcc/bin/../lib/gcc/arm-none-eabi/5.4.1/../../../../arm-none-eabi/lib/armv7e-m/fpu\libnosys_s.a(close.o)
 .stab          0x00000024       0x18 c:/program files (x86)/embitz/1.11/share/em_armgcc/bin/../lib/gcc/arm-none-eabi/5.4.1/../../../../arm-none-eabi/lib/armv7e-m/fpu\libnosys_s.a(fstat.o)
                                 0x24 (size before relaxing)
 .stab          0x0000003c       0x18 c:/program files (x86)/embitz/1.11/share/em_armgcc/bin/../lib/gcc/arm-none-eabi/5.4.1/../../../../arm-none-eabi/lib/armv7e-m/fpu\libnosys_s.a(getpid.o)
                                 0x24 (size before relaxing)
 .stab          0x00000054       0x18 c:/program files (x86)/embitz/1.11/share/em_armgcc/bin/../lib/gcc/arm-none-eabi/5.4.1/../../../../arm-none-eabi/lib/armv7e-m/fpu\libnosys_s.a(isatty.o)
                                 0x24 (size before relaxing)
 .stab          0x0000006c       0x18 c:/program files (x86)/embitz/1.11/share/em_armgcc/bin/../lib/gcc/arm-none-eabi/5.4.1/../../../../arm-none-eabi/lib/armv7e-m/fpu\libnosys_s.a(kill.o)
                                 0x24 (size before relaxing)
 .stab          0x00000084       0x18 c:/program files (x86)/embitz/1.11/share/em_armgcc/bin/../lib/gcc/arm-none-eabi/5.4.1/../../../../arm-none-eabi/lib/armv7e-m/fpu\libnosys_s.a(lseek.o)
                                 0x24 (size before relaxing)

.stabstr        0x00000000      0x14f
 .stabstr       0x00000000      0x14f c:/program files (x86)/embitz/1.11/share/em_armgcc/bin/../lib/gcc/arm-none-eabi/5.4.1/../../../../arm-none-eabi/lib/armv7e-m/fpu\libnosys_s.a(close.o)
