Archive member included to satisfy reference by file (symbol)

c:/program files/embitz/1.11/share/em_armgcc/bin/../lib/gcc/arm-none-eabi/5.4.1/../../../../arm-none-eabi/lib/armv7e-m/fpu\libg_n.a(lib_a-exit.o)
                              c:/program files/embitz/1.11/share/em_armgcc/bin/../lib/gcc/arm-none-eabi/5.4.1/../../../../arm-none-eabi/lib/armv7e-m/fpu/crt0.o (exit)
c:/program files/embitz/1.11/share/em_armgcc/bin/../lib/gcc/arm-none-eabi/5.4.1/../../../../arm-none-eabi/lib/armv7e-m/fpu\libg_n.a(lib_a-impure.o)
                              c:/program files/embitz/1.11/share/em_armgcc/bin/../lib/gcc/arm-none-eabi/5.4.1/../../../../arm-none-eabi/lib/armv7e-m/fpu\libg_n.a(lib_a-exit.o) (_global_impure_ptr)
c:/program files/embitz/1.11/share/em_armgcc/bin/../lib/gcc/arm-none-eabi/5.4.1/../../../../arm-none-eabi/lib/armv7e-m/fpu\libg_n.a(lib_a-init.o)
                              c:/program files/embitz/1.11/share/em_armgcc/bin/../lib/gcc/arm-none-eabi/5.4.1/../../../../arm-none-eabi/lib/armv7e-m/fpu/crt0.o (__libc_init_array)
c:/program files/embitz/1.11/share/em_armgcc/bin/../lib/gcc/arm-none-eabi/5.4.1/../../../../arm-none-eabi/lib/armv7e-m/fpu\libg_n.a(lib_a-memset.o)
                              c:/program files/embitz/1.11/share/em_armgcc/bin/../lib/gcc/arm-none-eabi/5.4.1/../../../../arm-none-eabi/lib/armv7e-m/fpu/crt0.o (memset)
c:/program files/embitz/1.11/share/em_armgcc/bin/../lib/gcc/arm-none-eabi/5.4.1/../../../../arm-none-eabi/lib/armv7e-m/fpu\libnosys_s.a(_exit.o)
                              c:/program files/embitz/1.11/share/em_armgcc/bin/../lib/gcc/arm-none-eabi/5.4.1/../../../../arm-none-eabi/lib/armv7e-m/fpu\libg_n.a(lib_a-exit.o) (_exit)

Discarded input sections

 .text          0x00000000        0x0 c:/program files/embitz/1.11/share/em_armgcc/bin/../lib/gcc/arm-none-eabi/5.4.1/armv7e-m/fpu/crti.o
 .data          0x00000000        0x0 c:/program files/embitz/1.11/share/em_armgcc/bin/../lib/gcc/arm-none-eabi/5.4.1/armv7e-m/fpu/crti.o
 .bss           0x00000000        0x0 c:/program files/embitz/1.11/share/em_armgcc/bin/../lib/gcc/arm-none-eabi/5.4.1/armv7e-m/fpu/crti.o
 .data          0x00000000        0x4 c:/program files/embitz/1.11/share/em_armgcc/bin/../lib/gcc/arm-none-eabi/5.4.1/armv7e-m/fpu/crtbegin.o
 .data          0x00000000        0x0 c:/program files/embitz/1.11/share/em_armgcc/bin/../lib/gcc/arm-none-eabi/5.4.1/../../../../arm-none-eabi/lib/armv7e-m/fpu/crt0.o
 .bss           0x00000000        0x0 c:/program files/embitz/1.11/share/em_armgcc/bin/../lib/gcc/arm-none-eabi/5.4.1/../../../../arm-none-eabi/lib/armv7e-m/fpu/crt0.o
 .ARM.extab     0x00000000        0x0 c:/program files/embitz/1.11/share/em_armgcc/bin/../lib/gcc/arm-none-eabi/5.4.1/../../../../arm-none-eabi/lib/armv7e-m/fpu/crt0.o
 .group         0x00000000        0x8 obj\debug\spl\src\misc.o
 .group         0x00000000        0x8 obj\debug\spl\src\misc.o
 .group         0x00000000        0x8 obj\debug\spl\src\misc.o
 .group         0x00000000        0x8 obj\debug\spl\src\misc.o
 .group         0x00000000        0x8 obj\debug\spl\src\misc.o
 .group         0x00000000        0x8 obj\debug\spl\src\misc.o
 .group         0x00000000        0x8 obj\debug\spl\src\misc.o
 .group         0x00000000        0x8 obj\debug\spl\src\misc.o
 .group         0x00000000        0x8 obj\debug\spl\src\misc.o
 .group         0x00000000        0x8 obj\debug\spl\src\misc.o
 .group         0x00000000        0x8 obj\debug\spl\src\misc.o
 .group         0x00000000        0x8 obj\debug\spl\src\misc.o
 .group         0x00000000        0x8 obj\debug\spl\src\misc.o
 .group         0x00000000        0x8 obj\debug\spl\src\misc.o
 .group         0x00000000        0x8 obj\debug\spl\src\misc.o
 .group         0x00000000        0x8 obj\debug\spl\src\misc.o
 .group         0x00000000        0x8 obj\debug\spl\src\misc.o
 .group         0x00000000        0x8 obj\debug\spl\src\misc.o
 .group         0x00000000        0x8 obj\debug\spl\src\misc.o
 .group         0x00000000        0x8 obj\debug\spl\src\misc.o
 .group         0x00000000        0x8 obj\debug\spl\src\misc.o
 .group         0x00000000        0x8 obj\debug\spl\src\misc.o
 .group         0x00000000        0x8 obj\debug\spl\src\misc.o
 .group         0x00000000        0x8 obj\debug\spl\src\misc.o
 .group         0x00000000        0x8 obj\debug\spl\src\misc.o
 .group         0x00000000        0x8 obj\debug\spl\src\misc.o
 .group         0x00000000        0x8 obj\debug\spl\src\misc.o
 .group         0x00000000        0x8 obj\debug\spl\src\misc.o
 .group         0x00000000        0x8 obj\debug\spl\src\misc.o
 .group         0x00000000        0x8 obj\debug\spl\src\misc.o
 .group         0x00000000        0x8 obj\debug\spl\src\misc.o
 .group         0x00000000        0x8 obj\debug\spl\src\misc.o
 .group         0x00000000        0x8 obj\debug\spl\src\misc.o
 .group         0x00000000        0x8 obj\debug\spl\src\misc.o
 .group         0x00000000        0x8 obj\debug\spl\src\misc.o
[...]
Memory Configuration

Name             Origin             Length             Attributes
ROM              0x08000000         0x00100000         xr
RAM              0x20000000         0x00020000         xrw
CCRAM            0x10000000         0x00010000         xrw
*default*        0x00000000         0xffffffff

Linker script and memory map

LOAD c:/program files/embitz/1.11/share/em_armgcc/bin/../lib/gcc/arm-none-eabi/5.4.1/armv7e-m/fpu/crti.o
LOAD c:/program files/embitz/1.11/share/em_armgcc/bin/../lib/gcc/arm-none-eabi/5.4.1/armv7e-m/fpu/crtbegin.o
LOAD c:/program files/embitz/1.11/share/em_armgcc/bin/../lib/gcc/arm-none-eabi/5.4.1/../../../../arm-none-eabi/lib/armv7e-m/fpu/crt0.o
                0x00000000                __HEAP_SIZE = 0x0
                0x00000100                __STACK_SIZE = 0x100

.text           0x08000000      0x748
 *(.isr_vector)
 .isr_vector    0x08000000      0x188 obj\debug\src\startup_stm32f4xx.o
                0x08000000                __isr_vector
 *(.text*)
 .text          0x08000188       0x5c c:/program files/embitz/1.11/share/em_armgcc/bin/../lib/gcc/arm-none-eabi/5.4.1/armv7e-m/fpu/crtbegin.o
 .text          0x080001e4       0x74 c:/program files/embitz/1.11/share/em_armgcc/bin/../lib/gcc/arm-none-eabi/5.4.1/../../../../arm-none-eabi/lib/armv7e-m/fpu/crt0.o
                0x080001e4                _start
                0x080001e4                _mainCRTStartup
 .text.GPIO_Init
                0x08000258      0x11c obj\debug\spl\src\stm32f4xx_gpio.o
                0x08000258                GPIO_Init
 .text.GPIO_ToggleBits
                0x08000374       0x24 obj\debug\spl\src\stm32f4xx_gpio.o
                0x08000374                GPIO_ToggleBits
 .text.RCC_AHB1PeriphClockCmd
                0x08000398       0x40 obj\debug\spl\src\stm32f4xx_rcc.o
                0x08000398                RCC_AHB1PeriphClockCmd
 .text.main     0x080003d8       0x58 obj\debug\src\main.o
                0x080003d8                main
 .text          0x08000430      0x108 obj\debug\src\startup_stm32f4xx.o
                0x08000430                Reset_Handler
                0x08000476                NMI_Handler
                0x08000478                HardFault_Handler
                0x0800047a                MemManage_Handler
                0x0800047c                BusFault_Handler
                0x0800047e                UsageFault_Handler
                0x08000480                SVC_Handler
                0x08000482                DebugMon_Handler
                0x08000484                PendSV_Handler
                0x08000486                SysTick_Handler
                0x08000488                Default_Handler
                0x0800048a                WWDG_IRQHandler
                0x0800048c                PVD_IRQHandler
                0x0800048e                TAMP_STAMP_IRQHandler
                0x08000490                RTC_WKUP_IRQHandler
                0x08000492                FLASH_IRQHandler
                0x08000494                RCC_IRQHandler
                0x08000496                EXTI0_IRQHandler
                0x08000498                EXTI1_IRQHandler
                0x0800049a                EXTI2_IRQHandler
                0x0800049c                EXTI3_IRQHandler
                0x0800049e                EXTI4_IRQHandler
                0x080004a0                DMA1_Stream0_IRQHandler
                0x080004a2                DMA1_Stream1_IRQHandler
                0x080004a4                DMA1_Stream2_IRQHandler
                0x080004a6                DMA1_Stream3_IRQHandler
                0x080004a8                DMA1_Stream4_IRQHandler
                0x080004aa                DMA1_Stream5_IRQHandler
                0x080004ac                DMA1_Stream6_IRQHandler
                0x080004ae                ADC_IRQHandler
                0x080004b0                CAN1_TX_IRQHandler
                0x080004b2                CAN1_RX0_IRQHandler
                0x080004b4                CAN1_RX1_IRQHandler
                0x080004b6                CAN1_SCE_IRQHandler
                0x080004b8                EXTI9_5_IRQHandler
                0x080004ba                TIM1_BRK_TIM9_IRQHandler
                0x080004bc                TIM1_UP_TIM10_IRQHandler
                0x080004be                TIM1_TRG_COM_TIM11_IRQHandler
                0x080004c0                TIM1_CC_IRQHandler
                0x080004c2                TIM2_IRQHandler
                0x080004c4                TIM3_IRQHandler
                0x080004c6                TIM4_IRQHandler
                0x080004c8                I2C1_EV_IRQHandler
                0x080004ca                I2C1_ER_IRQHandler
                0x080004cc                I2C2_EV_IRQHandler
                0x080004ce                I2C2_ER_IRQHandler
                0x080004d0                SPI1_IRQHandler
                0x080004d2                SPI2_IRQHandler
                0x080004d4                USART1_IRQHandler
                0x080004d6                USART2_IRQHandler
                0x080004d8                USART3_IRQHandler
                0x080004da                EXTI15_10_IRQHandler
                0x080004dc                RTC_Alarm_IRQHandler
                0x080004de                OTG_FS_WKUP_IRQHandler
                0x080004e0                TIM8_BRK_TIM12_IRQHandler
                0x080004e2                TIM8_UP_TIM13_IRQHandler
                0x080004e4                TIM8_TRG_COM_TIM14_IRQHandler
                0x080004e6                TIM8_CC_IRQHandler
                0x080004e8                DMA1_Stream7_IRQHandler
                0x080004ea                FSMC_IRQHandler
                0x080004ec                SDIO_IRQHandler
                0x080004ee                TIM5_IRQHandler
                0x080004f0                SPI3_IRQHandler
                0x080004f2                UART4_IRQHandler
                0x080004f4                UART5_IRQHandler
                0x080004f6                TIM6_DAC_IRQHandler
                0x080004f8                TIM7_IRQHandler
                0x080004fa                DMA2_Stream0_IRQHandler
                0x080004fc                DMA2_Stream1_IRQHandler
                0x080004fe                DMA2_Stream2_IRQHandler
                0x08000500                DMA2_Stream3_IRQHandler
                0x08000502                DMA2_Stream4_IRQHandler
                0x08000504                ETH_IRQHandler
                0x08000506                ETH_WKUP_IRQHandler
                0x08000508                CAN2_TX_IRQHandler
                0x0800050a                CAN2_RX0_IRQHandler
                0x0800050c                CAN2_RX1_IRQHandler
                0x0800050e                CAN2_SCE_IRQHandler
                0x08000510                OTG_FS_IRQHandler
                0x08000512                DMA2_Stream5_IRQHandler
                0x08000514                DMA2_Stream6_IRQHandler
                0x08000516                DMA2_Stream7_IRQHandler
                0x08000518                USART6_IRQHandler
                0x0800051a                I2C3_EV_IRQHandler
                0x0800051c                I2C3_ER_IRQHandler
                0x0800051e                OTG_HS_EP1_OUT_IRQHandler
                0x08000520                OTG_HS_EP1_IN_IRQHandler
                0x08000522                OTG_HS_WKUP_IRQHandler
                0x08000524                OTG_HS_IRQHandler
                0x08000526                DCMI_IRQHandler
                0x08000528                CRYP_IRQHandler
                0x0800052a                HASH_RNG_IRQHandler
                0x0800052c                FPU_IRQHandler
 .text.SystemInit
                0x08000538       0x6c obj\debug\src\system_stm32f4xx.o
                0x08000538                SystemInit
 .text.SetSysClock
                0x080005a4       0xf8 obj\debug\src\system_stm32f4xx.o
 .text.exit     0x0800069c       0x28 c:/program files/embitz/1.11/share/em_armgcc/bin/../lib/gcc/arm-none-eabi/5.4.1/../../../../arm-none-eabi/lib/armv7e-m/fpu\libg_n.a(lib_a-exit.o)
                0x0800069c                exit
 .text.__libc_init_array
                0x080006c4       0x4c c:/program files/embitz/1.11/share/em_armgcc/bin/../lib/gcc/arm-none-eabi/5.4.1/../../../../arm-none-eabi/lib/armv7e-m/fpu\libg_n.a(lib_a-init.o)
                0x080006c4                __libc_init_array
 .text.memset   0x08000710       0x10 c:/program files/embitz/1.11/share/em_armgcc/bin/../lib/gcc/arm-none-eabi/5.4.1/../../../../arm-none-eabi/lib/armv7e-m/fpu\libg_n.a(lib_a-memset.o)
                0x08000710                memset
 .text._exit    0x08000720        0x2 c:/program files/embitz/1.11/share/em_armgcc/bin/../lib/gcc/arm-none-eabi/5.4.1/../../../../arm-none-eabi/lib/armv7e-m/fpu\libnosys_s.a(_exit.o)
                0x08000720                _exit
 *(.init)
 *fill*         0x08000722        0x2 
 .init          0x08000724        0x4 c:/program files/embitz/1.11/share/em_armgcc/bin/../lib/gcc/arm-none-eabi/5.4.1/armv7e-m/fpu/crti.o
                0x08000724                _init
 .init          0x08000728        0x8 c:/program files/embitz/1.11/share/em_armgcc/bin/../lib/gcc/arm-none-eabi/5.4.1/armv7e-m/fpu/crtn.o
 *(.fini)
 .fini          0x08000730        0x4 c:/program files/embitz/1.11/share/em_armgcc/bin/../lib/gcc/arm-none-eabi/5.4.1/armv7e-m/fpu/crti.o
                0x08000730                _fini
 .fini          0x08000734        0x8 c:/program files/embitz/1.11/share/em_armgcc/bin/../lib/gcc/arm-none-eabi/5.4.1/armv7e-m/fpu/crtn.o
 *crtbegin.o(.ctors)
 *crtbegin?.o(.ctors)
 *(EXCLUDE_FILE(*crtend.o *crtend?.o) .ctors)
 *(SORT(.ctors.*))
 *(.ctors)
 *crtbegin.o(.dtors)
 *crtbegin?.o(.dtors)
 *(EXCLUDE_FILE(*crtend.o *crtend?.o) .dtors)
 *(SORT(.dtors.*))
 *(.dtors)
 *(.rodata*)
 .rodata.str1.1
                0x0800073c        0x2 c:/program files/embitz/1.11/share/em_armgcc/bin/../lib/gcc/arm-none-eabi/5.4.1/../../../../arm-none-eabi/lib/armv7e-m/fpu\libg_n.a(lib_a-impure.o)
 *fill*         0x0800073e        0x2 
 .rodata._global_impure_ptr
                0x08000740        0x4 c:/program files/embitz/1.11/share/em_armgcc/bin/../lib/gcc/arm-none-eabi/5.4.1/../../../../arm-none-eabi/lib/armv7e-m/fpu\libg_n.a(lib_a-impure.o)
                0x08000740                _global_impure_ptr
 *(.eh_frame*)
 .eh_frame      0x08000744        0x0 c:/program files/embitz/1.11/share/em_armgcc/bin/../lib/gcc/arm-none-eabi/5.4.1/armv7e-m/fpu/crtbegin.o
 .eh_frame      0x08000744        0x4 c:/program files/embitz/1.11/share/em_armgcc/bin/../lib/gcc/arm-none-eabi/5.4.1/armv7e-m/fpu/crtend.o

.glue_7         0x08000748        0x0
 .glue_7        0x08000748        0x0 linker stubs

.glue_7t        0x08000748        0x0
 .glue_7t       0x08000748        0x0 linker stubs

.vfp11_veneer   0x08000748        0x0
 .vfp11_veneer  0x08000748        0x0 linker stubs

.v4_bx          0x08000748        0x0
 .v4_bx         0x08000748        0x0 linker stubs

.iplt           0x08000748        0x0
 .iplt          0x08000748        0x0 c:/program files/embitz/1.11/share/em_armgcc/bin/../lib/gcc/arm-none-eabi/5.4.1/armv7e-m/fpu/crtbegin.o

.ARM.extab
 *(.ARM.extab* .gnu.linkonce.armextab.*)
                0x08000748                __exidx_start = .

.ARM.exidx      0x08000748        0x8
 *(.ARM.exidx* .gnu.linkonce.armexidx.*)
 .ARM.exidx     0x08000748        0x8 c:/program files/embitz/1.11/share/em_armgcc/bin/../lib/gcc/arm-none-eabi/5.4.1/../../../../arm-none-eabi/lib/armv7e-m/fpu/crt0.o
                0x08000750                __exidx_end = .
                0x08000750                __etext = .

.rel.dyn        0x08000750        0x0
 .rel.iplt      0x08000750        0x0 c:/program files/embitz/1.11/share/em_armgcc/bin/../lib/gcc/arm-none-eabi/5.4.1/armv7e-m/fpu/crtbegin.o

.data           0x20000000       0x68 load address 0x08000750
                0x20000000                __data_start__ = .
 *(vtable)
 *(.data*)
 .data.impure_data
                0x20000000       0x60 c:/program files/embitz/1.11/share/em_armgcc/bin/../lib/gcc/arm-none-eabi/5.4.1/../../../../arm-none-eabi/lib/armv7e-m/fpu\libg_n.a(lib_a-impure.o)
                0x20000060                . = ALIGN (0x4)
                0x20000060                PROVIDE (__preinit_array_start, .)
 *(.preinit_array)
                0x20000060                PROVIDE (__preinit_array_end, .)
                0x20000060                . = ALIGN (0x4)
                0x20000060                PROVIDE (__init_array_start, .)
 *(SORT(.init_array.*))
 *(.init_array)
 .init_array    0x20000060        0x4 c:/program files/embitz/1.11/share/em_armgcc/bin/../lib/gcc/arm-none-eabi/5.4.1/armv7e-m/fpu/crtbegin.o
                0x20000064                PROVIDE (__init_array_end, .)
                0x20000064                . = ALIGN (0x4)
                [!provide]                PROVIDE (__fini_array_start, .)
 *(SORT(.fini_array.*))
 *(.fini_array)
 .fini_array    0x20000064        0x4 c:/program files/embitz/1.11/share/em_armgcc/bin/../lib/gcc/arm-none-eabi/5.4.1/armv7e-m/fpu/crtbegin.o
                [!provide]                PROVIDE (__fini_array_end, .)
                0x20000068                . = ALIGN (0x4)
                0x20000068                __data_end__ = .

.jcr            0x20000068        0x0 load address 0x080007b8
 .jcr           0x20000068        0x0 c:/program files/embitz/1.11/share/em_armgcc/bin/../lib/gcc/arm-none-eabi/5.4.1/armv7e-m/fpu/crtbegin.o

.igot.plt       0x20000068        0x0 load address 0x080007b8
 .igot.plt      0x20000068        0x0 c:/program files/embitz/1.11/share/em_armgcc/bin/../lib/gcc/arm-none-eabi/5.4.1/armv7e-m/fpu/crtbegin.o

.bss            0x20000068       0x1c load address 0x080007b8
                0x20000068                __bss_start__ = .
 *(.bss*)
 .bss           0x20000068       0x1c c:/program files/embitz/1.11/share/em_armgcc/bin/../lib/gcc/arm-none-eabi/5.4.1/armv7e-m/fpu/crtbegin.o
 *(COMMON)
                0x20000084                __bss_end__ = .

.heap           0x20000088        0x0
                0x20000088                __end__ = .
                0x20000088                end = __end__
 *(.heap*)
 .heap          0x20000088        0x0 obj\debug\src\startup_stm32f4xx.o
                0x20000088                __HeapLimit = .

.stack_dummy    0x20000088      0x100
 *(.stack)
 .stack         0x20000088      0x100 obj\debug\src\startup_stm32f4xx.o
                0x20020000                __StackTop = (ORIGIN (RAM) + LENGTH (RAM))
                0x2001ff00                __StackLimit = (__StackTop - SIZEOF (.stack_dummy))
                0x20020000                PROVIDE (__stack, __StackTop)
                0x00000001                ASSERT ((__StackLimit >= __HeapLimit), region RAM overflowed with stack)
LOAD obj\debug\spl\src\misc.o
LOAD obj\debug\spl\src\stm32f4xx_adc.o
LOAD obj\debug\spl\src\stm32f4xx_can.o
LOAD obj\debug\spl\src\stm32f4xx_crc.o
LOAD obj\debug\spl\src\stm32f4xx_cryp.o
LOAD obj\debug\spl\src\stm32f4xx_cryp_aes.o
LOAD obj\debug\spl\src\stm32f4xx_cryp_des.o
LOAD obj\debug\spl\src\stm32f4xx_cryp_tdes.o
LOAD obj\debug\spl\src\stm32f4xx_dac.o
LOAD obj\debug\spl\src\stm32f4xx_dbgmcu.o
LOAD obj\debug\spl\src\stm32f4xx_dcmi.o
LOAD obj\debug\spl\src\stm32f4xx_dma.o
LOAD obj\debug\spl\src\stm32f4xx_exti.o
LOAD obj\debug\spl\src\stm32f4xx_flash.o
LOAD obj\debug\spl\src\stm32f4xx_fsmc.o
LOAD obj\debug\spl\src\stm32f4xx_gpio.o
LOAD obj\debug\spl\src\stm32f4xx_hash.o
LOAD obj\debug\spl\src\stm32f4xx_hash_md5.o
LOAD obj\debug\spl\src\stm32f4xx_hash_sha1.o
LOAD obj\debug\spl\src\stm32f4xx_i2c.o
LOAD obj\debug\spl\src\stm32f4xx_iwdg.o
LOAD obj\debug\spl\src\stm32f4xx_pwr.o
LOAD obj\debug\spl\src\stm32f4xx_rcc.o
LOAD obj\debug\spl\src\stm32f4xx_rng.o
LOAD obj\debug\spl\src\stm32f4xx_rtc.o
LOAD obj\debug\spl\src\stm32f4xx_sdio.o
LOAD obj\debug\spl\src\stm32f4xx_spi.o
LOAD obj\debug\spl\src\stm32f4xx_syscfg.o
LOAD obj\debug\spl\src\stm32f4xx_tim.o
LOAD obj\debug\spl\src\stm32f4xx_usart.o
LOAD obj\debug\spl\src\stm32f4xx_wwdg.o
LOAD obj\debug\src\main.o
LOAD obj\debug\src\startup_stm32f4xx.o
LOAD obj\debug\src\system_stm32f4xx.o
START GROUP
LOAD c:/program files/embitz/1.11/share/em_armgcc/bin/../lib/gcc/arm-none-eabi/5.4.1/armv7e-m/fpu\libgcc.a
LOAD c:/program files/embitz/1.11/share/em_armgcc/bin/../lib/gcc/arm-none-eabi/5.4.1/../../../../arm-none-eabi/lib/armv7e-m/fpu\libg_n.a
LOAD c:/program files/embitz/1.11/share/em_armgcc/bin/../lib/gcc/arm-none-eabi/5.4.1/../../../../arm-none-eabi/lib/armv7e-m/fpu\libc_n.a
END GROUP
START GROUP
LOAD c:/program files/embitz/1.11/share/em_armgcc/bin/../lib/gcc/arm-none-eabi/5.4.1/armv7e-m/fpu\libgcc.a
LOAD c:/program files/embitz/1.11/share/em_armgcc/bin/../lib/gcc/arm-none-eabi/5.4.1/../../../../arm-none-eabi/lib/armv7e-m/fpu\libc_n.a
LOAD c:/program files/embitz/1.11/share/em_armgcc/bin/../lib/gcc/arm-none-eabi/5.4.1/../../../../arm-none-eabi/lib/armv7e-m/fpu\libnosys_s.a
END GROUP
LOAD c:/program files/embitz/1.11/share/em_armgcc/bin/../lib/gcc/arm-none-eabi/5.4.1/armv7e-m/fpu/crtend.o
LOAD c:/program files/embitz/1.11/share/em_armgcc/bin/../lib/gcc/arm-none-eabi/5.4.1/armv7e-m/fpu/crtn.o
OUTPUT(bin\Debug\GPIO.elf elf32-littlearm)

.ARM.attributes
                0x00000000       0x30
 .ARM.attributes
                0x00000000       0x22 c:/program files/embitz/1.11/share/em_armgcc/bin/../lib/gcc/arm-none-eabi/5.4.1/armv7e-m/fpu/crti.o
 .ARM.attributes
                0x00000022       0x34 c:/program files/embitz/1.11/share/em_armgcc/bin/../lib/gcc/arm-none-eabi/5.4.1/armv7e-m/fpu/crtbegin.o
 .ARM.attributes
                0x00000056       0x20 c:/program files/embitz/1.11/share/em_armgcc/bin/../lib/gcc/arm-none-eabi/5.4.1/../../../../arm-none-eabi/lib/armv7e-m/fpu/crt0.o
 .ARM.attributes
                0x00000076       0x39 obj\debug\spl\src\stm32f4xx_gpio.o
 .ARM.attributes
                0x000000af       0x39 obj\debug\spl\src\stm32f4xx_rcc.o
 .ARM.attributes
                0x000000e8       0x39 obj\debug\src\main.o
 .ARM.attributes
                0x00000121       0x1f obj\debug\src\startup_stm32f4xx.o
 .ARM.attributes
                0x00000140       0x39 obj\debug\src\system_stm32f4xx.o
 .ARM.attributes
                0x00000179       0x34 c:/program files/embitz/1.11/share/em_armgcc/bin/../lib/gcc/arm-none-eabi/5.4.1/../../../../arm-none-eabi/lib/armv7e-m/fpu\libg_n.a(lib_a-exit.o)
 .ARM.attributes
                0x000001ad       0x34 c:/program files/embitz/1.11/share/em_armgcc/bin/../lib/gcc/arm-none-eabi/5.4.1/../../../../arm-none-eabi/lib/armv7e-m/fpu\libg_n.a(lib_a-impure.o)
 .ARM.attributes
                0x000001e1       0x34 c:/program files/embitz/1.11/share/em_armgcc/bin/../lib/gcc/arm-none-eabi/5.4.1/../../../../arm-none-eabi/lib/armv7e-m/fpu\libg_n.a(lib_a-init.o)
 .ARM.attributes
                0x00000215       0x34 c:/program files/embitz/1.11/share/em_armgcc/bin/../lib/gcc/arm-none-eabi/5.4.1/../../../../arm-none-eabi/lib/armv7e-m/fpu\libg_n.a(lib_a-memset.o)
 .ARM.attributes
                0x00000249       0x34 c:/program files/embitz/1.11/share/em_armgcc/bin/../lib/gcc/arm-none-eabi/5.4.1/../../../../arm-none-eabi/lib/armv7e-m/fpu\libnosys_s.a(_exit.o)
 .ARM.attributes
                0x0000027d       0x34 c:/program files/embitz/1.11/share/em_armgcc/bin/../lib/gcc/arm-none-eabi/5.4.1/armv7e-m/fpu/crtend.o
 .ARM.attributes
                0x000002b1       0x22 c:/program files/embitz/1.11/share/em_armgcc/bin/../lib/gcc/arm-none-eabi/5.4.1/armv7e-m/fpu/crtn.o

.comment        0x00000000       0x6e
 .comment       0x00000000       0x6e obj\debug\spl\src\stm32f4xx_gpio.o
                                 0x6f (size before relaxing)
 .comment       0x0000006e       0x6f obj\debug\spl\src\stm32f4xx_rcc.o
 .comment       0x0000006e       0x6f obj\debug\src\main.o
 .comment       0x0000006e       0x6f obj\debug\src\system_stm32f4xx.o

.debug_info     0x00000000     0x1b89
 .debug_info    0x00000000      0x622 obj\debug\spl\src\stm32f4xx_gpio.o
 .debug_info    0x00000622      0xc6b obj\debug\spl\src\stm32f4xx_rcc.o
 .debug_info    0x0000128d      0x2cd obj\debug\src\main.o
 .debug_info    0x0000155a       0x62 obj\debug\src\startup_stm32f4xx.o
 .debug_info    0x000015bc      0x5cd obj\debug\src\system_stm32f4xx.o

.debug_abbrev   0x00000000      0x600
 .debug_abbrev  0x00000000      0x1ac obj\debug\spl\src\stm32f4xx_gpio.o
 .debug_abbrev  0x000001ac      0x1ea obj\debug\spl\src\stm32f4xx_rcc.o
 .debug_abbrev  0x00000396      0x119 obj\debug\src\main.o
 .debug_abbrev  0x000004af       0x14 obj\debug\src\startup_stm32f4xx.o
 .debug_abbrev  0x000004c3      0x13d obj\debug\src\system_stm32f4xx.o

.debug_aranges  0x00000000      0x270
 .debug_aranges
                0x00000000       0x88 obj\debug\spl\src\stm32f4xx_gpio.o
 .debug_aranges
                0x00000088      0x178 obj\debug\spl\src\stm32f4xx_rcc.o
 .debug_aranges
                0x00000200       0x20 obj\debug\src\main.o
 .debug_aranges
                0x00000220       0x20 obj\debug\src\startup_stm32f4xx.o
 .debug_aranges
                0x00000240       0x30 obj\debug\src\system_stm32f4xx.o

.debug_ranges   0x00000000      0x210
 .debug_ranges  0x00000000       0x78 obj\debug\spl\src\stm32f4xx_gpio.o
 .debug_ranges  0x00000078      0x168 obj\debug\spl\src\stm32f4xx_rcc.o
 .debug_ranges  0x000001e0       0x10 obj\debug\src\main.o
 .debug_ranges  0x000001f0       0x20 obj\debug\src\system_stm32f4xx.o

.debug_macro    0x00000000      0xf4e
 .debug_macro   0x00000000      0x1c0 obj\debug\spl\src\stm32f4xx_gpio.o
 .debug_macro   0x000001c0      0x25f obj\debug\spl\src\stm32f4xx_gpio.o
 .debug_macro   0x0000041f      0x268 obj\debug\spl\src\stm32f4xx_rcc.o
 .debug_macro   0x00000687      0x532 obj\debug\spl\src\stm32f4xx_rcc.o
 .debug_macro   0x00000bb9      0x1bc obj\debug\src\main.o
 .debug_macro   0x00000d75      0x1d9 obj\debug\src\system_stm32f4xx.o

.debug_line     0x00000000     0x1800
 .debug_line    0x00000000      0x5d4 obj\debug\spl\src\stm32f4xx_gpio.o
 .debug_line    0x000005d4      0x81a obj\debug\spl\src\stm32f4xx_rcc.o
 .debug_line    0x00000dee      0x46d obj\debug\src\main.o
 .debug_line    0x0000125b       0xcc obj\debug\src\startup_stm32f4xx.o
 .debug_line    0x00001327      0x4d9 obj\debug\src\system_stm32f4xx.o

.debug_str      0x00000000    0x574d0
 .debug_str     0x00000000    0x5684b obj\debug\spl\src\stm32f4xx_gpio.o
                              0x569fe (size before relaxing)
 .debug_str     0x0005684b      0xb3e obj\debug\spl\src\stm32f4xx_rcc.o
                              0x5727f (size before relaxing)
 .debug_str     0x00057389       0x26 obj\debug\src\main.o
                              0x56896 (size before relaxing)
 .debug_str     0x000573af      0x121 obj\debug\src\system_stm32f4xx.o
                              0x5693f (size before relaxing)

.debug_frame    0x00000000      0xa50
 .debug_frame   0x00000000      0x23c obj\debug\spl\src\stm32f4xx_gpio.o
 .debug_frame   0x0000023c      0x6d4 obj\debug\spl\src\stm32f4xx_rcc.o
 .debug_frame   0x00000910       0x30 obj\debug\src\main.o
 .debug_frame   0x00000940       0x7c obj\debug\src\system_stm32f4xx.o
 .debug_frame   0x000009bc       0x28 c:/program files/embitz/1.11/share/em_armgcc/bin/../lib/gcc/arm-none-eabi/5.4.1/../../../../arm-none-eabi/lib/armv7e-m/fpu\libg_n.a(lib_a-exit.o)
 .debug_frame   0x000009e4       0x2c c:/program files/embitz/1.11/share/em_armgcc/bin/../lib/gcc/arm-none-eabi/5.4.1/../../../../arm-none-eabi/lib/armv7e-m/fpu\libg_n.a(lib_a-init.o)
 .debug_frame   0x00000a10       0x20 c:/program files/embitz/1.11/share/em_armgcc/bin/../lib/gcc/arm-none-eabi/5.4.1/../../../../arm-none-eabi/lib/armv7e-m/fpu\libg_n.a(lib_a-memset.o)
 .debug_frame   0x00000a30       0x20 c:/program files/embitz/1.11/share/em_armgcc/bin/../lib/gcc/arm-none-eabi/5.4.1/../../../../arm-none-eabi/lib/armv7e-m/fpu\libnosys_s.a(_exit.o)
