Archive member included to satisfy reference by file (symbol)

c:/program files/embitz/1.11/share/em_armgcc/bin/../lib/gcc/arm-none-eabi/5.4.1\libgcc.a(_aeabi_uldivmod.o)
                              obj\debug\src\platform\devices\mcimx6x\startup\system_mcimx6x_m4.o (__aeabi_uldivmod)
c:/program files/embitz/1.11/share/em_armgcc/bin/../lib/gcc/arm-none-eabi/5.4.1\libgcc.a(_udivmoddi4.o)
                              c:/program files/embitz/1.11/share/em_armgcc/bin/../lib/gcc/arm-none-eabi/5.4.1\libgcc.a(_aeabi_uldivmod.o) (__udivmoddi4)
c:/program files/embitz/1.11/share/em_armgcc/bin/../lib/gcc/arm-none-eabi/5.4.1\libgcc.a(_dvmd_tls.o)
                              c:/program files/embitz/1.11/share/em_armgcc/bin/../lib/gcc/arm-none-eabi/5.4.1\libgcc.a(_aeabi_uldivmod.o) (__aeabi_ldiv0)
c:/program files/embitz/1.11/share/em_armgcc/bin/../lib/gcc/arm-none-eabi/5.4.1\libgcc.a(_clzdi2.o)
                              c:/program files/embitz/1.11/share/em_armgcc/bin/../lib/gcc/arm-none-eabi/5.4.1\libgcc.a(_udivmoddi4.o) (__clzdi2)
c:/program files/embitz/1.11/share/em_armgcc/bin/../lib/gcc/arm-none-eabi/5.4.1\libgcc.a(_clzsi2.o)
                              c:/program files/embitz/1.11/share/em_armgcc/bin/../lib/gcc/arm-none-eabi/5.4.1\libgcc.a(_clzdi2.o) (__clzsi2)
c:/program files/embitz/1.11/share/em_armgcc/bin/../lib/gcc/arm-none-eabi/5.4.1/../../../../arm-none-eabi/lib\libg_n.a(lib_a-assert.o)
                              obj\debug\src\board\udoo_neo\src\board.o (__assert_func)
c:/program files/embitz/1.11/share/em_armgcc/bin/../lib/gcc/arm-none-eabi/5.4.1/../../../../arm-none-eabi/lib\libg_n.a(lib_a-fprintf.o)
                              c:/program files/embitz/1.11/share/em_armgcc/bin/../lib/gcc/arm-none-eabi/5.4.1/../../../../arm-none-eabi/lib\libg_n.a(lib_a-assert.o) (fiprintf)
c:/program files/embitz/1.11/share/em_armgcc/bin/../lib/gcc/arm-none-eabi/5.4.1/../../../../arm-none-eabi/lib\libg_n.a(lib_a-impure.o)
                              c:/program files/embitz/1.11/share/em_armgcc/bin/../lib/gcc/arm-none-eabi/5.4.1/../../../../arm-none-eabi/lib\libg_n.a(lib_a-assert.o) (_impure_ptr)
c:/program files/embitz/1.11/share/em_armgcc/bin/../lib/gcc/arm-none-eabi/5.4.1/../../../../arm-none-eabi/lib\libg_n.a(lib_a-nano-vfprintf.o)
                              c:/program files/embitz/1.11/share/em_armgcc/bin/../lib/gcc/arm-none-eabi/5.4.1/../../../../arm-none-eabi/lib\libg_n.a(lib_a-fprintf.o) (_vfprintf_r)
c:/program files/embitz/1.11/share/em_armgcc/bin/../lib/gcc/arm-none-eabi/5.4.1/../../../../arm-none-eabi/lib\libg_n.a(lib_a-nano-vfprintf_i.o)
                              c:/program files/embitz/1.11/share/em_armgcc/bin/../lib/gcc/arm-none-eabi/5.4.1/../../../../arm-none-eabi/lib\libg_n.a(lib_a-nano-vfprintf.o) (_printf_i)
c:/program files/embitz/1.11/share/em_armgcc/bin/../lib/gcc/arm-none-eabi/5.4.1/../../../../arm-none-eabi/lib\libg_n.a(lib_a-strlen.o)
                              obj\debug\src\platform\utilities\src\print_scan.o (strlen)
c:/program files/embitz/1.11/share/em_armgcc/bin/../lib/gcc/arm-none-eabi/5.4.1/../../../../arm-none-eabi/lib\libg_n.a(lib_a-wbuf.o)
                              c:/program files/embitz/1.11/share/em_armgcc/bin/../lib/gcc/arm-none-eabi/5.4.1/../../../../arm-none-eabi/lib\libg_n.a(lib_a-nano-vfprintf.o) (__swbuf_r)
c:/program files/embitz/1.11/share/em_armgcc/bin/../lib/gcc/arm-none-eabi/5.4.1/../../../../arm-none-eabi/lib\libg_n.a(lib_a-wsetup.o)
                              c:/program files/embitz/1.11/share/em_armgcc/bin/../lib/gcc/arm-none-eabi/5.4.1/../../../../arm-none-eabi/lib\libg_n.a(lib_a-nano-vfprintf.o) (__swsetup_r)
c:/program files/embitz/1.11/share/em_armgcc/bin/../lib/gcc/arm-none-eabi/5.4.1/../../../../arm-none-eabi/lib\libg_n.a(lib_a-abort.o)
                              c:/program files/embitz/1.11/share/em_armgcc/bin/../lib/gcc/arm-none-eabi/5.4.1/../../../../arm-none-eabi/lib\libg_n.a(lib_a-assert.o) (abort)
c:/program files/embitz/1.11/share/em_armgcc/bin/../lib/gcc/arm-none-eabi/5.4.1/../../../../arm-none-eabi/lib\libg_n.a(lib_a-fflush.o)
                              c:/program files/embitz/1.11/share/em_armgcc/bin/../lib/gcc/arm-none-eabi/5.4.1/../../../../arm-none-eabi/lib\libg_n.a(lib_a-wbuf.o) (_fflush_r)
c:/program files/embitz/1.11/share/em_armgcc/bin/../lib/gcc/arm-none-eabi/5.4.1/../../../../arm-none-eabi/lib\libg_n.a(lib_a-findfp.o)
                              c:/program files/embitz/1.11/share/em_armgcc/bin/../lib/gcc/arm-none-eabi/5.4.1/../../../../arm-none-eabi/lib\libg_n.a(lib_a-nano-vfprintf.o) (__sinit)
c:/program files/embitz/1.11/share/em_armgcc/bin/../lib/gcc/arm-none-eabi/5.4.1/../../../../arm-none-eabi/lib\libg_n.a(lib_a-fvwrite.o)
                              c:/program files/embitz/1.11/share/em_armgcc/bin/../lib/gcc/arm-none-eabi/5.4.1/../../../../arm-none-eabi/lib\libg_n.a(lib_a-nano-vfprintf.o) (__sfvwrite_r)
[...]
Memory Configuration

Name             Origin             Length             Attributes
m_interrupts     0x1fff8000         0x00000240         xr
m_text           0x1fff8240         0x00007dc0         xr
m_data           0x20000000         0x00008000         rw
*default*        0x00000000         0xffffffff

Linker script and memory map

                0x00000400                HEAP_SIZE = DEFINED (__heap_size__)?__heap_size__:0x400
                0x00000400                STACK_SIZE = DEFINED (__stack_size__)?__stack_size__:0x400

.interrupts     0x1fff8000      0x240
                0x1fff8000                __VECTOR_TABLE = .
                0x1fff8000                . = ALIGN (0x4)
 *(.isr_vector)
 .isr_vector    0x1fff8000      0x240 obj\debug\src\platform\devices\mcimx6x\startup\gcc\startup_mcimx6x_m4.o
                0x1fff8000                __isr_vector
                0x1fff8240                . = ALIGN (0x4)

.text           0x1fff8240     0x3138
                0x1fff8240                . = ALIGN (0x4)
 *(.text)
 .text          0x1fff8240       0x5c obj\debug\src\platform\devices\mcimx6x\startup\gcc\startup_mcimx6x_m4.o
                0x1fff8240                Reset_Handler
                0x1fff8278                _start
                0x1fff828e                eCSPI4_Handler
                0x1fff828e                FLEXCAN1_Handler
                0x1fff828e                UART3_Handler
                0x1fff828e                SNVS_Consolidated_Handler
                0x1fff828e                UART2_Handler
                0x1fff828e                GPIO1_INT3_Handler
                0x1fff828e                HardFault_Handler
                0x1fff828e                QSPI1_Handler
                0x1fff828e                SRC_Handler
                0x1fff828e                CCM2_Handler
                0x1fff828e                I2C1_Handler
                0x1fff828e                PendSV_Handler
                0x1fff828e                NMI_Handler
                0x1fff828e                SAI1_Handler
                0x1fff828e                KPP_Handler
                0x1fff828e                USB_OTG1_Handler
                0x1fff828e                CPU_Perfomance_Handler
                0x1fff828e                ENET1_Timer_Handler
                0x1fff828e                MLB_Channels_31_0_Handler
                0x1fff828e                LCDIF2_Handler
                0x1fff828e                PWM2_PWM6_Handler
                0x1fff828e                EPIT2_Handler
                0x1fff828e                SSI1_Handler
                0x1fff828e                Reserved129_Handler
                0x1fff828e                uSDHC2_Handler
                0x1fff828e                GPIO1_INT6_Handler
                0x1fff828e                CORTEX_M4_Handler
                0x1fff828e                DebugMon_Handler
                0x1fff828e                GPIO2_Combined_0_15_Handler
                0x1fff828e                RDC_Handler
                0x1fff828e                PXP_Handler
                0x1fff828e                GPIO3_Combined_16_31_Handler
                0x1fff828e                CCM1_Handler
                0x1fff828e                Reserved19_Handler
                0x1fff828e                UsageFault_Handler
                0x1fff828e                ADC1_Handler
                0x1fff828e                CPU_CTI_Trigger_Handler
                0x1fff828e                GPIO1_INT0_Handler
                0x1fff828e                PCIe4_Handler
                0x1fff828e                DefaultISR
                0x1fff828e                WDOG3_Handler
                0x1fff828e                SAI2_Handler
                0x1fff828e                PWM3_PWM7_Handler
                0x1fff828e                ENET2_Timer_Handler
                0x1fff828e                eCSPI1_Handler
                0x1fff828e                CSI1_Handler
                0x1fff828e                SJC_Handler
                0x1fff828e                GPC_Handler
                0x1fff828e                MLB_Error_Handler
                0x1fff828e                PWM1_PWM5_Handler
                0x1fff828e                Reserved128_Handler
                0x1fff828e                SRC_WDOG_Handler
                0x1fff828e                UART1_Handler
                0x1fff828e                SSI2_Handler
                0x1fff828e                eCSPI3_Handler
                0x1fff828e                BCH_Handler
                0x1fff828e                DCIC1_Handler
                0x1fff828e                PMU_BrownOutCore_Handler
                0x1fff828e                CAAM0_Handler
                0x1fff828e                ASRC_Handler
                0x1fff828e                CPU_L2_Handler
                0x1fff828e                USB_HISC_Handler
                0x1fff828e                LCDIF1_Handler
                0x1fff828e                GPIO4_Combined_16_31_Handler
                0x1fff828e                GPMI_Handler
                0x1fff828e                GPIO5_Combined_0_15_Handler
                0x1fff828e                SSI3_Handler
                0x1fff828e                I2C4_Handler
                0x1fff828e                CANFD1_Handler
                0x1fff828e                Reserved25_Handler
                0x1fff828e                TZASC_Handler
                0x1fff828e                UART4_Handler
                0x1fff828e                GPIO1_INT1_Handler
                0x1fff828e                uSDHC3_Handler
                0x1fff828e                EIM_Handler
                0x1fff828e                UART6_Handler
                0x1fff828e                GPIO6_Combined_0_15_Handler
                0x1fff828e                PCIe2_Handler
                0x1fff828e                GPIO1_INT4_Handler
                0x1fff828e                MLB_Channels_63_32_Handler
                0x1fff828e                GPIO7_Combined_16_31_Handler
                0x1fff828e                GPIO6_Combined_16_31_Handler
                0x1fff828e                GPIO2_Combined_16_31_Handler
                0x1fff828e                DCIC2_Handler
                0x1fff828e                PWM4_PWM8_Handler
                0x1fff828e                uSDHC1_Handler
                0x1fff828e                QSPI2_Handler
                0x1fff828e                CPU_Parity_Handler
                0x1fff828e                SDMA_Handler
                0x1fff828e                ENET2_Handler
                0x1fff828e                MemManage_Handler
                0x1fff828e                I2C2_Handler
                0x1fff828e                SVC_Handler
                0x1fff828e                GPIO5_Combined_16_31_Handler
                0x1fff828e                MU_A9_Handler
                0x1fff828e                DAP_Handler
                0x1fff828e                CSI2_Handler
                0x1fff828e                eCSPI2_Handler
                0x1fff828e                WDOG2_Handler
                0x1fff828e                FLEXCAN2_Handler
                0x1fff828e                SEMA4_CP0_Handler
                0x1fff828e                USB_PHY_UTMI1_Handler
                0x1fff828e                GPT_Handler
                0x1fff828e                GPIO7_Combined_0_15_Handler
                0x1fff828e                APBH_DMA_Handler
                0x1fff828e                SEMA4_CP1_Handler
                0x1fff828e                PCIe3_Handler
                0x1fff828e                GPIO1_INT5_Handler
                0x1fff828e                SNVS_Security_Handler
                0x1fff828e                GPIO1_Combined_0_15_Handler
                0x1fff828e                GPIO1_INT2_Handler
                0x1fff828e                UART5_Handler
                0x1fff828e                PCIe1_Handler
                0x1fff828e                GPIO1_INT7_Handler
                0x1fff828e                I2C3_Handler
                0x1fff828e                eCSPI5_Handler
                0x1fff828e                uSDHC4_Handler
                0x1fff828e                CSU_Handler
                0x1fff828e                GPU_Handler
                0x1fff828e                GPIO4_Combined_0_15_Handler
                0x1fff828e                EPIT1_Handler
                0x1fff828e                CAAM1_Handler
                0x1fff828e                GPIO1_Combined_16_31_Handler
                0x1fff828e                CANFD2_Handler
                0x1fff828e                USB_OTG2_Handler
                0x1fff828e                SPDIF_Handler
                0x1fff828e                GPIO3_Combined_0_15_Handler
                0x1fff828e                BusFault_Handler
                0x1fff828e                MU_M4_Handler
                0x1fff828e                SNVS_PMIC_Handler
                0x1fff828e                USB_PHY_UTMI0_Handler
                0x1fff828e                ESAI_Handler
                0x1fff828e                PMU_BrownOut_Handler
                0x1fff828e                TEMPMON_Handler
                0x1fff828e                WDOG1_Handler
                0x1fff828e                ADC2_Handler
                0x1fff828e                ENET1_Handler
 .text          0x1fff829c        0x4 c:/program files/embitz/1.11/share/em_armgcc/bin/../lib/gcc/arm-none-eabi/5.4.1\libgcc.a(_dvmd_tls.o)
                0x1fff829c                __aeabi_idiv0
                0x1fff829c                __aeabi_ldiv0
 .text          0x1fff82a0        0xe c:/program files/embitz/1.11/share/em_armgcc/bin/../lib/gcc/arm-none-eabi/5.4.1/../../../../arm-none-eabi/lib\libg_n.a(lib_a-strlen.o)
                0x1fff82a0                strlen
 *fill*         0x1fff82ae        0x2 
 .text          0x1fff82b0      0x114 c:/program files/embitz/1.11/share/em_armgcc/bin/../lib/gcc/arm-none-eabi/5.4.1\libgcc.a(_udivsi3.o)
                0x1fff82b0                __aeabi_uidiv
                0x1fff82b0                __udivsi3
                0x1fff83a4                __aeabi_uidivmod
 *(.text*)
 .text.hardware_init
                0x1fff83c4       0x14 obj\debug\src\app\hello_world\hardware_init.o
                0x1fff83c4                hardware_init
 .text.NVIC_EnableIRQ
                0x1fff83d8       0x34 obj\debug\src\app\hello_world\main.o
 .text.NVIC_SetPriority
                0x1fff840c       0x54 obj\debug\src\app\hello_world\main.o
 .text.SysTick_Config
                0x1fff8460       0x44 obj\debug\src\app\hello_world\main.o
 .text.main     0x1fff84a4       0x40 obj\debug\src\app\hello_world\main.o
                0x1fff84a4                main
 .text.SysTick_Handler
                0x1fff84e4       0x14 obj\debug\src\app\hello_world\main.o
                0x1fff84e4                SysTick_Handler
 .text.RDC_SetDomainID
                0x1fff84f8       0x58 obj\debug\src\board\udoo_neo\src\board.o
 .text.RDC_SetPdapAccess
                0x1fff8550       0x54 obj\debug\src\board\udoo_neo\src\board.o
 .text.CCM_SetRootMux
                0x1fff85a4       0x60 obj\debug\src\board\udoo_neo\src\board.o
 .text.CCM_SetRootDivider
                0x1fff8604       0x60 obj\debug\src\board\udoo_neo\src\board.o
 .text.CCM_ControlGate
                0x1fff8664       0x60 obj\debug\src\board\udoo_neo\src\board.o
 .text.WDOG_DisablePowerdown
                0x1fff86c4       0x24 obj\debug\src\board\udoo_neo\src\board.o
 .text.BOARD_ClockInit
                0x1fff86e8       0x50 obj\debug\src\board\udoo_neo\src\board.o
                0x1fff86e8                BOARD_ClockInit
 .text.dbg_uart_init
                0x1fff8738       0x78 obj\debug\src\board\udoo_neo\src\board.o
                0x1fff8738                dbg_uart_init
 .text.BOARD_RdcInit
                0x1fff87b0       0x18 obj\debug\src\board\udoo_neo\src\board.o
                0x1fff87b0                BOARD_RdcInit
 .text.configure_uart_pins
                0x1fff87c8       0x84 obj\debug\src\board\udoo_neo\src\pin_mux.o
                0x1fff87c8                configure_uart_pins
 .text.SystemInit
                0x1fff884c       0x90 obj\debug\src\platform\devices\mcimx6x\startup\system_mcimx6x_m4.o
                0x1fff884c                SystemInit
 .text.UART_Init
                0x1fff88dc       0x90 obj\debug\src\platform\drivers\src\uart_imx.o
                0x1fff88dc                UART_Init
 .text.UART_Deinit
                0x1fff896c       0x9c obj\debug\src\platform\drivers\src\uart_imx.o
                0x1fff896c                UART_Deinit
 .text.UART_SetBaudRate
                0x1fff8a08      0x1a0 obj\debug\src\platform\drivers\src\uart_imx.o
                0x1fff8a08                UART_SetBaudRate
 .text.UART_GetStatusFlag
                0x1fff8ba8       0x40 obj\debug\src\platform\drivers\src\uart_imx.o
                0x1fff8ba8                UART_GetStatusFlag
 .text.UART_Enable
                0x1fff8be8       0x24 obj\debug\src\platform\utilities\src\debug_console_imx.o
 .text.UART_Putchar
                0x1fff8c0c       0x20 obj\debug\src\platform\utilities\src\debug_console_imx.o
 .text.UART_Getchar
                0x1fff8c2c       0x1c obj\debug\src\platform\utilities\src\debug_console_imx.o
 .text.DbgConsole_Init
                0x1fff8c48       0x78 obj\debug\src\platform\utilities\src\debug_console_imx.o
                0x1fff8c48                DbgConsole_Init
 .text._write   0x1fff8cc0       0x5c obj\debug\src\platform\utilities\src\debug_console_imx.o
                0x1fff8cc0                _write
 .text._read    0x1fff8d1c       0x48 obj\debug\src\platform\utilities\src\debug_console_imx.o
                0x1fff8d1c                _read
 .text.debug_printf
                0x1fff8d64       0x50 obj\debug\src\platform\utilities\src\debug_console_imx.o
                0x1fff8d64                debug_printf
 .text.debug_putc
                0x1fff8db4       0x44 obj\debug\src\platform\utilities\src\debug_console_imx.o
 .text.UART_SendDataPolling
                0x1fff8df8       0x4c obj\debug\src\platform\utilities\src\debug_console_imx.o
 .text.UART_ReceiveDataPolling
                0x1fff8e44       0x4c obj\debug\src\platform\utilities\src\debug_console_imx.o
 .text._doprint
                0x1fff8e90      0x740 obj\debug\src\platform\utilities\src\print_scan.o
                0x1fff8e90                _doprint
 .text.mknumstr
                0x1fff95d0      0x10c obj\debug\src\platform\utilities\src\print_scan.o
 .text.fput_pad
                0x1fff96dc       0x40 obj\debug\src\platform\utilities\src\print_scan.o
 .text.__assert_func
                0x1fff971c       0x54 c:/program files/embitz/1.11/share/em_armgcc/bin/../lib/gcc/arm-none-eabi/5.4.1/../../../../arm-none-eabi/lib\libg_n.a(lib_a-assert.o)
                0x1fff971c                __assert_func
 .text.fprintf  0x1fff9770       0x38 c:/program files/embitz/1.11/share/em_armgcc/bin/../lib/gcc/arm-none-eabi/5.4.1/../../../../arm-none-eabi/lib\libg_n.a(lib_a-fprintf.o)
                0x1fff9770                fiprintf
                0x1fff9770                fprintf
 .text.__sfputc_r
                0x1fff97a8       0x54 c:/program files/embitz/1.11/share/em_armgcc/bin/../lib/gcc/arm-none-eabi/5.4.1/../../../../arm-none-eabi/lib\libg_n.a(lib_a-nano-vfprintf.o)
 .text.__sfputs_r
                0x1fff97fc       0x44 c:/program files/embitz/1.11/share/em_armgcc/bin/../lib/gcc/arm-none-eabi/5.4.1/../../../../arm-none-eabi/lib\libg_n.a(lib_a-nano-vfprintf.o)
                0x1fff97fc                __sfputs_r
 .text._vfprintf_r
                0x1fff9840      0x364 c:/program files/embitz/1.11/share/em_armgcc/bin/../lib/gcc/arm-none-eabi/5.4.1/../../../../arm-none-eabi/lib\libg_n.a(lib_a-nano-vfprintf.o)
                0x1fff9840                _vfprintf_r
                0x1fff9840                _vfiprintf_r
 .text._printf_common
                0x1fff9ba4      0x178 c:/program files/embitz/1.11/share/em_armgcc/bin/../lib/gcc/arm-none-eabi/5.4.1/../../../../arm-none-eabi/lib\libg_n.a(lib_a-nano-vfprintf_i.o)
                0x1fff9ba4                _printf_common
 .text._printf_i
                0x1fff9d1c      0x3cc c:/program files/embitz/1.11/share/em_armgcc/bin/../lib/gcc/arm-none-eabi/5.4.1/../../../../arm-none-eabi/lib\libg_n.a(lib_a-nano-vfprintf_i.o)
                0x1fff9d1c                _printf_i
 .text.__swbuf_r
                0x1fffa0e8      0x12c c:/program files/embitz/1.11/share/em_armgcc/bin/../lib/gcc/arm-none-eabi/5.4.1/../../../../arm-none-eabi/lib\libg_n.a(lib_a-wbuf.o)
                0x1fffa0e8                __swbuf_r
 .text.__swsetup_r
                0x1fffa214      0x164 c:/program files/embitz/1.11/share/em_armgcc/bin/../lib/gcc/arm-none-eabi/5.4.1/../../../../arm-none-eabi/lib\libg_n.a(lib_a-wsetup.o)
                0x1fffa214                __swsetup_r
 .text.abort    0x1fffa378       0x14 c:/program files/embitz/1.11/share/em_armgcc/bin/../lib/gcc/arm-none-eabi/5.4.1/../../../../arm-none-eabi/lib\libg_n.a(lib_a-abort.o)
                0x1fffa378                abort
 .text.__sflush_r
                0x1fffa38c      0x1e8 c:/program files/embitz/1.11/share/em_armgcc/bin/../lib/gcc/arm-none-eabi/5.4.1/../../../../arm-none-eabi/lib\libg_n.a(lib_a-fflush.o)
                0x1fffa38c                __sflush_r
 .text._fflush_r
                0x1fffa574       0x90 c:/program files/embitz/1.11/share/em_armgcc/bin/../lib/gcc/arm-none-eabi/5.4.1/../../../../arm-none-eabi/lib\libg_n.a(lib_a-fflush.o)
                0x1fffa574                _fflush_r
 .text._cleanup_r
                0x1fffa604       0x18 c:/program files/embitz/1.11/share/em_armgcc/bin/../lib/gcc/arm-none-eabi/5.4.1/../../../../arm-none-eabi/lib\libg_n.a(lib_a-findfp.o)
                0x1fffa604                _cleanup_r
 .text.std.isra.0
                0x1fffa61c       0x7c c:/program files/embitz/1.11/share/em_armgcc/bin/../lib/gcc/arm-none-eabi/5.4.1/../../../../arm-none-eabi/lib\libg_n.a(lib_a-findfp.o)
 .text.__sfmoreglue
                0x1fffa698       0x48 c:/program files/embitz/1.11/share/em_armgcc/bin/../lib/gcc/arm-none-eabi/5.4.1/../../../../arm-none-eabi/lib\libg_n.a(lib_a-findfp.o)
                0x1fffa698                __sfmoreglue
 .text.__sinit  0x1fffa6e0       0xa4 c:/program files/embitz/1.11/share/em_armgcc/bin/../lib/gcc/arm-none-eabi/5.4.1/../../../../arm-none-eabi/lib\libg_n.a(lib_a-findfp.o)
                0x1fffa6e0                __sinit
 .text.__sfp    0x1fffa784       0xd8 c:/program files/embitz/1.11/share/em_armgcc/bin/../lib/gcc/arm-none-eabi/5.4.1/../../../../arm-none-eabi/lib\libg_n.a(lib_a-findfp.o)
                0x1fffa784                __sfp
 .text._fwalk_reent
                0x1fffa85c       0x74 c:/program files/embitz/1.11/share/em_armgcc/bin/../lib/gcc/arm-none-eabi/5.4.1/../../../../arm-none-eabi/lib\libg_n.a(lib_a-fwalk.o)
                0x1fffa85c                _fwalk_reent
 .text.__swhatbuf_r
                0x1fffa8d0       0x7c c:/program files/embitz/1.11/share/em_armgcc/bin/../lib/gcc/arm-none-eabi/5.4.1/../../../../arm-none-eabi/lib\libg_n.a(lib_a-makebuf.o)
                0x1fffa8d0                __swhatbuf_r
 .text.__smakebuf_r
                0x1fffa94c       0xd0 c:/program files/embitz/1.11/share/em_armgcc/bin/../lib/gcc/arm-none-eabi/5.4.1/../../../../arm-none-eabi/lib\libg_n.a(lib_a-makebuf.o)
                0x1fffa94c                __smakebuf_r
 .text.memchr   0x1fffaa1c       0x34 c:/program files/embitz/1.11/share/em_armgcc/bin/../lib/gcc/arm-none-eabi/5.4.1/../../../../arm-none-eabi/lib\libg_n.a(lib_a-memchr-stub.o)
                0x1fffaa1c                memchr
 .text.memset   0x1fffaa50       0x18 c:/program files/embitz/1.11/share/em_armgcc/bin/../lib/gcc/arm-none-eabi/5.4.1/../../../../arm-none-eabi/lib\libg_n.a(lib_a-memset.o)
                0x1fffaa50                memset
 .text._free_r  0x1fffaa68      0x110 c:/program files/embitz/1.11/share/em_armgcc/bin/../lib/gcc/arm-none-eabi/5.4.1/../../../../arm-none-eabi/lib\libg_n.a(lib_a-nano-freer.o)
                0x1fffaa68                _free_r
 .text._malloc_r
                0x1fffab78      0x13c c:/program files/embitz/1.11/share/em_armgcc/bin/../lib/gcc/arm-none-eabi/5.4.1/../../../../arm-none-eabi/lib\libg_n.a(lib_a-nano-mallocr.o)
                0x1fffab78                _malloc_r
 .text._sbrk_r  0x1fffacb4       0x3c c:/program files/embitz/1.11/share/em_armgcc/bin/../lib/gcc/arm-none-eabi/5.4.1/../../../../arm-none-eabi/lib\libg_n.a(lib_a-sbrkr.o)
                0x1fffacb4                _sbrk_r
 .text._raise_r
                0x1fffacf0       0x98 c:/program files/embitz/1.11/share/em_armgcc/bin/../lib/gcc/arm-none-eabi/5.4.1/../../../../arm-none-eabi/lib\libg_n.a(lib_a-signal.o)
                0x1fffacf0                _raise_r
 .text.raise    0x1fffad88       0x14 c:/program files/embitz/1.11/share/em_armgcc/bin/../lib/gcc/arm-none-eabi/5.4.1/../../../../arm-none-eabi/lib\libg_n.a(lib_a-signal.o)
                0x1fffad88                raise
 .text._kill_r  0x1fffad9c       0x40 c:/program files/embitz/1.11/share/em_armgcc/bin/../lib/gcc/arm-none-eabi/5.4.1/../../../../arm-none-eabi/lib\libg_n.a(lib_a-signalr.o)
                0x1fffad9c                _kill_r
 .text._getpid_r
                0x1fffaddc       0x10 c:/program files/embitz/1.11/share/em_armgcc/bin/../lib/gcc/arm-none-eabi/5.4.1/../../../../arm-none-eabi/lib\libg_n.a(lib_a-signalr.o)
                0x1fffaddc                _getpid_r
 .text.__sread  0x1fffadec       0x34 c:/program files/embitz/1.11/share/em_armgcc/bin/../lib/gcc/arm-none-eabi/5.4.1/../../../../arm-none-eabi/lib\libg_n.a(lib_a-stdio.o)
                0x1fffadec                __sread
 .text.__swrite
                0x1fffae20       0x54 c:/program files/embitz/1.11/share/em_armgcc/bin/../lib/gcc/arm-none-eabi/5.4.1/../../../../arm-none-eabi/lib\libg_n.a(lib_a-stdio.o)
                0x1fffae20                __swrite
 .text.__sseek  0x1fffae74       0x34 c:/program files/embitz/1.11/share/em_armgcc/bin/../lib/gcc/arm-none-eabi/5.4.1/../../../../arm-none-eabi/lib\libg_n.a(lib_a-stdio.o)
                0x1fffae74                __sseek
 .text.__sclose
                0x1fffaea8       0x14 c:/program files/embitz/1.11/share/em_armgcc/bin/../lib/gcc/arm-none-eabi/5.4.1/../../../../arm-none-eabi/lib\libg_n.a(lib_a-stdio.o)
                0x1fffaea8                __sclose
 .text._write_r
                0x1fffaebc       0x44 c:/program files/embitz/1.11/share/em_armgcc/bin/../lib/gcc/arm-none-eabi/5.4.1/../../../../arm-none-eabi/lib\libg_n.a(lib_a-writer.o)
                0x1fffaebc                _write_r
 .text._close_r
                0x1fffaf00       0x3c c:/program files/embitz/1.11/share/em_armgcc/bin/../lib/gcc/arm-none-eabi/5.4.1/../../../../arm-none-eabi/lib\libg_n.a(lib_a-closer.o)
                0x1fffaf00                _close_r
 .text._fstat_r
                0x1fffaf3c       0x40 c:/program files/embitz/1.11/share/em_armgcc/bin/../lib/gcc/arm-none-eabi/5.4.1/../../../../arm-none-eabi/lib\libg_n.a(lib_a-fstatr.o)
                0x1fffaf3c                _fstat_r
 .text._isatty_r
                0x1fffaf7c       0x3c c:/program files/embitz/1.11/share/em_armgcc/bin/../lib/gcc/arm-none-eabi/5.4.1/../../../../arm-none-eabi/lib\libg_n.a(lib_a-isattyr.o)
                0x1fffaf7c                _isatty_r
 .text._lseek_r
                0x1fffafb8       0x44 c:/program files/embitz/1.11/share/em_armgcc/bin/../lib/gcc/arm-none-eabi/5.4.1/../../../../arm-none-eabi/lib\libg_n.a(lib_a-lseekr.o)
                0x1fffafb8                _lseek_r
 .text.__malloc_lock
                0x1fffaffc        0x4 c:/program files/embitz/1.11/share/em_armgcc/bin/../lib/gcc/arm-none-eabi/5.4.1/../../../../arm-none-eabi/lib\libg_n.a(lib_a-mlock.o)
                0x1fffaffc                __malloc_lock
 .text.__malloc_unlock
                0x1fffb000        0x4 c:/program files/embitz/1.11/share/em_armgcc/bin/../lib/gcc/arm-none-eabi/5.4.1/../../../../arm-none-eabi/lib\libg_n.a(lib_a-mlock.o)
                0x1fffb000                __malloc_unlock
 .text._read_r  0x1fffb004       0x44 c:/program files/embitz/1.11/share/em_armgcc/bin/../lib/gcc/arm-none-eabi/5.4.1/../../../../arm-none-eabi/lib\libg_n.a(lib_a-readr.o)
                0x1fffb004                _read_r
 .text._close   0x1fffb048       0x18 c:/program files/embitz/1.11/share/em_armgcc/bin/../lib/gcc/arm-none-eabi/5.4.1/../../../../arm-none-eabi/lib\libnosys_s.a(close.o)
                0x1fffb048                _close
 .text._fstat   0x1fffb060       0x18 c:/program files/embitz/1.11/share/em_armgcc/bin/../lib/gcc/arm-none-eabi/5.4.1/../../../../arm-none-eabi/lib\libnosys_s.a(fstat.o)
                0x1fffb060                _fstat
 .text._getpid  0x1fffb078       0x18 c:/program files/embitz/1.11/share/em_armgcc/bin/../lib/gcc/arm-none-eabi/5.4.1/../../../../arm-none-eabi/lib\libnosys_s.a(getpid.o)
                0x1fffb078                _getpid
 .text._isatty  0x1fffb090       0x18 c:/program files/embitz/1.11/share/em_armgcc/bin/../lib/gcc/arm-none-eabi/5.4.1/../../../../arm-none-eabi/lib\libnosys_s.a(isatty.o)
                0x1fffb090                _isatty
 .text._kill    0x1fffb0a8       0x18 c:/program files/embitz/1.11/share/em_armgcc/bin/../lib/gcc/arm-none-eabi/5.4.1/../../../../arm-none-eabi/lib\libnosys_s.a(kill.o)
                0x1fffb0a8                _kill
 .text._lseek   0x1fffb0c0       0x18 c:/program files/embitz/1.11/share/em_armgcc/bin/../lib/gcc/arm-none-eabi/5.4.1/../../../../arm-none-eabi/lib\libnosys_s.a(lseek.o)
                0x1fffb0c0                _lseek
 .text._sbrk    0x1fffb0d8       0x30 c:/program files/embitz/1.11/share/em_armgcc/bin/../lib/gcc/arm-none-eabi/5.4.1/../../../../arm-none-eabi/lib\libnosys_s.a(sbrk.o)
                0x1fffb0d8                _sbrk
 .text._exit    0x1fffb108        0x4 c:/program files/embitz/1.11/share/em_armgcc/bin/../lib/gcc/arm-none-eabi/5.4.1/../../../../arm-none-eabi/lib\libnosys_s.a(_exit.o)
                0x1fffb108                _exit
 *(.rodata)
 .rodata        0x1fffb10c        0xb obj\debug\src\app\hello_world\main.o
 *fill*         0x1fffb117        0x1 
 .rodata        0x1fffb118       0x44 obj\debug\src\board\udoo_neo\src\board.o
 .rodata        0x1fffb15c      0x12a obj\debug\src\platform\drivers\src\uart_imx.o
 *(.rodata*)
 *fill*         0x1fffb286        0x2 
 .rodata.__func__.8967
                0x1fffb288       0x10 obj\debug\src\board\udoo_neo\src\board.o
 .rodata.__func__.8234
                0x1fffb298        0xa obj\debug\src\platform\drivers\src\uart_imx.o
 .rodata.str1.1
                0x1fffb2a2       0x3c c:/program files/embitz/1.11/share/em_armgcc/bin/../lib/gcc/arm-none-eabi/5.4.1/../../../../arm-none-eabi/lib\libg_n.a(lib_a-assert.o)
                                 0x3d (size before relaxing)
 .rodata.str1.1
                0x1fffb2de        0x2 c:/program files/embitz/1.11/share/em_armgcc/bin/../lib/gcc/arm-none-eabi/5.4.1/../../../../arm-none-eabi/lib\libg_n.a(lib_a-impure.o)
 .rodata._global_impure_ptr
                0x1fffb2e0        0x4 c:/program files/embitz/1.11/share/em_armgcc/bin/../lib/gcc/arm-none-eabi/5.4.1/../../../../arm-none-eabi/lib\libg_n.a(lib_a-impure.o)
                0x1fffb2e0                _global_impure_ptr
 .rodata.str1.1
                0x1fffb2e4       0x11 c:/program files/embitz/1.11/share/em_armgcc/bin/../lib/gcc/arm-none-eabi/5.4.1/../../../../arm-none-eabi/lib\libg_n.a(lib_a-nano-vfprintf.o)
 .rodata.str1.1
                0x1fffb2f5       0x22 c:/program files/embitz/1.11/share/em_armgcc/bin/../lib/gcc/arm-none-eabi/5.4.1/../../../../arm-none-eabi/lib\libg_n.a(lib_a-nano-vfprintf_i.o)
 *fill*         0x1fffb317        0x1 
 .rodata.__sf_fake_stdin
                0x1fffb318       0x20 c:/program files/embitz/1.11/share/em_armgcc/bin/../lib/gcc/arm-none-eabi/5.4.1/../../../../arm-none-eabi/lib\libg_n.a(lib_a-findfp.o)
                0x1fffb318                __sf_fake_stdin
 .rodata.__sf_fake_stdout
                0x1fffb338       0x20 c:/program files/embitz/1.11/share/em_armgcc/bin/../lib/gcc/arm-none-eabi/5.4.1/../../../../arm-none-eabi/lib\libg_n.a(lib_a-findfp.o)
                0x1fffb338                __sf_fake_stdout
 .rodata.__sf_fake_stderr
                0x1fffb358       0x20 c:/program files/embitz/1.11/share/em_armgcc/bin/../lib/gcc/arm-none-eabi/5.4.1/../../../../arm-none-eabi/lib\libg_n.a(lib_a-findfp.o)
                0x1fffb358                __sf_fake_stderr
 *(.glue_7)
 .glue_7        0x1fffb378        0x0 linker stubs
 *(.glue_7t)
 .glue_7t       0x1fffb378        0x0 linker stubs
 *(.eh_frame)
 *(.init)
 *(.fini)
                0x1fffb378                . = ALIGN (0x4)

.vfp11_veneer   0x1fffb378        0x0
 .vfp11_veneer  0x1fffb378        0x0 linker stubs

.v4_bx          0x1fffb378        0x0
 .v4_bx         0x1fffb378        0x0 linker stubs

.iplt           0x1fffb378        0x0
 .iplt          0x1fffb378        0x0 obj\debug\src\app\hello_world\hardware_init.o

.rel.dyn        0x1fffb378        0x0
 .rel.iplt      0x1fffb378        0x0 obj\debug\src\app\hello_world\hardware_init.o

.ARM.extab
 *(.ARM.extab* .gnu.linkonce.armextab.*)

.ARM            0x1fffb378        0x0
                0x1fffb378                __exidx_start = .
 *(.ARM.exidx*)
                0x1fffb378                __exidx_end = .

.ctors          0x1fffb378        0x0
                0x1fffb378                __CTOR_LIST__ = .
 *crtbegin.o(.ctors)
 *crtbegin?.o(.ctors)
 *(EXCLUDE_FILE(*crtend.o *crtend?.o) .ctors)
 *(SORT(.ctors.*))
 *(.ctors)
                0x1fffb378                __CTOR_END__ = .

.dtors          0x1fffb378        0x0
                0x1fffb378                __DTOR_LIST__ = .
 *crtbegin.o(.dtors)
 *crtbegin?.o(.dtors)
 *(EXCLUDE_FILE(*crtend.o *crtend?.o) .dtors)
 *(SORT(.dtors.*))
 *(.dtors)
                0x1fffb378                __DTOR_END__ = .

.preinit_array  0x1fffb378        0x0
                [!provide]                PROVIDE (__preinit_array_start, .)
 *(.preinit_array*)
                [!provide]                PROVIDE (__preinit_array_end, .)

.init_array     0x1fffb378        0x0
                [!provide]                PROVIDE (__init_array_start, .)
 *(SORT(.init_array.*))
 *(.init_array*)
                [!provide]                PROVIDE (__init_array_end, .)

.fini_array     0x1fffb378        0x0
                [!provide]                PROVIDE (__fini_array_start, .)
 *(SORT(.fini_array.*))
 *(.fini_array*)
                [!provide]                PROVIDE (__fini_array_end, .)
                0x1fffb378                __etext = .
                0x1fffb378                __DATA_ROM = .

.data           0x20000000       0x68 load address 0x1fffb378
                0x20000000                . = ALIGN (0x4)
                0x20000000                __DATA_RAM = .
                0x20000000                __data_start__ = .
 *(.data)
 *(.data*)
 .data.SystemCoreClock
                0x20000000        0x4 obj\debug\src\platform\devices\mcimx6x\startup\system_mcimx6x_m4.o
                0x20000000                SystemCoreClock
 .data.impure_data
                0x20000004       0x60 c:/program files/embitz/1.11/share/em_armgcc/bin/../lib/gcc/arm-none-eabi/5.4.1/../../../../arm-none-eabi/lib\libg_n.a(lib_a-impure.o)
 .data._impure_ptr
                0x20000064        0x4 c:/program files/embitz/1.11/share/em_armgcc/bin/../lib/gcc/arm-none-eabi/5.4.1/../../../../arm-none-eabi/lib\libg_n.a(lib_a-impure.o)
                0x20000064                _impure_ptr
 *(.jcr*)
                0x20000068                . = ALIGN (0x4)
                0x20000068                __data_end__ = .
                0x1fffb3e0                __DATA_END = (__DATA_ROM + (__data_end__ - __data_start__))
                0x20000000                text_end = (ORIGIN (m_text) + LENGTH (m_text))
                0x00000001                ASSERT ((__DATA_END <= text_end), region m_text overflowed with text and data)

.igot.plt       0x20000068        0x0 load address 0x1fffb3e0
 .igot.plt      0x20000068        0x0 obj\debug\src\app\hello_world\hardware_init.o

.bss            0x20000068       0x20 load address 0x1fffb3e0
                0x20000068                . = ALIGN (0x4)
                0x20000068                __START_BSS = .
                0x20000068                __bss_start__ = .
 *(.bss)
 *(.bss*)
 .bss.s_debugConsole
                0x20000068       0x10 obj\debug\src\platform\utilities\src\debug_console_imx.o
 .bss.__malloc_sbrk_start
                0x20000078        0x4 c:/program files/embitz/1.11/share/em_armgcc/bin/../lib/gcc/arm-none-eabi/5.4.1/../../../../arm-none-eabi/lib\libg_n.a(lib_a-nano-mallocr.o)
                0x20000078                __malloc_sbrk_start
 .bss.__malloc_free_list
                0x2000007c        0x4 c:/program files/embitz/1.11/share/em_armgcc/bin/../lib/gcc/arm-none-eabi/5.4.1/../../../../arm-none-eabi/lib\libg_n.a(lib_a-nano-mallocr.o)
                0x2000007c                __malloc_free_list
 .bss.heap_end.4167
                0x20000080        0x4 c:/program files/embitz/1.11/share/em_armgcc/bin/../lib/gcc/arm-none-eabi/5.4.1/../../../../arm-none-eabi/lib\libnosys_s.a(sbrk.o)
 *(COMMON)
 COMMON         0x20000084        0x4 c:/program files/embitz/1.11/share/em_armgcc/bin/../lib/gcc/arm-none-eabi/5.4.1/../../../../arm-none-eabi/lib\libg_n.a(lib_a-reent.o)
                0x20000084                errno
                0x20000088                . = ALIGN (0x4)
                0x20000088                __bss_end__ = .
                0x20000088                __END_BSS = .

.heap           0x20000088      0x400 load address 0x1fffb400
                0x20000088                . = ALIGN (0x8)
                0x20000088                __end__ = .
                0x20000088                PROVIDE (end, .)
                0x20000088                __HeapBase = .
                0x20000488                . = (. + HEAP_SIZE)
 *fill*         0x20000088      0x400 
                0x20000488                __HeapLimit = .

.stack          0x20000488      0x400 load address 0x1fffb800
                0x20000488                . = ALIGN (0x8)
                0x20000888                . = (. + STACK_SIZE)
 *fill*         0x20000488      0x400 
                0x20008000                __StackTop = (ORIGIN (m_data) + LENGTH (m_data))
                0x20007c00                __StackLimit = (__StackTop - STACK_SIZE)
                [!provide]                PROVIDE (__stack, __StackTop)

.ARM.attributes
                0x00000000       0x35
 *(.ARM.attributes)
 .ARM.attributes
                0x00000000       0x35 obj\debug\src\app\hello_world\hardware_init.o
 .ARM.attributes
                0x00000035       0x35 obj\debug\src\app\hello_world\main.o
 .ARM.attributes
                0x0000006a       0x35 obj\debug\src\board\udoo_neo\src\board.o
 .ARM.attributes
                0x0000009f       0x35 obj\debug\src\board\udoo_neo\src\pin_mux.o
 .ARM.attributes
                0x000000d4       0x1b obj\debug\src\platform\devices\mcimx6x\startup\gcc\startup_mcimx6x_m4.o
 .ARM.attributes
                0x000000ef       0x35 obj\debug\src\platform\devices\mcimx6x\startup\system_mcimx6x_m4.o
 .ARM.attributes
                0x00000124       0x35 obj\debug\src\platform\drivers\src\uart_imx.o
 .ARM.attributes
                0x00000159       0x35 obj\debug\src\platform\utilities\src\debug_console_imx.o
 .ARM.attributes
                0x0000018e       0x35 obj\debug\src\platform\utilities\src\print_scan.o
 .ARM.attributes
                0x000001c3       0x18 c:/program files/embitz/1.11/share/em_armgcc/bin/../lib/gcc/arm-none-eabi/5.4.1\libgcc.a(_dvmd_tls.o)
 .ARM.attributes
                0x000001db       0x30 c:/program files/embitz/1.11/share/em_armgcc/bin/../lib/gcc/arm-none-eabi/5.4.1/../../../../arm-none-eabi/lib\libg_n.a(lib_a-assert.o)
 .ARM.attributes
                0x0000020b       0x30 c:/program files/embitz/1.11/share/em_armgcc/bin/../lib/gcc/arm-none-eabi/5.4.1/../../../../arm-none-eabi/lib\libg_n.a(lib_a-fprintf.o)
 .ARM.attributes
                0x0000023b       0x30 c:/program files/embitz/1.11/share/em_armgcc/bin/../lib/gcc/arm-none-eabi/5.4.1/../../../../arm-none-eabi/lib\libg_n.a(lib_a-impure.o)
 .ARM.attributes
                0x0000026b       0x30 c:/program files/embitz/1.11/share/em_armgcc/bin/../lib/gcc/arm-none-eabi/5.4.1/../../../../arm-none-eabi/lib\libg_n.a(lib_a-nano-vfprintf.o)
 .ARM.attributes
                0x0000029b       0x30 c:/program files/embitz/1.11/share/em_armgcc/bin/../lib/gcc/arm-none-eabi/5.4.1/../../../../arm-none-eabi/lib\libg_n.a(lib_a-nano-vfprintf_i.o)
 .ARM.attributes
                0x000002cb       0x1c c:/program files/embitz/1.11/share/em_armgcc/bin/../lib/gcc/arm-none-eabi/5.4.1/../../../../arm-none-eabi/lib\libg_n.a(lib_a-strlen.o)
 .ARM.attributes
                0x000002e7       0x30 c:/program files/embitz/1.11/share/em_armgcc/bin/../lib/gcc/arm-none-eabi/5.4.1/../../../../arm-none-eabi/lib\libg_n.a(lib_a-wbuf.o)
 .ARM.attributes
                0x00000317       0x30 c:/program files/embitz/1.11/share/em_armgcc/bin/../lib/gcc/arm-none-eabi/5.4.1/../../../../arm-none-eabi/lib\libg_n.a(lib_a-wsetup.o)
 .ARM.attributes
                0x00000347       0x30 c:/program files/embitz/1.11/share/em_armgcc/bin/../lib/gcc/arm-none-eabi/5.4.1/../../../../arm-none-eabi/lib\libg_n.a(lib_a-abort.o)
 .ARM.attributes
                0x00000377       0x30 c:/program files/embitz/1.11/share/em_armgcc/bin/../lib/gcc/arm-none-eabi/5.4.1/../../../../arm-none-eabi/lib\libg_n.a(lib_a-fflush.o)
 .ARM.attributes
                0x000003a7       0x30 c:/program files/embitz/1.11/share/em_armgcc/bin/../lib/gcc/arm-none-eabi/5.4.1/../../../../arm-none-eabi/lib\libg_n.a(lib_a-findfp.o)
 .ARM.attributes
                0x000003d7       0x30 c:/program files/embitz/1.11/share/em_armgcc/bin/../lib/gcc/arm-none-eabi/5.4.1/../../../../arm-none-eabi/lib\libg_n.a(lib_a-fwalk.o)
 .ARM.attributes
                0x00000407       0x30 c:/program files/embitz/1.11/share/em_armgcc/bin/../lib/gcc/arm-none-eabi/5.4.1/../../../../arm-none-eabi/lib\libg_n.a(lib_a-makebuf.o)
 .ARM.attributes
                0x00000437       0x30 c:/program files/embitz/1.11/share/em_armgcc/bin/../lib/gcc/arm-none-eabi/5.4.1/../../../../arm-none-eabi/lib\libg_n.a(lib_a-memchr-stub.o)
 .ARM.attributes
                0x00000467       0x30 c:/program files/embitz/1.11/share/em_armgcc/bin/../lib/gcc/arm-none-eabi/5.4.1/../../../../arm-none-eabi/lib\libg_n.a(lib_a-memset.o)
 .ARM.attributes
                0x00000497       0x30 c:/program files/embitz/1.11/share/em_armgcc/bin/../lib/gcc/arm-none-eabi/5.4.1/../../../../arm-none-eabi/lib\libg_n.a(lib_a-nano-freer.o)
 .ARM.attributes
                0x000004c7       0x30 c:/program files/embitz/1.11/share/em_armgcc/bin/../lib/gcc/arm-none-eabi/5.4.1/../../../../arm-none-eabi/lib\libg_n.a(lib_a-nano-mallocr.o)
 .ARM.attributes
                0x000004f7       0x30 c:/program files/embitz/1.11/share/em_armgcc/bin/../lib/gcc/arm-none-eabi/5.4.1/../../../../arm-none-eabi/lib\libg_n.a(lib_a-sbrkr.o)
 .ARM.attributes
                0x00000527       0x30 c:/program files/embitz/1.11/share/em_armgcc/bin/../lib/gcc/arm-none-eabi/5.4.1/../../../../arm-none-eabi/lib\libg_n.a(lib_a-signal.o)
 .ARM.attributes
                0x00000557       0x30 c:/program files/embitz/1.11/share/em_armgcc/bin/../lib/gcc/arm-none-eabi/5.4.1/../../../../arm-none-eabi/lib\libg_n.a(lib_a-signalr.o)
 .ARM.attributes
                0x00000587       0x30 c:/program files/embitz/1.11/share/em_armgcc/bin/../lib/gcc/arm-none-eabi/5.4.1/../../../../arm-none-eabi/lib\libg_n.a(lib_a-stdio.o)
 .ARM.attributes
                0x000005b7       0x30 c:/program files/embitz/1.11/share/em_armgcc/bin/../lib/gcc/arm-none-eabi/5.4.1/../../../../arm-none-eabi/lib\libg_n.a(lib_a-writer.o)
 .ARM.attributes
                0x000005e7       0x30 c:/program files/embitz/1.11/share/em_armgcc/bin/../lib/gcc/arm-none-eabi/5.4.1/../../../../arm-none-eabi/lib\libg_n.a(lib_a-closer.o)
 .ARM.attributes
                0x00000617       0x30 c:/program files/embitz/1.11/share/em_armgcc/bin/../lib/gcc/arm-none-eabi/5.4.1/../../../../arm-none-eabi/lib\libg_n.a(lib_a-fstatr.o)
 .ARM.attributes
                0x00000647       0x30 c:/program files/embitz/1.11/share/em_armgcc/bin/../lib/gcc/arm-none-eabi/5.4.1/../../../../arm-none-eabi/lib\libg_n.a(lib_a-isattyr.o)
 .ARM.attributes
                0x00000677       0x30 c:/program files/embitz/1.11/share/em_armgcc/bin/../lib/gcc/arm-none-eabi/5.4.1/../../../../arm-none-eabi/lib\libg_n.a(lib_a-lseekr.o)
 .ARM.attributes
                0x000006a7       0x30 c:/program files/embitz/1.11/share/em_armgcc/bin/../lib/gcc/arm-none-eabi/5.4.1/../../../../arm-none-eabi/lib\libg_n.a(lib_a-mlock.o)
 .ARM.attributes
                0x000006d7       0x30 c:/program files/embitz/1.11/share/em_armgcc/bin/../lib/gcc/arm-none-eabi/5.4.1/../../../../arm-none-eabi/lib\libg_n.a(lib_a-readr.o)
 .ARM.attributes
                0x00000707       0x30 c:/program files/embitz/1.11/share/em_armgcc/bin/../lib/gcc/arm-none-eabi/5.4.1/../../../../arm-none-eabi/lib\libg_n.a(lib_a-reent.o)
 .ARM.attributes
                0x00000737       0x18 c:/program files/embitz/1.11/share/em_armgcc/bin/../lib/gcc/arm-none-eabi/5.4.1\libgcc.a(_udivsi3.o)
 .ARM.attributes
                0x0000074f       0x30 c:/program files/embitz/1.11/share/em_armgcc/bin/../lib/gcc/arm-none-eabi/5.4.1/../../../../arm-none-eabi/lib\libnosys_s.a(close.o)
 .ARM.attributes
                0x0000077f       0x30 c:/program files/embitz/1.11/share/em_armgcc/bin/../lib/gcc/arm-none-eabi/5.4.1/../../../../arm-none-eabi/lib\libnosys_s.a(fstat.o)
 .ARM.attributes
                0x000007af       0x30 c:/program files/embitz/1.11/share/em_armgcc/bin/../lib/gcc/arm-none-eabi/5.4.1/../../../../arm-none-eabi/lib\libnosys_s.a(getpid.o)
 .ARM.attributes
                0x000007df       0x30 c:/program files/embitz/1.11/share/em_armgcc/bin/../lib/gcc/arm-none-eabi/5.4.1/../../../../arm-none-eabi/lib\libnosys_s.a(isatty.o)
 .ARM.attributes
                0x0000080f       0x30 c:/program files/embitz/1.11/share/em_armgcc/bin/../lib/gcc/arm-none-eabi/5.4.1/../../../../arm-none-eabi/lib\libnosys_s.a(kill.o)
 .ARM.attributes
                0x0000083f       0x30 c:/program files/embitz/1.11/share/em_armgcc/bin/../lib/gcc/arm-none-eabi/5.4.1/../../../../arm-none-eabi/lib\libnosys_s.a(lseek.o)
 .ARM.attributes
                0x0000086f       0x30 c:/program files/embitz/1.11/share/em_armgcc/bin/../lib/gcc/arm-none-eabi/5.4.1/../../../../arm-none-eabi/lib\libnosys_s.a(sbrk.o)
 .ARM.attributes
                0x0000089f       0x30 c:/program files/embitz/1.11/share/em_armgcc/bin/../lib/gcc/arm-none-eabi/5.4.1/../../../../arm-none-eabi/lib\libnosys_s.a(_exit.o)
                0x00000001                ASSERT ((__StackLimit >= __HeapLimit), region m_data overflowed with stack and heap)
LOAD obj\debug\src\app\hello_world\hardware_init.o
LOAD obj\debug\src\app\hello_world\main.o
LOAD obj\debug\src\board\udoo_neo\src\board.o
LOAD obj\debug\src\board\udoo_neo\src\clock_freq.o
LOAD obj\debug\src\board\udoo_neo\src\gpio_pins.o
LOAD obj\debug\src\board\udoo_neo\src\pin_mux.o
LOAD obj\debug\src\platform\devices\mcimx6x\startup\gcc\startup_mcimx6x_m4.o
LOAD obj\debug\src\platform\devices\mcimx6x\startup\system_mcimx6x_m4.o
LOAD obj\debug\src\platform\drivers\src\adc_imx6sx.o
LOAD obj\debug\src\platform\drivers\src\ccm_analog_imx6sx.o
LOAD obj\debug\src\platform\drivers\src\ccm_imx6sx.o
LOAD obj\debug\src\platform\drivers\src\ecspi.o
LOAD obj\debug\src\platform\drivers\src\epit.o
LOAD obj\debug\src\platform\drivers\src\flexcan.o
LOAD obj\debug\src\platform\drivers\src\gpio_imx.o
LOAD obj\debug\src\platform\drivers\src\i2c_imx.o
LOAD obj\debug\src\platform\drivers\src\lmem.o
LOAD obj\debug\src\platform\drivers\src\mu_imx.o
LOAD obj\debug\src\platform\drivers\src\rdc.o
LOAD obj\debug\src\platform\drivers\src\rdc_semaphore.o
LOAD obj\debug\src\platform\drivers\src\sema4.o
LOAD obj\debug\src\platform\drivers\src\uart_imx.o
LOAD obj\debug\src\platform\drivers\src\wdog_imx.o
LOAD obj\debug\src\platform\utilities\src\debug_console_imx.o
LOAD obj\debug\src\platform\utilities\src\print_scan.o
START GROUP
LOAD c:/program files/embitz/1.11/share/em_armgcc/bin/../lib/gcc/arm-none-eabi/5.4.1\libgcc.a
LOAD c:/program files/embitz/1.11/share/em_armgcc/bin/../lib/gcc/arm-none-eabi/5.4.1/../../../../arm-none-eabi/lib\libg_n.a
LOAD c:/program files/embitz/1.11/share/em_armgcc/bin/../lib/gcc/arm-none-eabi/5.4.1/../../../../arm-none-eabi/lib\libc_n.a
END GROUP
START GROUP
LOAD c:/program files/embitz/1.11/share/em_armgcc/bin/../lib/gcc/arm-none-eabi/5.4.1\libgcc.a
LOAD c:/program files/embitz/1.11/share/em_armgcc/bin/../lib/gcc/arm-none-eabi/5.4.1/../../../../arm-none-eabi/lib\libc_n.a
LOAD c:/program files/embitz/1.11/share/em_armgcc/bin/../lib/gcc/arm-none-eabi/5.4.1/../../../../arm-none-eabi/lib\libnosys_s.a
END GROUP
OUTPUT(bin\Debug\Cortex_M4.elf elf32-littlearm)

.debug_info     0x00000000     0x6139
 .debug_info    0x00000000       0xab obj\debug\src\app\hello_world\hardware_init.o
 .debug_info    0x000000ab      0x7ff obj\debug\src\app\hello_world\main.o
 .debug_info    0x000008aa     0x11b6 obj\debug\src\board\udoo_neo\src\board.o
 .debug_info    0x00001a60     0x2442 obj\debug\src\board\udoo_neo\src\pin_mux.o
 .debug_info    0x00003ea2       0xa5 obj\debug\src\platform\devices\mcimx6x\startup\gcc\startup_mcimx6x_m4.o
 .debug_info    0x00003f47      0x944 obj\debug\src\platform\devices\mcimx6x\startup\system_mcimx6x_m4.o
 .debug_info    0x0000488b      0x9f7 obj\debug\src\platform\drivers\src\uart_imx.o
 .debug_info    0x00005282      0x8d0 obj\debug\src\platform\utilities\src\debug_console_imx.o
 .debug_info    0x00005b52      0x5e7 obj\debug\src\platform\utilities\src\print_scan.o

.debug_abbrev   0x00000000      0xbe5
 .debug_abbrev  0x00000000       0x67 obj\debug\src\app\hello_world\hardware_init.o
 .debug_abbrev  0x00000067      0x17b obj\debug\src\app\hello_world\main.o
 .debug_abbrev  0x000001e2      0x1ba obj\debug\src\board\udoo_neo\src\board.o
 .debug_abbrev  0x0000039c      0x136 obj\debug\src\board\udoo_neo\src\pin_mux.o
 .debug_abbrev  0x000004d2       0x14 obj\debug\src\platform\devices\mcimx6x\startup\gcc\startup_mcimx6x_m4.o
 .debug_abbrev  0x000004e6      0x14d obj\debug\src\platform\devices\mcimx6x\startup\system_mcimx6x_m4.o
 .debug_abbrev  0x00000633      0x1c6 obj\debug\src\platform\drivers\src\uart_imx.o
 .debug_abbrev  0x000007f9      0x253 obj\debug\src\platform\utilities\src\debug_console_imx.o
 .debug_abbrev  0x00000a4c      0x199 obj\debug\src\platform\utilities\src\print_scan.o

.debug_aranges  0x00000000      0x308
 .debug_aranges
                0x00000000       0x20 obj\debug\src\app\hello_world\hardware_init.o
 .debug_aranges
                0x00000020       0x40 obj\debug\src\app\hello_world\main.o
 .debug_aranges
                0x00000060       0x60 obj\debug\src\board\udoo_neo\src\board.o
 .debug_aranges
                0x000000c0       0x40 obj\debug\src\board\udoo_neo\src\pin_mux.o
 .debug_aranges
                0x00000100       0x20 obj\debug\src\platform\devices\mcimx6x\startup\gcc\startup_mcimx6x_m4.o
 .debug_aranges
                0x00000120       0x28 obj\debug\src\platform\devices\mcimx6x\startup\system_mcimx6x_m4.o
 .debug_aranges
                0x00000148       0xe8 obj\debug\src\platform\drivers\src\uart_imx.o
 .debug_aranges
                0x00000230       0x90 obj\debug\src\platform\utilities\src\debug_console_imx.o
 .debug_aranges
                0x000002c0       0x48 obj\debug\src\platform\utilities\src\print_scan.o

.debug_ranges   0x00000000      0x268
 .debug_ranges  0x00000000       0x10 obj\debug\src\app\hello_world\hardware_init.o
 .debug_ranges  0x00000010       0x30 obj\debug\src\app\hello_world\main.o
 .debug_ranges  0x00000040       0x50 obj\debug\src\board\udoo_neo\src\board.o
 .debug_ranges  0x00000090       0x30 obj\debug\src\board\udoo_neo\src\pin_mux.o
 .debug_ranges  0x000000c0       0x18 obj\debug\src\platform\devices\mcimx6x\startup\system_mcimx6x_m4.o
 .debug_ranges  0x000000d8       0xd8 obj\debug\src\platform\drivers\src\uart_imx.o
 .debug_ranges  0x000001b0       0x80 obj\debug\src\platform\utilities\src\debug_console_imx.o
 .debug_ranges  0x00000230       0x38 obj\debug\src\platform\utilities\src\print_scan.o

.debug_line     0x00000000     0x18a0
 .debug_line    0x00000000      0x13b obj\debug\src\app\hello_world\hardware_init.o
 .debug_line    0x0000013b      0x20d obj\debug\src\app\hello_world\main.o
 .debug_line    0x00000348      0x2ba obj\debug\src\board\udoo_neo\src\board.o
 .debug_line    0x00000602      0x23e obj\debug\src\board\udoo_neo\src\pin_mux.o
 .debug_line    0x00000840       0x9e obj\debug\src\platform\devices\mcimx6x\startup\gcc\startup_mcimx6x_m4.o
 .debug_line    0x000008de      0x2a0 obj\debug\src\platform\devices\mcimx6x\startup\system_mcimx6x_m4.o
 .debug_line    0x00000b7e      0x42d obj\debug\src\platform\drivers\src\uart_imx.o
 .debug_line    0x00000fab      0x3de obj\debug\src\platform\utilities\src\debug_console_imx.o
 .debug_line    0x00001389      0x517 obj\debug\src\platform\utilities\src\print_scan.o

.debug_str      0x00000000     0x6df3
 .debug_str     0x00000000      0x18c obj\debug\src\app\hello_world\hardware_init.o
                                0x1c8 (size before relaxing)
 .debug_str     0x0000018c      0x886 obj\debug\src\app\hello_world\main.o
                                0xa3d (size before relaxing)
 .debug_str     0x00000a12     0x1896 obj\debug\src\board\udoo_neo\src\board.o
                               0x1a79 (size before relaxing)
 .debug_str     0x000022a8     0x3c74 obj\debug\src\board\udoo_neo\src\pin_mux.o
                               0x3ecd (size before relaxing)
 .debug_str     0x00005f1c      0x35c obj\debug\src\platform\devices\mcimx6x\startup\system_mcimx6x_m4.o
                                0x67e (size before relaxing)
 .debug_str     0x00006278      0x3db obj\debug\src\platform\drivers\src\uart_imx.o
                                0x63c (size before relaxing)
 .debug_str     0x00006653      0x615 obj\debug\src\platform\utilities\src\debug_console_imx.o
                                0x917 (size before relaxing)
 .debug_str     0x00006c68      0x18b obj\debug\src\platform\utilities\src\print_scan.o
                                0x38c (size before relaxing)

.comment        0x00000000       0x6e
 .comment       0x00000000       0x6e obj\debug\src\app\hello_world\hardware_init.o
                                 0x6f (size before relaxing)
 .comment       0x0000006e       0x6f obj\debug\src\app\hello_world\main.o
 .comment       0x0000006e       0x6f obj\debug\src\board\udoo_neo\src\board.o
 .comment       0x0000006e       0x6f obj\debug\src\board\udoo_neo\src\pin_mux.o
 .comment       0x0000006e       0x6f obj\debug\src\platform\devices\mcimx6x\startup\system_mcimx6x_m4.o
 .comment       0x0000006e       0x6f obj\debug\src\platform\drivers\src\uart_imx.o
 .comment       0x0000006e       0x6f obj\debug\src\platform\utilities\src\debug_console_imx.o
 .comment       0x0000006e       0x6f obj\debug\src\platform\utilities\src\print_scan.o

.debug_frame    0x00000000     0x15ac
 .debug_frame   0x00000000       0x2c obj\debug\src\app\hello_world\hardware_init.o
 .debug_frame   0x0000002c       0xbc obj\debug\src\app\hello_world\main.o
 .debug_frame   0x000000e8      0x158 obj\debug\src\board\udoo_neo\src\board.o
 .debug_frame   0x00000240       0xd8 obj\debug\src\board\udoo_neo\src\pin_mux.o
 .debug_frame   0x00000318       0x60 obj\debug\src\platform\devices\mcimx6x\startup\system_mcimx6x_m4.o
 .debug_frame   0x00000378      0x408 obj\debug\src\platform\drivers\src\uart_imx.o
 .debug_frame   0x00000780      0x264 obj\debug\src\platform\utilities\src\debug_console_imx.o
 .debug_frame   0x000009e4       0xfc obj\debug\src\platform\utilities\src\print_scan.o
 .debug_frame   0x00000ae0       0x40 c:/program files/embitz/1.11/share/em_armgcc/bin/../lib/gcc/arm-none-eabi/5.4.1/../../../../arm-none-eabi/lib\libg_n.a(lib_a-assert.o)
 .debug_frame   0x00000b20       0x64 c:/program files/embitz/1.11/share/em_armgcc/bin/../lib/gcc/arm-none-eabi/5.4.1/../../../../arm-none-eabi/lib\libg_n.a(lib_a-fprintf.o)
 .debug_frame   0x00000b84       0xc4 c:/program files/embitz/1.11/share/em_armgcc/bin/../lib/gcc/arm-none-eabi/5.4.1/../../../../arm-none-eabi/lib\libg_n.a(lib_a-nano-vfprintf.o)
 .debug_frame   0x00000c48       0x7c c:/program files/embitz/1.11/share/em_armgcc/bin/../lib/gcc/arm-none-eabi/5.4.1/../../../../arm-none-eabi/lib\libg_n.a(lib_a-nano-vfprintf_i.o)
 .debug_frame   0x00000cc4       0x4c c:/program files/embitz/1.11/share/em_armgcc/bin/../lib/gcc/arm-none-eabi/5.4.1/../../../../arm-none-eabi/lib\libg_n.a(lib_a-wbuf.o)
 .debug_frame   0x00000d10       0x34 c:/program files/embitz/1.11/share/em_armgcc/bin/../lib/gcc/arm-none-eabi/5.4.1/../../../../arm-none-eabi/lib\libg_n.a(lib_a-wsetup.o)
 .debug_frame   0x00000d44       0x28 c:/program files/embitz/1.11/share/em_armgcc/bin/../lib/gcc/arm-none-eabi/5.4.1/../../../../arm-none-eabi/lib\libg_n.a(lib_a-abort.o)
 .debug_frame   0x00000d6c       0x84 c:/program files/embitz/1.11/share/em_armgcc/bin/../lib/gcc/arm-none-eabi/5.4.1/../../../../arm-none-eabi/lib\libg_n.a(lib_a-fflush.o)
 .debug_frame   0x00000df0      0x160 c:/program files/embitz/1.11/share/em_armgcc/bin/../lib/gcc/arm-none-eabi/5.4.1/../../../../arm-none-eabi/lib\libg_n.a(lib_a-findfp.o)
 .debug_frame   0x00000f50       0x68 c:/program files/embitz/1.11/share/em_armgcc/bin/../lib/gcc/arm-none-eabi/5.4.1/../../../../arm-none-eabi/lib\libg_n.a(lib_a-fwalk.o)
 .debug_frame   0x00000fb8       0x60 c:/program files/embitz/1.11/share/em_armgcc/bin/../lib/gcc/arm-none-eabi/5.4.1/../../../../arm-none-eabi/lib\libg_n.a(lib_a-makebuf.o)
 .debug_frame   0x00001018       0x20 c:/program files/embitz/1.11/share/em_armgcc/bin/../lib/gcc/arm-none-eabi/5.4.1/../../../../arm-none-eabi/lib\libg_n.a(lib_a-memchr-stub.o)
 .debug_frame   0x00001038       0x20 c:/program files/embitz/1.11/share/em_armgcc/bin/../lib/gcc/arm-none-eabi/5.4.1/../../../../arm-none-eabi/lib\libg_n.a(lib_a-memset.o)
 .debug_frame   0x00001058       0x34 c:/program files/embitz/1.11/share/em_armgcc/bin/../lib/gcc/arm-none-eabi/5.4.1/../../../../arm-none-eabi/lib\libg_n.a(lib_a-nano-freer.o)
 .debug_frame   0x0000108c       0x34 c:/program files/embitz/1.11/share/em_armgcc/bin/../lib/gcc/arm-none-eabi/5.4.1/../../../../arm-none-eabi/lib\libg_n.a(lib_a-nano-mallocr.o)
 .debug_frame   0x000010c0       0x34 c:/program files/embitz/1.11/share/em_armgcc/bin/../lib/gcc/arm-none-eabi/5.4.1/../../../../arm-none-eabi/lib\libg_n.a(lib_a-sbrkr.o)
 .debug_frame   0x000010f4       0xe0 c:/program files/embitz/1.11/share/em_armgcc/bin/../lib/gcc/arm-none-eabi/5.4.1/../../../../arm-none-eabi/lib\libg_n.a(lib_a-signal.o)
 .debug_frame   0x000011d4       0x50 c:/program files/embitz/1.11/share/em_armgcc/bin/../lib/gcc/arm-none-eabi/5.4.1/../../../../arm-none-eabi/lib\libg_n.a(lib_a-signalr.o)
 .debug_frame   0x00001224       0x9c c:/program files/embitz/1.11/share/em_armgcc/bin/../lib/gcc/arm-none-eabi/5.4.1/../../../../arm-none-eabi/lib\libg_n.a(lib_a-stdio.o)
 .debug_frame   0x000012c0       0x34 c:/program files/embitz/1.11/share/em_armgcc/bin/../lib/gcc/arm-none-eabi/5.4.1/../../../../arm-none-eabi/lib\libg_n.a(lib_a-writer.o)
 .debug_frame   0x000012f4       0x34 c:/program files/embitz/1.11/share/em_armgcc/bin/../lib/gcc/arm-none-eabi/5.4.1/../../../../arm-none-eabi/lib\libg_n.a(lib_a-closer.o)
 .debug_frame   0x00001328       0x34 c:/program files/embitz/1.11/share/em_armgcc/bin/../lib/gcc/arm-none-eabi/5.4.1/../../../../arm-none-eabi/lib\libg_n.a(lib_a-fstatr.o)
 .debug_frame   0x0000135c       0x34 c:/program files/embitz/1.11/share/em_armgcc/bin/../lib/gcc/arm-none-eabi/5.4.1/../../../../arm-none-eabi/lib\libg_n.a(lib_a-isattyr.o)
 .debug_frame   0x00001390       0x34 c:/program files/embitz/1.11/share/em_armgcc/bin/../lib/gcc/arm-none-eabi/5.4.1/../../../../arm-none-eabi/lib\libg_n.a(lib_a-lseekr.o)
 .debug_frame   0x000013c4       0x30 c:/program files/embitz/1.11/share/em_armgcc/bin/../lib/gcc/arm-none-eabi/5.4.1/../../../../arm-none-eabi/lib\libg_n.a(lib_a-mlock.o)
 .debug_frame   0x000013f4       0x34 c:/program files/embitz/1.11/share/em_armgcc/bin/../lib/gcc/arm-none-eabi/5.4.1/../../../../arm-none-eabi/lib\libg_n.a(lib_a-readr.o)
 .debug_frame   0x00001428       0x64 c:/program files/embitz/1.11/share/em_armgcc/bin/../lib/gcc/arm-none-eabi/5.4.1/../../../../arm-none-eabi/lib\libg_n.a(lib_a-reent.o)
 .debug_frame   0x0000148c       0x20 c:/program files/embitz/1.11/share/em_armgcc/bin/../lib/gcc/arm-none-eabi/5.4.1\libgcc.a(_udivsi3.o)
 .debug_frame   0x000014ac       0x20 c:/program files/embitz/1.11/share/em_armgcc/bin/../lib/gcc/arm-none-eabi/5.4.1/../../../../arm-none-eabi/lib\libnosys_s.a(close.o)
 .debug_frame   0x000014cc       0x20 c:/program files/embitz/1.11/share/em_armgcc/bin/../lib/gcc/arm-none-eabi/5.4.1/../../../../arm-none-eabi/lib\libnosys_s.a(fstat.o)
 .debug_frame   0x000014ec       0x20 c:/program files/embitz/1.11/share/em_armgcc/bin/../lib/gcc/arm-none-eabi/5.4.1/../../../../arm-none-eabi/lib\libnosys_s.a(getpid.o)
 .debug_frame   0x0000150c       0x20 c:/program files/embitz/1.11/share/em_armgcc/bin/../lib/gcc/arm-none-eabi/5.4.1/../../../../arm-none-eabi/lib\libnosys_s.a(isatty.o)
 .debug_frame   0x0000152c       0x20 c:/program files/embitz/1.11/share/em_armgcc/bin/../lib/gcc/arm-none-eabi/5.4.1/../../../../arm-none-eabi/lib\libnosys_s.a(kill.o)
 .debug_frame   0x0000154c       0x20 c:/program files/embitz/1.11/share/em_armgcc/bin/../lib/gcc/arm-none-eabi/5.4.1/../../../../arm-none-eabi/lib\libnosys_s.a(lseek.o)
 .debug_frame   0x0000156c       0x20 c:/program files/embitz/1.11/share/em_armgcc/bin/../lib/gcc/arm-none-eabi/5.4.1/../../../../arm-none-eabi/lib\libnosys_s.a(sbrk.o)
 .debug_frame   0x0000158c       0x20 c:/program files/embitz/1.11/share/em_armgcc/bin/../lib/gcc/arm-none-eabi/5.4.1/../../../../arm-none-eabi/lib\libnosys_s.a(_exit.o)

.stab           0x00000000       0x9c
 .stab          0x00000000       0x24 c:/program files/embitz/1.11/share/em_armgcc/bin/../lib/gcc/arm-none-eabi/5.4.1/../../../../arm-none-eabi/lib\libnosys_s.a(close.o)
 .stab          0x00000024       0x18 c:/program files/embitz/1.11/share/em_armgcc/bin/../lib/gcc/arm-none-eabi/5.4.1/../../../../arm-none-eabi/lib\libnosys_s.a(fstat.o)
                                 0x24 (size before relaxing)
 .stab          0x0000003c       0x18 c:/program files/embitz/1.11/share/em_armgcc/bin/../lib/gcc/arm-none-eabi/5.4.1/../../../../arm-none-eabi/lib\libnosys_s.a(getpid.o)
                                 0x24 (size before relaxing)
 .stab          0x00000054       0x18 c:/program files/embitz/1.11/share/em_armgcc/bin/../lib/gcc/arm-none-eabi/5.4.1/../../../../arm-none-eabi/lib\libnosys_s.a(isatty.o)
                                 0x24 (size before relaxing)
 .stab          0x0000006c       0x18 c:/program files/embitz/1.11/share/em_armgcc/bin/../lib/gcc/arm-none-eabi/5.4.1/../../../../arm-none-eabi/lib\libnosys_s.a(kill.o)
                                 0x24 (size before relaxing)
 .stab          0x00000084       0x18 c:/program files/embitz/1.11/share/em_armgcc/bin/../lib/gcc/arm-none-eabi/5.4.1/../../../../arm-none-eabi/lib\libnosys_s.a(lseek.o)
                                 0x24 (size before relaxing)

.stabstr        0x00000000      0x14f
 .stabstr       0x00000000      0x14f c:/program files/embitz/1.11/share/em_armgcc/bin/../lib/gcc/arm-none-eabi/5.4.1/../../../../arm-none-eabi/lib\libnosys_s.a(close.o)
